Archive member included to satisfy reference by file (symbol)

/Applications/STM32CubeIDE.app/Contents/Eclipse/plugins/com.st.stm32cube.ide.mcu.externaltools.gnu-tools-for-stm32.11.3.rel1.macos64_1.1.1.202309131626/tools/bin/../lib/gcc/arm-none-eabi/11.3.1/../../../../arm-none-eabi/lib/thumb/v7e-m+dp/hard/libc_nano.a(libc_a-exit.o)
                              /Applications/STM32CubeIDE.app/Contents/Eclipse/plugins/com.st.stm32cube.ide.mcu.externaltools.gnu-tools-for-stm32.11.3.rel1.macos64_1.1.1.202309131626/tools/bin/../lib/gcc/arm-none-eabi/11.3.1/../../../../arm-none-eabi/lib/thumb/v7e-m+dp/hard/crt0.o (exit)
/Applications/STM32CubeIDE.app/Contents/Eclipse/plugins/com.st.stm32cube.ide.mcu.externaltools.gnu-tools-for-stm32.11.3.rel1.macos64_1.1.1.202309131626/tools/bin/../lib/gcc/arm-none-eabi/11.3.1/../../../../arm-none-eabi/lib/thumb/v7e-m+dp/hard/libc_nano.a(libc_a-malloc.o)
                              ./Core/Src/node.o (malloc)
/Applications/STM32CubeIDE.app/Contents/Eclipse/plugins/com.st.stm32cube.ide.mcu.externaltools.gnu-tools-for-stm32.11.3.rel1.macos64_1.1.1.202309131626/tools/bin/../lib/gcc/arm-none-eabi/11.3.1/../../../../arm-none-eabi/lib/thumb/v7e-m+dp/hard/libc_nano.a(libc_a-mallocr.o)
                              /Applications/STM32CubeIDE.app/Contents/Eclipse/plugins/com.st.stm32cube.ide.mcu.externaltools.gnu-tools-for-stm32.11.3.rel1.macos64_1.1.1.202309131626/tools/bin/../lib/gcc/arm-none-eabi/11.3.1/../../../../arm-none-eabi/lib/thumb/v7e-m+dp/hard/libc_nano.a(libc_a-malloc.o) (_malloc_r)
/Applications/STM32CubeIDE.app/Contents/Eclipse/plugins/com.st.stm32cube.ide.mcu.externaltools.gnu-tools-for-stm32.11.3.rel1.macos64_1.1.1.202309131626/tools/bin/../lib/gcc/arm-none-eabi/11.3.1/../../../../arm-none-eabi/lib/thumb/v7e-m+dp/hard/libc_nano.a(libc_a-mlock.o)
                              /Applications/STM32CubeIDE.app/Contents/Eclipse/plugins/com.st.stm32cube.ide.mcu.externaltools.gnu-tools-for-stm32.11.3.rel1.macos64_1.1.1.202309131626/tools/bin/../lib/gcc/arm-none-eabi/11.3.1/../../../../arm-none-eabi/lib/thumb/v7e-m+dp/hard/libc_nano.a(libc_a-mallocr.o) (__malloc_lock)
/Applications/STM32CubeIDE.app/Contents/Eclipse/plugins/com.st.stm32cube.ide.mcu.externaltools.gnu-tools-for-stm32.11.3.rel1.macos64_1.1.1.202309131626/tools/bin/../lib/gcc/arm-none-eabi/11.3.1/../../../../arm-none-eabi/lib/thumb/v7e-m+dp/hard/libc_nano.a(libc_a-rand.o)
                              ./Core/Src/main_user.o (rand)
/Applications/STM32CubeIDE.app/Contents/Eclipse/plugins/com.st.stm32cube.ide.mcu.externaltools.gnu-tools-for-stm32.11.3.rel1.macos64_1.1.1.202309131626/tools/bin/../lib/gcc/arm-none-eabi/11.3.1/../../../../arm-none-eabi/lib/thumb/v7e-m+dp/hard/libc_nano.a(libc_a-findfp.o)
                              ./Middlewares/Third_Party/FreeRTOS/Source/tasks.o (__sf)
/Applications/STM32CubeIDE.app/Contents/Eclipse/plugins/com.st.stm32cube.ide.mcu.externaltools.gnu-tools-for-stm32.11.3.rel1.macos64_1.1.1.202309131626/tools/bin/../lib/gcc/arm-none-eabi/11.3.1/../../../../arm-none-eabi/lib/thumb/v7e-m+dp/hard/libc_nano.a(libc_a-fwalk.o)
                              /Applications/STM32CubeIDE.app/Contents/Eclipse/plugins/com.st.stm32cube.ide.mcu.externaltools.gnu-tools-for-stm32.11.3.rel1.macos64_1.1.1.202309131626/tools/bin/../lib/gcc/arm-none-eabi/11.3.1/../../../../arm-none-eabi/lib/thumb/v7e-m+dp/hard/libc_nano.a(libc_a-findfp.o) (_fwalk_sglue)
/Applications/STM32CubeIDE.app/Contents/Eclipse/plugins/com.st.stm32cube.ide.mcu.externaltools.gnu-tools-for-stm32.11.3.rel1.macos64_1.1.1.202309131626/tools/bin/../lib/gcc/arm-none-eabi/11.3.1/../../../../arm-none-eabi/lib/thumb/v7e-m+dp/hard/libc_nano.a(libc_a-memset.o)
                              /Applications/STM32CubeIDE.app/Contents/Eclipse/plugins/com.st.stm32cube.ide.mcu.externaltools.gnu-tools-for-stm32.11.3.rel1.macos64_1.1.1.202309131626/tools/bin/../lib/gcc/arm-none-eabi/11.3.1/../../../../arm-none-eabi/lib/thumb/v7e-m+dp/hard/crt0.o (memset)
/Applications/STM32CubeIDE.app/Contents/Eclipse/plugins/com.st.stm32cube.ide.mcu.externaltools.gnu-tools-for-stm32.11.3.rel1.macos64_1.1.1.202309131626/tools/bin/../lib/gcc/arm-none-eabi/11.3.1/../../../../arm-none-eabi/lib/thumb/v7e-m+dp/hard/libc_nano.a(libc_a-reent.o)
                              ./Middlewares/Third_Party/FreeRTOS/Source/tasks.o (_reclaim_reent)
/Applications/STM32CubeIDE.app/Contents/Eclipse/plugins/com.st.stm32cube.ide.mcu.externaltools.gnu-tools-for-stm32.11.3.rel1.macos64_1.1.1.202309131626/tools/bin/../lib/gcc/arm-none-eabi/11.3.1/../../../../arm-none-eabi/lib/thumb/v7e-m+dp/hard/libc_nano.a(libc_a-impure.o)
                              ./Middlewares/Third_Party/FreeRTOS/Source/tasks.o (_impure_ptr)
/Applications/STM32CubeIDE.app/Contents/Eclipse/plugins/com.st.stm32cube.ide.mcu.externaltools.gnu-tools-for-stm32.11.3.rel1.macos64_1.1.1.202309131626/tools/bin/../lib/gcc/arm-none-eabi/11.3.1/../../../../arm-none-eabi/lib/thumb/v7e-m+dp/hard/libc_nano.a(libc_a-sbrkr.o)
[...]
Memory Configuration

Name             Origin             Length             Attributes
RAM              0x0000000020000000 0x0000000000080000 xrw
FLASH            0x0000000008000000 0x0000000000200000 xr
*default*        0x0000000000000000 0xffffffffffffffff

Linker script and memory map

LOAD /Applications/STM32CubeIDE.app/Contents/Eclipse/plugins/com.st.stm32cube.ide.mcu.externaltools.gnu-tools-for-stm32.11.3.rel1.macos64_1.1.1.202309131626/tools/bin/../lib/gcc/arm-none-eabi/11.3.1/thumb/v7e-m+dp/hard/crti.o
LOAD /Applications/STM32CubeIDE.app/Contents/Eclipse/plugins/com.st.stm32cube.ide.mcu.externaltools.gnu-tools-for-stm32.11.3.rel1.macos64_1.1.1.202309131626/tools/bin/../lib/gcc/arm-none-eabi/11.3.1/thumb/v7e-m+dp/hard/crtbegin.o
LOAD /Applications/STM32CubeIDE.app/Contents/Eclipse/plugins/com.st.stm32cube.ide.mcu.externaltools.gnu-tools-for-stm32.11.3.rel1.macos64_1.1.1.202309131626/tools/bin/../lib/gcc/arm-none-eabi/11.3.1/../../../../arm-none-eabi/lib/thumb/v7e-m+dp/hard/crt0.o
LOAD ./Core/Src/BSP/stm32f769i_discovery_lcd.o
LOAD ./Core/Src/Components/adv7533/adv7533.o
LOAD ./Core/Src/Components/ft6x06/ft6x06.o
LOAD ./Core/Src/Components/otm8009a/otm8009a.o
LOAD ./Core/Src/Fonts/font12.o
LOAD ./Core/Src/Fonts/font16.o
LOAD ./Core/Src/Fonts/font20.o
LOAD ./Core/Src/Fonts/font24.o
LOAD ./Core/Src/Fonts/font8.o
LOAD ./Core/Src/adc.o
LOAD ./Core/Src/dma2d.o
LOAD ./Core/Src/dsihost.o
LOAD ./Core/Src/fmc.o
LOAD ./Core/Src/freertos.o
LOAD ./Core/Src/gpio.o
LOAD ./Core/Src/i2c.o
LOAD ./Core/Src/joystick.o
LOAD ./Core/Src/ltdc.o
LOAD ./Core/Src/main.o
LOAD ./Core/Src/main_user.o
LOAD ./Core/Src/node.o
LOAD ./Core/Src/stm32f7xx_hal_msp.o
LOAD ./Core/Src/stm32f7xx_hal_timebase_tim.o
LOAD ./Core/Src/stm32f7xx_it.o
LOAD ./Core/Src/syscalls.o
LOAD ./Core/Src/sysmem.o
LOAD ./Core/Src/system_stm32f7xx.o
LOAD ./Core/Src/tim.o
LOAD ./Core/Startup/startup_stm32f769nihx.o
LOAD ./Drivers/STM32F7xx_HAL_Driver/Src/stm32f7xx_hal.o
LOAD ./Drivers/STM32F7xx_HAL_Driver/Src/stm32f7xx_hal_adc.o
LOAD ./Drivers/STM32F7xx_HAL_Driver/Src/stm32f7xx_hal_adc_ex.o
LOAD ./Drivers/STM32F7xx_HAL_Driver/Src/stm32f7xx_hal_cortex.o
LOAD ./Drivers/STM32F7xx_HAL_Driver/Src/stm32f7xx_hal_dma.o
LOAD ./Drivers/STM32F7xx_HAL_Driver/Src/stm32f7xx_hal_dma2d.o
LOAD ./Drivers/STM32F7xx_HAL_Driver/Src/stm32f7xx_hal_dma_ex.o
LOAD ./Drivers/STM32F7xx_HAL_Driver/Src/stm32f7xx_hal_dsi.o
LOAD ./Drivers/STM32F7xx_HAL_Driver/Src/stm32f7xx_hal_exti.o
LOAD ./Drivers/STM32F7xx_HAL_Driver/Src/stm32f7xx_hal_flash.o
LOAD ./Drivers/STM32F7xx_HAL_Driver/Src/stm32f7xx_hal_flash_ex.o
LOAD ./Drivers/STM32F7xx_HAL_Driver/Src/stm32f7xx_hal_gpio.o
LOAD ./Drivers/STM32F7xx_HAL_Driver/Src/stm32f7xx_hal_i2c.o
LOAD ./Drivers/STM32F7xx_HAL_Driver/Src/stm32f7xx_hal_i2c_ex.o
LOAD ./Drivers/STM32F7xx_HAL_Driver/Src/stm32f7xx_hal_ltdc.o
LOAD ./Drivers/STM32F7xx_HAL_Driver/Src/stm32f7xx_hal_ltdc_ex.o
LOAD ./Drivers/STM32F7xx_HAL_Driver/Src/stm32f7xx_hal_pwr.o
LOAD ./Drivers/STM32F7xx_HAL_Driver/Src/stm32f7xx_hal_pwr_ex.o
LOAD ./Drivers/STM32F7xx_HAL_Driver/Src/stm32f7xx_hal_rcc.o
LOAD ./Drivers/STM32F7xx_HAL_Driver/Src/stm32f7xx_hal_rcc_ex.o
LOAD ./Drivers/STM32F7xx_HAL_Driver/Src/stm32f7xx_hal_sdram.o
LOAD ./Drivers/STM32F7xx_HAL_Driver/Src/stm32f7xx_hal_tim.o
LOAD ./Drivers/STM32F7xx_HAL_Driver/Src/stm32f7xx_hal_tim_ex.o
LOAD ./Drivers/STM32F7xx_HAL_Driver/Src/stm32f7xx_ll_fmc.o
LOAD ./Middlewares/Third_Party/FreeRTOS/Source/CMSIS_RTOS_V2/cmsis_os2.o
LOAD ./Middlewares/Third_Party/FreeRTOS/Source/croutine.o
LOAD ./Middlewares/Third_Party/FreeRTOS/Source/event_groups.o
LOAD ./Middlewares/Third_Party/FreeRTOS/Source/list.o
LOAD ./Middlewares/Third_Party/FreeRTOS/Source/queue.o
LOAD ./Middlewares/Third_Party/FreeRTOS/Source/stream_buffer.o
LOAD ./Middlewares/Third_Party/FreeRTOS/Source/tasks.o
LOAD ./Middlewares/Third_Party/FreeRTOS/Source/timers.o
LOAD ./Middlewares/Third_Party/FreeRTOS/Source/portable/GCC/ARM_CM7/r0p1/port.o
LOAD ./Middlewares/Third_Party/FreeRTOS/Source/portable/MemMang/heap_4.o
START GROUP
LOAD /Applications/STM32CubeIDE.app/Contents/Eclipse/plugins/com.st.stm32cube.ide.mcu.externaltools.gnu-tools-for-stm32.11.3.rel1.macos64_1.1.1.202309131626/tools/bin/../lib/gcc/arm-none-eabi/11.3.1/../../../../arm-none-eabi/lib/thumb/v7e-m+dp/hard/libc_nano.a
LOAD /Applications/STM32CubeIDE.app/Contents/Eclipse/plugins/com.st.stm32cube.ide.mcu.externaltools.gnu-tools-for-stm32.11.3.rel1.macos64_1.1.1.202309131626/tools/bin/../lib/gcc/arm-none-eabi/11.3.1/../../../../arm-none-eabi/lib/thumb/v7e-m+dp/hard/libm.a
END GROUP
START GROUP
LOAD /Applications/STM32CubeIDE.app/Contents/Eclipse/plugins/com.st.stm32cube.ide.mcu.externaltools.gnu-tools-for-stm32.11.3.rel1.macos64_1.1.1.202309131626/tools/bin/../lib/gcc/arm-none-eabi/11.3.1/thumb/v7e-m+dp/hard/libgcc.a
LOAD /Applications/STM32CubeIDE.app/Contents/Eclipse/plugins/com.st.stm32cube.ide.mcu.externaltools.gnu-tools-for-stm32.11.3.rel1.macos64_1.1.1.202309131626/tools/bin/../lib/gcc/arm-none-eabi/11.3.1/../../../../arm-none-eabi/lib/thumb/v7e-m+dp/hard/libc_nano.a
END GROUP
START GROUP
LOAD /Applications/STM32CubeIDE.app/Contents/Eclipse/plugins/com.st.stm32cube.ide.mcu.externaltools.gnu-tools-for-stm32.11.3.rel1.macos64_1.1.1.202309131626/tools/bin/../lib/gcc/arm-none-eabi/11.3.1/thumb/v7e-m+dp/hard/libgcc.a
LOAD /Applications/STM32CubeIDE.app/Contents/Eclipse/plugins/com.st.stm32cube.ide.mcu.externaltools.gnu-tools-for-stm32.11.3.rel1.macos64_1.1.1.202309131626/tools/bin/../lib/gcc/arm-none-eabi/11.3.1/../../../../arm-none-eabi/lib/thumb/v7e-m+dp/hard/libc_nano.a
LOAD /Applications/STM32CubeIDE.app/Contents/Eclipse/plugins/com.st.stm32cube.ide.mcu.externaltools.gnu-tools-for-stm32.11.3.rel1.macos64_1.1.1.202309131626/tools/bin/../lib/gcc/arm-none-eabi/11.3.1/../../../../arm-none-eabi/lib/thumb/v7e-m+dp/hard/libnosys.a
END GROUP
START GROUP
LOAD /Applications/STM32CubeIDE.app/Contents/Eclipse/plugins/com.st.stm32cube.ide.mcu.externaltools.gnu-tools-for-stm32.11.3.rel1.macos64_1.1.1.202309131626/tools/bin/../lib/gcc/arm-none-eabi/11.3.1/thumb/v7e-m+dp/hard/libgcc.a
LOAD /Applications/STM32CubeIDE.app/Contents/Eclipse/plugins/com.st.stm32cube.ide.mcu.externaltools.gnu-tools-for-stm32.11.3.rel1.macos64_1.1.1.202309131626/tools/bin/../lib/gcc/arm-none-eabi/11.3.1/../../../../arm-none-eabi/lib/thumb/v7e-m+dp/hard/libc_nano.a
LOAD /Applications/STM32CubeIDE.app/Contents/Eclipse/plugins/com.st.stm32cube.ide.mcu.externaltools.gnu-tools-for-stm32.11.3.rel1.macos64_1.1.1.202309131626/tools/bin/../lib/gcc/arm-none-eabi/11.3.1/../../../../arm-none-eabi/lib/thumb/v7e-m+dp/hard/libnosys.a
END GROUP
LOAD /Applications/STM32CubeIDE.app/Contents/Eclipse/plugins/com.st.stm32cube.ide.mcu.externaltools.gnu-tools-for-stm32.11.3.rel1.macos64_1.1.1.202309131626/tools/bin/../lib/gcc/arm-none-eabi/11.3.1/thumb/v7e-m+dp/hard/crtend.o
LOAD /Applications/STM32CubeIDE.app/Contents/Eclipse/plugins/com.st.stm32cube.ide.mcu.externaltools.gnu-tools-for-stm32.11.3.rel1.macos64_1.1.1.202309131626/tools/bin/../lib/gcc/arm-none-eabi/11.3.1/thumb/v7e-m+dp/hard/crtn.o
                0x0000000020080000                _estack = (ORIGIN (RAM) + LENGTH (RAM))
                0x0000000000000200                _Min_Heap_Size = 0x200
                0x0000000000000400                _Min_Stack_Size = 0x400

.isr_vector     0x0000000008000000      0x1f8
                0x0000000008000000                . = ALIGN (0x4)
 *(.isr_vector)
 .isr_vector    0x0000000008000000      0x1f8 ./Core/Startup/startup_stm32f769nihx.o
                0x0000000008000000                g_pfnVectors
                0x00000000080001f8                . = ALIGN (0x4)

.text           0x0000000008000200     0xbfd8
                0x0000000008000200                . = ALIGN (0x4)
 *(.text)
 .text          0x0000000008000200       0x40 /Applications/STM32CubeIDE.app/Contents/Eclipse/plugins/com.st.stm32cube.ide.mcu.externaltools.gnu-tools-for-stm32.11.3.rel1.macos64_1.1.1.202309131626/tools/bin/../lib/gcc/arm-none-eabi/11.3.1/thumb/v7e-m+dp/hard/crtbegin.o
 .text          0x0000000008000240       0xa0 /Applications/STM32CubeIDE.app/Contents/Eclipse/plugins/com.st.stm32cube.ide.mcu.externaltools.gnu-tools-for-stm32.11.3.rel1.macos64_1.1.1.202309131626/tools/bin/../lib/gcc/arm-none-eabi/11.3.1/../../../../arm-none-eabi/lib/thumb/v7e-m+dp/hard/libc_nano.a(libc_a-memchr.o)
                0x0000000008000240                memchr
 .text          0x00000000080002e0       0x30 /Applications/STM32CubeIDE.app/Contents/Eclipse/plugins/com.st.stm32cube.ide.mcu.externaltools.gnu-tools-for-stm32.11.3.rel1.macos64_1.1.1.202309131626/tools/bin/../lib/gcc/arm-none-eabi/11.3.1/thumb/v7e-m+dp/hard/libgcc.a(_aeabi_uldivmod.o)
                0x00000000080002e0                __aeabi_uldivmod
 .text          0x0000000008000310      0x2c8 /Applications/STM32CubeIDE.app/Contents/Eclipse/plugins/com.st.stm32cube.ide.mcu.externaltools.gnu-tools-for-stm32.11.3.rel1.macos64_1.1.1.202309131626/tools/bin/../lib/gcc/arm-none-eabi/11.3.1/thumb/v7e-m+dp/hard/libgcc.a(_udivmoddi4.o)
                0x0000000008000310                __udivmoddi4
 .text          0x00000000080005d8        0x4 /Applications/STM32CubeIDE.app/Contents/Eclipse/plugins/com.st.stm32cube.ide.mcu.externaltools.gnu-tools-for-stm32.11.3.rel1.macos64_1.1.1.202309131626/tools/bin/../lib/gcc/arm-none-eabi/11.3.1/thumb/v7e-m+dp/hard/libgcc.a(_dvmd_tls.o)
                0x00000000080005d8                __aeabi_ldiv0
                0x00000000080005d8                __aeabi_idiv0
 *(.text*)
 .text.BSP_LCD_Init
                0x00000000080005dc       0x10 ./Core/Src/BSP/stm32f769i_discovery_lcd.o
                0x00000000080005dc                BSP_LCD_Init
 .text.BSP_LCD_InitEx
                0x00000000080005ec      0x284 ./Core/Src/BSP/stm32f769i_discovery_lcd.o
                0x00000000080005ec                BSP_LCD_InitEx
 .text.BSP_LCD_Reset
                0x0000000008000870       0x70 ./Core/Src/BSP/stm32f769i_discovery_lcd.o
                0x0000000008000870                BSP_LCD_Reset
 .text.BSP_LCD_GetXSize
                0x00000000080008e0       0x18 ./Core/Src/BSP/stm32f769i_discovery_lcd.o
                0x00000000080008e0                BSP_LCD_GetXSize
 .text.BSP_LCD_GetYSize
                0x00000000080008f8       0x18 ./Core/Src/BSP/stm32f769i_discovery_lcd.o
                0x00000000080008f8                BSP_LCD_GetYSize
 .text.BSP_LCD_LayerDefaultInit
                0x0000000008000910       0xc0 ./Core/Src/BSP/stm32f769i_discovery_lcd.o
                0x0000000008000910                BSP_LCD_LayerDefaultInit
 .text.BSP_LCD_SelectLayer
                0x00000000080009d0       0x20 ./Core/Src/BSP/stm32f769i_discovery_lcd.o
                0x00000000080009d0                BSP_LCD_SelectLayer
 .text.BSP_LCD_SetTextColor
                0x00000000080009f0       0x30 ./Core/Src/BSP/stm32f769i_discovery_lcd.o
                0x00000000080009f0                BSP_LCD_SetTextColor
 .text.BSP_LCD_SetBackColor
                0x0000000008000a20       0x34 ./Core/Src/BSP/stm32f769i_discovery_lcd.o
                0x0000000008000a20                BSP_LCD_SetBackColor
 .text.BSP_LCD_SetFont
                0x0000000008000a54       0x34 ./Core/Src/BSP/stm32f769i_discovery_lcd.o
                0x0000000008000a54                BSP_LCD_SetFont
 .text.BSP_LCD_Clear
                0x0000000008000a88       0x50 ./Core/Src/BSP/stm32f769i_discovery_lcd.o
                0x0000000008000a88                BSP_LCD_Clear
 .text.BSP_LCD_DisplayChar
                0x0000000008000ad8       0x88 ./Core/Src/BSP/stm32f769i_discovery_lcd.o
                0x0000000008000ad8                BSP_LCD_DisplayChar
 .text.BSP_LCD_DisplayStringAt
                0x0000000008000b60      0x190 ./Core/Src/BSP/stm32f769i_discovery_lcd.o
                0x0000000008000b60                BSP_LCD_DisplayStringAt
 .text.BSP_LCD_FillRect
                0x0000000008000cf0       0xb4 ./Core/Src/BSP/stm32f769i_discovery_lcd.o
                0x0000000008000cf0                BSP_LCD_FillRect
 .text.DSI_IO_WriteCmd
                0x0000000008000da4       0x54 ./Core/Src/BSP/stm32f769i_discovery_lcd.o
                0x0000000008000da4                DSI_IO_WriteCmd
 .text.LCD_IO_GetID
                0x0000000008000df8       0x10 ./Core/Src/BSP/stm32f769i_discovery_lcd.o
 .text.BSP_LCD_MspInit
                0x0000000008000e08       0xd4 ./Core/Src/BSP/stm32f769i_discovery_lcd.o
                0x0000000008000e08                BSP_LCD_MspInit
 .text.BSP_LCD_DrawPixel
                0x0000000008000edc       0x4c ./Core/Src/BSP/stm32f769i_discovery_lcd.o
                0x0000000008000edc                BSP_LCD_DrawPixel
 .text.DrawChar
                0x0000000008000f28      0x170 ./Core/Src/BSP/stm32f769i_discovery_lcd.o
 .text.LL_FillBuffer
                0x0000000008001098       0x70 ./Core/Src/BSP/stm32f769i_discovery_lcd.o
 .text.OTM8009A_Init
                0x0000000008001108      0x4b0 ./Core/Src/Components/otm8009a/otm8009a.o
                0x0000000008001108                OTM8009A_Init
 .text.MX_ADC1_Init
                0x00000000080015b8       0xa4 ./Core/Src/adc.o
                0x00000000080015b8                MX_ADC1_Init
 .text.MX_ADC2_Init
                0x000000000800165c       0xa4 ./Core/Src/adc.o
                0x000000000800165c                MX_ADC2_Init
 .text.HAL_ADC_MspInit
                0x0000000008001700      0x10c ./Core/Src/adc.o
                0x0000000008001700                HAL_ADC_MspInit
 .text.MX_DMA2D_Init
                0x000000000800180c       0x3c ./Core/Src/dma2d.o
                0x000000000800180c                MX_DMA2D_Init
 .text.HAL_DMA2D_MspInit
                0x0000000008001848       0x40 ./Core/Src/dma2d.o
                0x0000000008001848                HAL_DMA2D_MspInit
 .text.MX_DSIHOST_DSI_Init
                0x0000000008001888      0x1dc ./Core/Src/dsihost.o
                0x0000000008001888                MX_DSIHOST_DSI_Init
 .text.HAL_DSI_MspInit
                0x0000000008001a64       0x40 ./Core/Src/dsihost.o
                0x0000000008001a64                HAL_DSI_MspInit
 .text.HAL_DSI_MspDeInit
                0x0000000008001aa4       0x34 ./Core/Src/dsihost.o
                0x0000000008001aa4                HAL_DSI_MspDeInit
 .text.MX_FMC_Init
                0x0000000008001ad8       0xa0 ./Core/Src/fmc.o
                0x0000000008001ad8                MX_FMC_Init
 .text.HAL_FMC_MspInit
                0x0000000008001b78      0x124 ./Core/Src/fmc.o
 .text.HAL_SDRAM_MspInit
                0x0000000008001c9c       0x14 ./Core/Src/fmc.o
                0x0000000008001c9c                HAL_SDRAM_MspInit
 .text.MX_FREERTOS_Init
                0x0000000008001cb0       0x24 ./Core/Src/freertos.o
                0x0000000008001cb0                MX_FREERTOS_Init
 .text.StartDefaultTask
                0x0000000008001cd4       0x10 ./Core/Src/freertos.o
                0x0000000008001cd4                StartDefaultTask
 .text.MX_GPIO_Init
                0x0000000008001ce4      0x6b8 ./Core/Src/gpio.o
                0x0000000008001ce4                MX_GPIO_Init
 .text.MX_I2C4_Init
                0x000000000800239c       0x80 ./Core/Src/i2c.o
                0x000000000800239c                MX_I2C4_Init
 .text.HAL_I2C_MspInit
                0x000000000800241c      0x108 ./Core/Src/i2c.o
                0x000000000800241c                HAL_I2C_MspInit
 .text.readJoystick
                0x0000000008002524       0x90 ./Core/Src/joystick.o
                0x0000000008002524                readJoystick
 .text.MX_LTDC_Init
                0x00000000080025b4      0x164 ./Core/Src/ltdc.o
                0x00000000080025b4                MX_LTDC_Init
 .text.HAL_LTDC_MspInit
                0x0000000008002718       0x7c ./Core/Src/ltdc.o
                0x0000000008002718                HAL_LTDC_MspInit
 .text.SCB_EnableICache
                0x0000000008002794       0x4c ./Core/Src/main.o
 .text.SCB_EnableDCache
                0x00000000080027e0       0x88 ./Core/Src/main.o
 .text.main     0x0000000008002868       0x88 ./Core/Src/main.o
                0x0000000008002868                main
 .text.SystemClock_Config
                0x00000000080028f0       0xe4 ./Core/Src/main.o
                0x00000000080028f0                SystemClock_Config
 .text.BSP_SDRAM_Initialization_sequence
                0x00000000080029d4       0xc0 ./Core/Src/main.o
                0x00000000080029d4                BSP_SDRAM_Initialization_sequence
 .text.HAL_TIM_PeriodElapsedCallback
                0x0000000008002a94       0x24 ./Core/Src/main.o
                0x0000000008002a94                HAL_TIM_PeriodElapsedCallback
 .text.Error_Handler
                0x0000000008002ab8        0xa ./Core/Src/main.o
                0x0000000008002ab8                Error_Handler
 *fill*         0x0000000008002ac2        0x2 
 .text.freeRTOS_user_init
                0x0000000008002ac4       0xb0 ./Core/Src/main_user.o
                0x0000000008002ac4                freeRTOS_user_init
 .text.task_readJoystick_fct
                0x0000000008002b74       0x74 ./Core/Src/main_user.o
                0x0000000008002b74                task_readJoystick_fct
 .text.move_and_compute_new_grid
                0x0000000008002be8      0x2a4 ./Core/Src/main_user.o
                0x0000000008002be8                move_and_compute_new_grid
 .text.computeInitialGrid
                0x0000000008002e8c       0x68 ./Core/Src/main_user.o
                0x0000000008002e8c                computeInitialGrid
 .text.getRandomInt
                0x0000000008002ef4       0x26 ./Core/Src/main_user.o
                0x0000000008002ef4                getRandomInt
 *fill*         0x0000000008002f1a        0x2 
 .text.task_draw_fct
                0x0000000008002f1c      0x10c ./Core/Src/main_user.o
                0x0000000008002f1c                task_draw_fct
 .text.draw_filled_square
                0x0000000008003028       0x38 ./Core/Src/main_user.o
                0x0000000008003028                draw_filled_square
 .text.displayWelcomeMessage
                0x0000000008003060       0x58 ./Core/Src/main_user.o
                0x0000000008003060                displayWelcomeMessage
 .text.HAL_MspInit
                0x00000000080030b8       0x50 ./Core/Src/stm32f7xx_hal_msp.o
                0x00000000080030b8                HAL_MspInit
 .text.HAL_InitTick
                0x0000000008003108       0xf4 ./Core/Src/stm32f7xx_hal_timebase_tim.o
                0x0000000008003108                HAL_InitTick
 .text.NMI_Handler
                0x00000000080031fc        0x6 ./Core/Src/stm32f7xx_it.o
                0x00000000080031fc                NMI_Handler
 .text.HardFault_Handler
                0x0000000008003202        0x6 ./Core/Src/stm32f7xx_it.o
                0x0000000008003202                HardFault_Handler
 .text.MemManage_Handler
                0x0000000008003208        0x6 ./Core/Src/stm32f7xx_it.o
                0x0000000008003208                MemManage_Handler
 .text.BusFault_Handler
                0x000000000800320e        0x6 ./Core/Src/stm32f7xx_it.o
                0x000000000800320e                BusFault_Handler
 .text.UsageFault_Handler
                0x0000000008003214        0x6 ./Core/Src/stm32f7xx_it.o
                0x0000000008003214                UsageFault_Handler
 .text.DebugMon_Handler
                0x000000000800321a        0xe ./Core/Src/stm32f7xx_it.o
                0x000000000800321a                DebugMon_Handler
 .text.EXTI0_IRQHandler
                0x0000000008003228        0xe ./Core/Src/stm32f7xx_it.o
                0x0000000008003228                EXTI0_IRQHandler
 *fill*         0x0000000008003236        0x2 
 .text.TIM6_DAC_IRQHandler
                0x0000000008003238       0x14 ./Core/Src/stm32f7xx_it.o
                0x0000000008003238                TIM6_DAC_IRQHandler
 .text.HAL_GPIO_EXTI_Callback
                0x000000000800324c       0x3c ./Core/Src/stm32f7xx_it.o
                0x000000000800324c                HAL_GPIO_EXTI_Callback
 .text._getpid  0x0000000008003288       0x10 ./Core/Src/syscalls.o
                0x0000000008003288                _getpid
 .text._kill    0x0000000008003298       0x20 ./Core/Src/syscalls.o
                0x0000000008003298                _kill
 .text._exit    0x00000000080032b8       0x14 ./Core/Src/syscalls.o
                0x00000000080032b8                _exit
 .text._read    0x00000000080032cc       0x3a ./Core/Src/syscalls.o
                0x00000000080032cc                _read
 .text._write   0x0000000008003306       0x38 ./Core/Src/syscalls.o
                0x0000000008003306                _write
 .text._close   0x000000000800333e       0x18 ./Core/Src/syscalls.o
                0x000000000800333e                _close
 .text._fstat   0x0000000008003356       0x20 ./Core/Src/syscalls.o
                0x0000000008003356                _fstat
 .text._isatty  0x0000000008003376       0x16 ./Core/Src/syscalls.o
                0x0000000008003376                _isatty
 .text._lseek   0x000000000800338c       0x1a ./Core/Src/syscalls.o
                0x000000000800338c                _lseek
 *fill*         0x00000000080033a6        0x2 
 .text._sbrk    0x00000000080033a8       0x6c ./Core/Src/sysmem.o
                0x00000000080033a8                _sbrk
 .text.SystemInit
                0x0000000008003414       0x24 ./Core/Src/system_stm32f7xx.o
                0x0000000008003414                SystemInit
 .text.MX_TIM3_Init
                0x0000000008003438       0xb4 ./Core/Src/tim.o
                0x0000000008003438                MX_TIM3_Init
 .text.HAL_TIM_PWM_MspInit
                0x00000000080034ec       0x40 ./Core/Src/tim.o
                0x00000000080034ec                HAL_TIM_PWM_MspInit
 .text.HAL_TIM_MspPostInit
                0x000000000800352c       0x70 ./Core/Src/tim.o
                0x000000000800352c                HAL_TIM_MspPostInit
 .text.Reset_Handler
                0x000000000800359c       0x50 ./Core/Startup/startup_stm32f769nihx.o
                0x000000000800359c                Reset_Handler
 .text.Default_Handler
                0x00000000080035ec        0x2 ./Core/Startup/startup_stm32f769nihx.o
                0x00000000080035ec                DMA1_Stream3_IRQHandler
                0x00000000080035ec                EXTI2_IRQHandler
                0x00000000080035ec                TIM8_CC_IRQHandler
                0x00000000080035ec                UART8_IRQHandler
                0x00000000080035ec                SPI4_IRQHandler
                0x00000000080035ec                TIM1_CC_IRQHandler
                0x00000000080035ec                DMA2_Stream5_IRQHandler
                0x00000000080035ec                JPEG_IRQHandler
                0x00000000080035ec                DMA1_Stream5_IRQHandler
                0x00000000080035ec                CAN3_RX1_IRQHandler
                0x00000000080035ec                PVD_IRQHandler
                0x00000000080035ec                TAMP_STAMP_IRQHandler
                0x00000000080035ec                CAN2_RX1_IRQHandler
                0x00000000080035ec                EXTI3_IRQHandler
                0x00000000080035ec                TIM8_TRG_COM_TIM14_IRQHandler
                0x00000000080035ec                DFSDM1_FLT1_IRQHandler
                0x00000000080035ec                TIM1_UP_TIM10_IRQHandler
                0x00000000080035ec                TIM8_UP_TIM13_IRQHandler
                0x00000000080035ec                I2C3_ER_IRQHandler
                0x00000000080035ec                DFSDM1_FLT2_IRQHandler
                0x00000000080035ec                I2C2_EV_IRQHandler
                0x00000000080035ec                DMA1_Stream2_IRQHandler
                0x00000000080035ec                CAN1_RX0_IRQHandler
                0x00000000080035ec                FPU_IRQHandler
                0x00000000080035ec                OTG_HS_WKUP_IRQHandler
                0x00000000080035ec                CAN3_SCE_IRQHandler
                0x00000000080035ec                LTDC_ER_IRQHandler
                0x00000000080035ec                CAN2_SCE_IRQHandler
                0x00000000080035ec                DMA2_Stream2_IRQHandler
                0x00000000080035ec                SPI1_IRQHandler
                0x00000000080035ec                TIM1_BRK_TIM9_IRQHandler
                0x00000000080035ec                DCMI_IRQHandler
                0x00000000080035ec                CAN2_RX0_IRQHandler
                0x00000000080035ec                DMA2_Stream3_IRQHandler
                0x00000000080035ec                SAI2_IRQHandler
                0x00000000080035ec                DFSDM1_FLT3_IRQHandler
                0x00000000080035ec                USART6_IRQHandler
                0x00000000080035ec                CAN3_RX0_IRQHandler
                0x00000000080035ec                USART3_IRQHandler
                0x00000000080035ec                CAN1_RX1_IRQHandler
                0x00000000080035ec                UART5_IRQHandler
                0x00000000080035ec                DMA2_Stream0_IRQHandler
                0x00000000080035ec                TIM4_IRQHandler
                0x00000000080035ec                QUADSPI_IRQHandler
                0x00000000080035ec                I2C1_EV_IRQHandler
                0x00000000080035ec                DMA1_Stream6_IRQHandler
                0x00000000080035ec                DMA1_Stream1_IRQHandler
                0x00000000080035ec                UART4_IRQHandler
                0x00000000080035ec                TIM3_IRQHandler
                0x00000000080035ec                RCC_IRQHandler
                0x00000000080035ec                TIM8_BRK_TIM12_IRQHandler
                0x00000000080035ec                Default_Handler
                0x00000000080035ec                CEC_IRQHandler
                0x00000000080035ec                EXTI15_10_IRQHandler
                0x00000000080035ec                ADC_IRQHandler
                0x00000000080035ec                DMA1_Stream7_IRQHandler
                0x00000000080035ec                SPI5_IRQHandler
                0x00000000080035ec                TIM7_IRQHandler
                0x00000000080035ec                SDMMC1_IRQHandler
                0x00000000080035ec                CAN2_TX_IRQHandler
                0x00000000080035ec                TIM5_IRQHandler
                0x00000000080035ec                DMA2_Stream7_IRQHandler
                0x00000000080035ec                I2C3_EV_IRQHandler
                0x00000000080035ec                EXTI9_5_IRQHandler
                0x00000000080035ec                RTC_WKUP_IRQHandler
                0x00000000080035ec                LTDC_IRQHandler
                0x00000000080035ec                ETH_WKUP_IRQHandler
                0x00000000080035ec                SPDIF_RX_IRQHandler
                0x00000000080035ec                SPI2_IRQHandler
                0x00000000080035ec                OTG_HS_EP1_IN_IRQHandler
                0x00000000080035ec                DMA1_Stream0_IRQHandler
                0x00000000080035ec                CAN1_TX_IRQHandler
                0x00000000080035ec                EXTI4_IRQHandler
                0x00000000080035ec                RNG_IRQHandler
                0x00000000080035ec                DSI_IRQHandler
                0x00000000080035ec                ETH_IRQHandler
                0x00000000080035ec                OTG_HS_EP1_OUT_IRQHandler
                0x00000000080035ec                WWDG_IRQHandler
                0x00000000080035ec                SPI6_IRQHandler
                0x00000000080035ec                MDIOS_IRQHandler
                0x00000000080035ec                I2C4_EV_IRQHandler
                0x00000000080035ec                CAN3_TX_IRQHandler
                0x00000000080035ec                TIM2_IRQHandler
                0x00000000080035ec                OTG_FS_WKUP_IRQHandler
                0x00000000080035ec                TIM1_TRG_COM_TIM11_IRQHandler
                0x00000000080035ec                OTG_HS_IRQHandler
                0x00000000080035ec                DMA2D_IRQHandler
                0x00000000080035ec                EXTI1_IRQHandler
                0x00000000080035ec                SDMMC2_IRQHandler
                0x00000000080035ec                UART7_IRQHandler
                0x00000000080035ec                USART2_IRQHandler
                0x00000000080035ec                DFSDM1_FLT0_IRQHandler
                0x00000000080035ec                I2C2_ER_IRQHandler
                0x00000000080035ec                DMA2_Stream1_IRQHandler
                0x00000000080035ec                CAN1_SCE_IRQHandler
                0x00000000080035ec                FLASH_IRQHandler
                0x00000000080035ec                DMA2_Stream4_IRQHandler
                0x00000000080035ec                USART1_IRQHandler
                0x00000000080035ec                OTG_FS_IRQHandler
                0x00000000080035ec                SPI3_IRQHandler
                0x00000000080035ec                DMA1_Stream4_IRQHandler
                0x00000000080035ec                I2C1_ER_IRQHandler
                0x00000000080035ec                FMC_IRQHandler
                0x00000000080035ec                LPTIM1_IRQHandler
                0x00000000080035ec                I2C4_ER_IRQHandler
                0x00000000080035ec                DMA2_Stream6_IRQHandler
                0x00000000080035ec                SAI1_IRQHandler
                0x00000000080035ec                RTC_Alarm_IRQHandler
 *fill*         0x00000000080035ee        0x2 
 .text.HAL_Init
                0x00000000080035f0       0x2c ./Drivers/STM32F7xx_HAL_Driver/Src/stm32f7xx_hal.o
                0x00000000080035f0                HAL_Init
 .text.HAL_IncTick
                0x000000000800361c       0x28 ./Drivers/STM32F7xx_HAL_Driver/Src/stm32f7xx_hal.o
                0x000000000800361c                HAL_IncTick
 .text.HAL_GetTick
                0x0000000008003644       0x18 ./Drivers/STM32F7xx_HAL_Driver/Src/stm32f7xx_hal.o
                0x0000000008003644                HAL_GetTick
 .text.HAL_Delay
                0x000000000800365c       0x48 ./Drivers/STM32F7xx_HAL_Driver/Src/stm32f7xx_hal.o
                0x000000000800365c                HAL_Delay
 .text.HAL_ADC_Init
                0x00000000080036a4       0x88 ./Drivers/STM32F7xx_HAL_Driver/Src/stm32f7xx_hal_adc.o
                0x00000000080036a4                HAL_ADC_Init
 .text.HAL_ADC_Start
                0x000000000800372c      0x19c ./Drivers/STM32F7xx_HAL_Driver/Src/stm32f7xx_hal_adc.o
                0x000000000800372c                HAL_ADC_Start
 .text.HAL_ADC_PollForConversion
                0x00000000080038c8      0x116 ./Drivers/STM32F7xx_HAL_Driver/Src/stm32f7xx_hal_adc.o
                0x00000000080038c8                HAL_ADC_PollForConversion
 .text.HAL_ADC_GetValue
                0x00000000080039de       0x1a ./Drivers/STM32F7xx_HAL_Driver/Src/stm32f7xx_hal_adc.o
                0x00000000080039de                HAL_ADC_GetValue
 .text.HAL_ADC_ConfigChannel
                0x00000000080039f8      0x2ac ./Drivers/STM32F7xx_HAL_Driver/Src/stm32f7xx_hal_adc.o
                0x00000000080039f8                HAL_ADC_ConfigChannel
 .text.ADC_Init
                0x0000000008003ca4      0x1f4 ./Drivers/STM32F7xx_HAL_Driver/Src/stm32f7xx_hal_adc.o
 .text.__NVIC_SetPriorityGrouping
                0x0000000008003e98       0x48 ./Drivers/STM32F7xx_HAL_Driver/Src/stm32f7xx_hal_cortex.o
 .text.__NVIC_GetPriorityGrouping
                0x0000000008003ee0       0x1c ./Drivers/STM32F7xx_HAL_Driver/Src/stm32f7xx_hal_cortex.o
 .text.__NVIC_EnableIRQ
                0x0000000008003efc       0x3c ./Drivers/STM32F7xx_HAL_Driver/Src/stm32f7xx_hal_cortex.o
 .text.__NVIC_SetPriority
                0x0000000008003f38       0x54 ./Drivers/STM32F7xx_HAL_Driver/Src/stm32f7xx_hal_cortex.o
 .text.NVIC_EncodePriority
                0x0000000008003f8c       0x66 ./Drivers/STM32F7xx_HAL_Driver/Src/stm32f7xx_hal_cortex.o
 .text.HAL_NVIC_SetPriorityGrouping
                0x0000000008003ff2       0x16 ./Drivers/STM32F7xx_HAL_Driver/Src/stm32f7xx_hal_cortex.o
                0x0000000008003ff2                HAL_NVIC_SetPriorityGrouping
 .text.HAL_NVIC_SetPriority
                0x0000000008004008       0x38 ./Drivers/STM32F7xx_HAL_Driver/Src/stm32f7xx_hal_cortex.o
                0x0000000008004008                HAL_NVIC_SetPriority
 .text.HAL_NVIC_EnableIRQ
                0x0000000008004040       0x1c ./Drivers/STM32F7xx_HAL_Driver/Src/stm32f7xx_hal_cortex.o
                0x0000000008004040                HAL_NVIC_EnableIRQ
 .text.HAL_DMA2D_Init
                0x000000000800405c       0xb4 ./Drivers/STM32F7xx_HAL_Driver/Src/stm32f7xx_hal_dma2d.o
                0x000000000800405c                HAL_DMA2D_Init
 .text.HAL_DMA2D_Start
                0x0000000008004110       0x56 ./Drivers/STM32F7xx_HAL_Driver/Src/stm32f7xx_hal_dma2d.o
                0x0000000008004110                HAL_DMA2D_Start
 .text.HAL_DMA2D_PollForTransfer
                0x0000000008004166      0x1d2 ./Drivers/STM32F7xx_HAL_Driver/Src/stm32f7xx_hal_dma2d.o
                0x0000000008004166                HAL_DMA2D_PollForTransfer
 .text.HAL_DMA2D_ConfigLayer
                0x0000000008004338      0x13c ./Drivers/STM32F7xx_HAL_Driver/Src/stm32f7xx_hal_dma2d.o
                0x0000000008004338                HAL_DMA2D_ConfigLayer
 .text.DMA2D_SetConfig
                0x0000000008004474      0x138 ./Drivers/STM32F7xx_HAL_Driver/Src/stm32f7xx_hal_dma2d.o
 .text.DSI_ConfigPacketHeader
                0x00000000080045ac       0x32 ./Drivers/STM32F7xx_HAL_Driver/Src/stm32f7xx_hal_dsi.o
 .text.DSI_ShortWrite
                0x00000000080045de       0x5e ./Drivers/STM32F7xx_HAL_Driver/Src/stm32f7xx_hal_dsi.o
 .text.HAL_DSI_Init
                0x000000000800463c      0x238 ./Drivers/STM32F7xx_HAL_Driver/Src/stm32f7xx_hal_dsi.o
                0x000000000800463c                HAL_DSI_Init
 .text.HAL_DSI_DeInit
                0x0000000008004874       0xe8 ./Drivers/STM32F7xx_HAL_Driver/Src/stm32f7xx_hal_dsi.o
                0x0000000008004874                HAL_DSI_DeInit
 .text.HAL_DSI_ConfigErrorMonitor
                0x000000000800495c      0x178 ./Drivers/STM32F7xx_HAL_Driver/Src/stm32f7xx_hal_dsi.o
                0x000000000800495c                HAL_DSI_ConfigErrorMonitor
 .text.HAL_DSI_SetGenericVCID
                0x0000000008004ad4       0x50 ./Drivers/STM32F7xx_HAL_Driver/Src/stm32f7xx_hal_dsi.o
                0x0000000008004ad4                HAL_DSI_SetGenericVCID
 .text.HAL_DSI_ConfigVideoMode
                0x0000000008004b24      0x400 ./Drivers/STM32F7xx_HAL_Driver/Src/stm32f7xx_hal_dsi.o
                0x0000000008004b24                HAL_DSI_ConfigVideoMode
 .text.HAL_DSI_ConfigFlowControl
                0x0000000008004f24       0x50 ./Drivers/STM32F7xx_HAL_Driver/Src/stm32f7xx_hal_dsi.o
                0x0000000008004f24                HAL_DSI_ConfigFlowControl
 .text.HAL_DSI_ConfigPhyTimer
                0x0000000008004f74       0xd4 ./Drivers/STM32F7xx_HAL_Driver/Src/stm32f7xx_hal_dsi.o
                0x0000000008004f74                HAL_DSI_ConfigPhyTimer
 .text.HAL_DSI_ConfigHostTimeouts
                0x0000000008005048      0x190 ./Drivers/STM32F7xx_HAL_Driver/Src/stm32f7xx_hal_dsi.o
                0x0000000008005048                HAL_DSI_ConfigHostTimeouts
 .text.HAL_DSI_Start
                0x00000000080051d8       0x78 ./Drivers/STM32F7xx_HAL_Driver/Src/stm32f7xx_hal_dsi.o
                0x00000000080051d8                HAL_DSI_Start
 .text.HAL_DSI_ShortWrite
                0x0000000008005250       0x44 ./Drivers/STM32F7xx_HAL_Driver/Src/stm32f7xx_hal_dsi.o
                0x0000000008005250                HAL_DSI_ShortWrite
 .text.HAL_DSI_LongWrite
                0x0000000008005294      0x130 ./Drivers/STM32F7xx_HAL_Driver/Src/stm32f7xx_hal_dsi.o
                0x0000000008005294                HAL_DSI_LongWrite
 .text.HAL_DSI_SetLowPowerRXFilter
                0x00000000080053c4       0x5a ./Drivers/STM32F7xx_HAL_Driver/Src/stm32f7xx_hal_dsi.o
                0x00000000080053c4                HAL_DSI_SetLowPowerRXFilter
 *fill*         0x000000000800541e        0x2 
 .text.HAL_GPIO_Init
                0x0000000008005420      0x358 ./Drivers/STM32F7xx_HAL_Driver/Src/stm32f7xx_hal_gpio.o
                0x0000000008005420                HAL_GPIO_Init
 .text.HAL_GPIO_ReadPin
                0x0000000008005778       0x30 ./Drivers/STM32F7xx_HAL_Driver/Src/stm32f7xx_hal_gpio.o
                0x0000000008005778                HAL_GPIO_ReadPin
 .text.HAL_GPIO_WritePin
                0x00000000080057a8       0x32 ./Drivers/STM32F7xx_HAL_Driver/Src/stm32f7xx_hal_gpio.o
                0x00000000080057a8                HAL_GPIO_WritePin
 *fill*         0x00000000080057da        0x2 
 .text.HAL_GPIO_EXTI_IRQHandler
                0x00000000080057dc       0x30 ./Drivers/STM32F7xx_HAL_Driver/Src/stm32f7xx_hal_gpio.o
                0x00000000080057dc                HAL_GPIO_EXTI_IRQHandler
 .text.HAL_I2C_Init
                0x000000000800580c      0x120 ./Drivers/STM32F7xx_HAL_Driver/Src/stm32f7xx_hal_i2c.o
                0x000000000800580c                HAL_I2C_Init
 .text.HAL_I2CEx_ConfigAnalogFilter
                0x000000000800592c       0x96 ./Drivers/STM32F7xx_HAL_Driver/Src/stm32f7xx_hal_i2c_ex.o
                0x000000000800592c                HAL_I2CEx_ConfigAnalogFilter
 .text.HAL_I2CEx_ConfigDigitalFilter
                0x00000000080059c2       0x98 ./Drivers/STM32F7xx_HAL_Driver/Src/stm32f7xx_hal_i2c_ex.o
                0x00000000080059c2                HAL_I2CEx_ConfigDigitalFilter
 *fill*         0x0000000008005a5a        0x2 
 .text.HAL_LTDC_Init
                0x0000000008005a5c      0x1a0 ./Drivers/STM32F7xx_HAL_Driver/Src/stm32f7xx_hal_ltdc.o
                0x0000000008005a5c                HAL_LTDC_Init
 .text.HAL_LTDC_ConfigLayer
                0x0000000008005bfc       0x7c ./Drivers/STM32F7xx_HAL_Driver/Src/stm32f7xx_hal_ltdc.o
                0x0000000008005bfc                HAL_LTDC_ConfigLayer
 .text.LTDC_SetConfig
                0x0000000008005c78      0x334 ./Drivers/STM32F7xx_HAL_Driver/Src/stm32f7xx_hal_ltdc.o
 .text.HAL_LTDCEx_StructInitFromVideoConfig
                0x0000000008005fac       0xa0 ./Drivers/STM32F7xx_HAL_Driver/Src/stm32f7xx_hal_ltdc_ex.o
                0x0000000008005fac                HAL_LTDCEx_StructInitFromVideoConfig
 .text.HAL_PWR_EnableBkUpAccess
                0x000000000800604c       0x20 ./Drivers/STM32F7xx_HAL_Driver/Src/stm32f7xx_hal_pwr.o
                0x000000000800604c                HAL_PWR_EnableBkUpAccess
 .text.HAL_PWREx_EnableOverDrive
                0x000000000800606c       0xa0 ./Drivers/STM32F7xx_HAL_Driver/Src/stm32f7xx_hal_pwr_ex.o
                0x000000000800606c                HAL_PWREx_EnableOverDrive
 .text.HAL_RCC_OscConfig
                0x000000000800610c      0x55c ./Drivers/STM32F7xx_HAL_Driver/Src/stm32f7xx_hal_rcc.o
                0x000000000800610c                HAL_RCC_OscConfig
 .text.HAL_RCC_ClockConfig
                0x0000000008006668      0x1d8 ./Drivers/STM32F7xx_HAL_Driver/Src/stm32f7xx_hal_rcc.o
                0x0000000008006668                HAL_RCC_ClockConfig
 .text.HAL_RCC_GetSysClockFreq
                0x0000000008006840      0x18c ./Drivers/STM32F7xx_HAL_Driver/Src/stm32f7xx_hal_rcc.o
                0x0000000008006840                HAL_RCC_GetSysClockFreq
 .text.HAL_RCC_GetHCLKFreq
                0x00000000080069cc       0x18 ./Drivers/STM32F7xx_HAL_Driver/Src/stm32f7xx_hal_rcc.o
                0x00000000080069cc                HAL_RCC_GetHCLKFreq
 .text.HAL_RCC_GetPCLK1Freq
                0x00000000080069e4       0x28 ./Drivers/STM32F7xx_HAL_Driver/Src/stm32f7xx_hal_rcc.o
                0x00000000080069e4                HAL_RCC_GetPCLK1Freq
 .text.HAL_RCC_GetClockConfig
                0x0000000008006a0c       0x64 ./Drivers/STM32F7xx_HAL_Driver/Src/stm32f7xx_hal_rcc.o
                0x0000000008006a0c                HAL_RCC_GetClockConfig
 .text.HAL_RCCEx_PeriphCLKConfig
                0x0000000008006a70      0x850 ./Drivers/STM32F7xx_HAL_Driver/Src/stm32f7xx_hal_rcc_ex.o
                0x0000000008006a70                HAL_RCCEx_PeriphCLKConfig
 .text.HAL_SDRAM_Init
                0x00000000080072c0       0x68 ./Drivers/STM32F7xx_HAL_Driver/Src/stm32f7xx_hal_sdram.o
                0x00000000080072c0                HAL_SDRAM_Init
 .text.HAL_SDRAM_SendCommand
                0x0000000008007328       0x6a ./Drivers/STM32F7xx_HAL_Driver/Src/stm32f7xx_hal_sdram.o
                0x0000000008007328                HAL_SDRAM_SendCommand
 .text.HAL_SDRAM_ProgramRefreshRate
                0x0000000008007392       0x50 ./Drivers/STM32F7xx_HAL_Driver/Src/stm32f7xx_hal_sdram.o
                0x0000000008007392                HAL_SDRAM_ProgramRefreshRate
 .text.HAL_TIM_Base_Init
                0x00000000080073e2       0xae ./Drivers/STM32F7xx_HAL_Driver/Src/stm32f7xx_hal_tim.o
                0x00000000080073e2                HAL_TIM_Base_Init
 .text.HAL_TIM_Base_MspInit
                0x0000000008007490       0x14 ./Drivers/STM32F7xx_HAL_Driver/Src/stm32f7xx_hal_tim.o
                0x0000000008007490                HAL_TIM_Base_MspInit
 .text.HAL_TIM_Base_Start_IT
                0x00000000080074a4       0xf0 ./Drivers/STM32F7xx_HAL_Driver/Src/stm32f7xx_hal_tim.o
                0x00000000080074a4                HAL_TIM_Base_Start_IT
 .text.HAL_TIM_PWM_Init
                0x0000000008007594       0xae ./Drivers/STM32F7xx_HAL_Driver/Src/stm32f7xx_hal_tim.o
                0x0000000008007594                HAL_TIM_PWM_Init
 .text.HAL_TIM_IRQHandler
                0x0000000008007642      0x23e ./Drivers/STM32F7xx_HAL_Driver/Src/stm32f7xx_hal_tim.o
                0x0000000008007642                HAL_TIM_IRQHandler
 .text.HAL_TIM_PWM_ConfigChannel
                0x0000000008007880      0x228 ./Drivers/STM32F7xx_HAL_Driver/Src/stm32f7xx_hal_tim.o
                0x0000000008007880                HAL_TIM_PWM_ConfigChannel
 .text.HAL_TIM_OC_DelayElapsedCallback
                0x0000000008007aa8       0x14 ./Drivers/STM32F7xx_HAL_Driver/Src/stm32f7xx_hal_tim.o
                0x0000000008007aa8                HAL_TIM_OC_DelayElapsedCallback
 .text.HAL_TIM_IC_CaptureCallback
                0x0000000008007abc       0x14 ./Drivers/STM32F7xx_HAL_Driver/Src/stm32f7xx_hal_tim.o
                0x0000000008007abc                HAL_TIM_IC_CaptureCallback
 .text.HAL_TIM_PWM_PulseFinishedCallback
                0x0000000008007ad0       0x14 ./Drivers/STM32F7xx_HAL_Driver/Src/stm32f7xx_hal_tim.o
                0x0000000008007ad0                HAL_TIM_PWM_PulseFinishedCallback
 .text.HAL_TIM_TriggerCallback
                0x0000000008007ae4       0x14 ./Drivers/STM32F7xx_HAL_Driver/Src/stm32f7xx_hal_tim.o
                0x0000000008007ae4                HAL_TIM_TriggerCallback
 .text.TIM_Base_SetConfig
                0x0000000008007af8      0x140 ./Drivers/STM32F7xx_HAL_Driver/Src/stm32f7xx_hal_tim.o
                0x0000000008007af8                TIM_Base_SetConfig
 .text.TIM_OC1_SetConfig
                0x0000000008007c38       0xe4 ./Drivers/STM32F7xx_HAL_Driver/Src/stm32f7xx_hal_tim.o
 .text.TIM_OC2_SetConfig
                0x0000000008007d1c       0xf0 ./Drivers/STM32F7xx_HAL_Driver/Src/stm32f7xx_hal_tim.o
                0x0000000008007d1c                TIM_OC2_SetConfig
 .text.TIM_OC3_SetConfig
                0x0000000008007e0c       0xec ./Drivers/STM32F7xx_HAL_Driver/Src/stm32f7xx_hal_tim.o
 .text.TIM_OC4_SetConfig
                0x0000000008007ef8       0xb0 ./Drivers/STM32F7xx_HAL_Driver/Src/stm32f7xx_hal_tim.o
 .text.TIM_OC5_SetConfig
                0x0000000008007fa8       0xa4 ./Drivers/STM32F7xx_HAL_Driver/Src/stm32f7xx_hal_tim.o
 .text.TIM_OC6_SetConfig
                0x000000000800804c       0xa8 ./Drivers/STM32F7xx_HAL_Driver/Src/stm32f7xx_hal_tim.o
 .text.HAL_TIMEx_MasterConfigSynchronization
                0x00000000080080f4      0x11c ./Drivers/STM32F7xx_HAL_Driver/Src/stm32f7xx_hal_tim_ex.o
                0x00000000080080f4                HAL_TIMEx_MasterConfigSynchronization
 .text.HAL_TIMEx_CommutCallback
                0x0000000008008210       0x14 ./Drivers/STM32F7xx_HAL_Driver/Src/stm32f7xx_hal_tim_ex.o
                0x0000000008008210                HAL_TIMEx_CommutCallback
 .text.HAL_TIMEx_BreakCallback
                0x0000000008008224       0x14 ./Drivers/STM32F7xx_HAL_Driver/Src/stm32f7xx_hal_tim_ex.o
                0x0000000008008224                HAL_TIMEx_BreakCallback
 .text.HAL_TIMEx_Break2Callback
                0x0000000008008238       0x14 ./Drivers/STM32F7xx_HAL_Driver/Src/stm32f7xx_hal_tim_ex.o
                0x0000000008008238                HAL_TIMEx_Break2Callback
 .text.FMC_SDRAM_Init
                0x000000000800824c       0xb8 ./Drivers/STM32F7xx_HAL_Driver/Src/stm32f7xx_ll_fmc.o
                0x000000000800824c                FMC_SDRAM_Init
 .text.FMC_SDRAM_Timing_Init
                0x0000000008008304       0xd4 ./Drivers/STM32F7xx_HAL_Driver/Src/stm32f7xx_ll_fmc.o
                0x0000000008008304                FMC_SDRAM_Timing_Init
 .text.FMC_SDRAM_SendCommand
                0x00000000080083d8       0x48 ./Drivers/STM32F7xx_HAL_Driver/Src/stm32f7xx_ll_fmc.o
                0x00000000080083d8                FMC_SDRAM_SendCommand
 .text.FMC_SDRAM_ProgramRefreshRate
                0x0000000008008420       0x30 ./Drivers/STM32F7xx_HAL_Driver/Src/stm32f7xx_ll_fmc.o
                0x0000000008008420                FMC_SDRAM_ProgramRefreshRate
 .text.SVC_Setup
                0x0000000008008450        0xe ./Middlewares/Third_Party/FreeRTOS/Source/CMSIS_RTOS_V2/cmsis_os2.o
 *fill*         0x000000000800845e        0x2 
 .text.osKernelInitialize
                0x0000000008008460       0x68 ./Middlewares/Third_Party/FreeRTOS/Source/CMSIS_RTOS_V2/cmsis_os2.o
                0x0000000008008460                osKernelInitialize
 .text.osKernelStart
                0x00000000080084c8       0x6c ./Middlewares/Third_Party/FreeRTOS/Source/CMSIS_RTOS_V2/cmsis_os2.o
                0x00000000080084c8                osKernelStart
 .text.osThreadNew
                0x0000000008008534      0x14c ./Middlewares/Third_Party/FreeRTOS/Source/CMSIS_RTOS_V2/cmsis_os2.o
                0x0000000008008534                osThreadNew
 .text.osDelay  0x0000000008008680       0x5c ./Middlewares/Third_Party/FreeRTOS/Source/CMSIS_RTOS_V2/cmsis_os2.o
                0x0000000008008680                osDelay
 .text.vApplicationGetIdleTaskMemory
                0x00000000080086dc       0x34 ./Middlewares/Third_Party/FreeRTOS/Source/CMSIS_RTOS_V2/cmsis_os2.o
                0x00000000080086dc                vApplicationGetIdleTaskMemory
 .text.vApplicationGetTimerTaskMemory
                0x0000000008008710       0x34 ./Middlewares/Third_Party/FreeRTOS/Source/CMSIS_RTOS_V2/cmsis_os2.o
                0x0000000008008710                vApplicationGetTimerTaskMemory
 .text.vListInitialise
                0x0000000008008744       0x40 ./Middlewares/Third_Party/FreeRTOS/Source/list.o
                0x0000000008008744                vListInitialise
 .text.vListInitialiseItem
                0x0000000008008784       0x1a ./Middlewares/Third_Party/FreeRTOS/Source/list.o
                0x0000000008008784                vListInitialiseItem
 .text.vListInsertEnd
                0x000000000800879e       0x48 ./Middlewares/Third_Party/FreeRTOS/Source/list.o
                0x000000000800879e                vListInsertEnd
 .text.vListInsert
                0x00000000080087e6       0x72 ./Middlewares/Third_Party/FreeRTOS/Source/list.o
                0x00000000080087e6                vListInsert
 .text.uxListRemove
                0x0000000008008858       0x54 ./Middlewares/Third_Party/FreeRTOS/Source/list.o
                0x0000000008008858                uxListRemove
 .text.xQueueGenericReset
                0x00000000080088ac       0xd4 ./Middlewares/Third_Party/FreeRTOS/Source/queue.o
                0x00000000080088ac                xQueueGenericReset
 .text.xQueueGenericCreateStatic
                0x0000000008008980      0x104 ./Middlewares/Third_Party/FreeRTOS/Source/queue.o
                0x0000000008008980                xQueueGenericCreateStatic
 .text.xQueueGenericCreate
                0x0000000008008a84       0x84 ./Middlewares/Third_Party/FreeRTOS/Source/queue.o
                0x0000000008008a84                xQueueGenericCreate
 .text.prvInitialiseNewQueue
                0x0000000008008b08       0x46 ./Middlewares/Third_Party/FreeRTOS/Source/queue.o
 .text.prvInitialiseMutex
                0x0000000008008b4e       0x34 ./Middlewares/Third_Party/FreeRTOS/Source/queue.o
 .text.xQueueCreateMutex
                0x0000000008008b82       0x30 ./Middlewares/Third_Party/FreeRTOS/Source/queue.o
                0x0000000008008b82                xQueueCreateMutex
 *fill*         0x0000000008008bb2        0x2 
 .text.xQueueGenericSend
                0x0000000008008bb4      0x20c ./Middlewares/Third_Party/FreeRTOS/Source/queue.o
                0x0000000008008bb4                xQueueGenericSend
 .text.xQueueGenericSendFromISR
                0x0000000008008dc0      0x140 ./Middlewares/Third_Party/FreeRTOS/Source/queue.o
                0x0000000008008dc0                xQueueGenericSendFromISR
 .text.xQueueReceive
                0x0000000008008f00      0x1cc ./Middlewares/Third_Party/FreeRTOS/Source/queue.o
                0x0000000008008f00                xQueueReceive
 .text.prvCopyDataToQueue
                0x00000000080090cc       0xd4 ./Middlewares/Third_Party/FreeRTOS/Source/queue.o
 .text.prvCopyDataFromQueue
                0x00000000080091a0       0x4c ./Middlewares/Third_Party/FreeRTOS/Source/queue.o
 .text.prvUnlockQueue
                0x00000000080091ec       0xa4 ./Middlewares/Third_Party/FreeRTOS/Source/queue.o
 .text.prvIsQueueEmpty
                0x0000000008009290       0x2c ./Middlewares/Third_Party/FreeRTOS/Source/queue.o
 .text.prvIsQueueFull
                0x00000000080092bc       0x30 ./Middlewares/Third_Party/FreeRTOS/Source/queue.o
 .text.vQueueAddToRegistry
                0x00000000080092ec       0x54 ./Middlewares/Third_Party/FreeRTOS/Source/queue.o
                0x00000000080092ec                vQueueAddToRegistry
 .text.vQueueWaitForMessageRestricted
                0x0000000008009340       0x68 ./Middlewares/Third_Party/FreeRTOS/Source/queue.o
                0x0000000008009340                vQueueWaitForMessageRestricted
 .text.xTaskCreateStatic
                0x00000000080093a8       0xc6 ./Middlewares/Third_Party/FreeRTOS/Source/tasks.o
                0x00000000080093a8                xTaskCreateStatic
 .text.xTaskCreate
                0x000000000800946e       0x8a ./Middlewares/Third_Party/FreeRTOS/Source/tasks.o
                0x000000000800946e                xTaskCreate
 .text.prvInitialiseNewTask
                0x00000000080094f8      0x150 ./Middlewares/Third_Party/FreeRTOS/Source/tasks.o
 .text.prvAddNewTaskToReadyList
                0x0000000008009648       0xe0 ./Middlewares/Third_Party/FreeRTOS/Source/tasks.o
 .text.vTaskDelay
                0x0000000008009728       0x6c ./Middlewares/Third_Party/FreeRTOS/Source/tasks.o
                0x0000000008009728                vTaskDelay
 .text.vTaskStartScheduler
                0x0000000008009794       0xe8 ./Middlewares/Third_Party/FreeRTOS/Source/tasks.o
                0x0000000008009794                vTaskStartScheduler
 .text.vTaskSuspendAll
                0x000000000800987c       0x1c ./Middlewares/Third_Party/FreeRTOS/Source/tasks.o
                0x000000000800987c                vTaskSuspendAll
 .text.xTaskResumeAll
                0x0000000008009898      0x140 ./Middlewares/Third_Party/FreeRTOS/Source/tasks.o
                0x0000000008009898                xTaskResumeAll
 .text.xTaskGetTickCount
                0x00000000080099d8       0x20 ./Middlewares/Third_Party/FreeRTOS/Source/tasks.o
                0x00000000080099d8                xTaskGetTickCount
 .text.xTaskIncrementTick
                0x00000000080099f8      0x178 ./Middlewares/Third_Party/FreeRTOS/Source/tasks.o
                0x00000000080099f8                xTaskIncrementTick
 .text.vTaskSwitchContext
                0x0000000008009b70       0xcc ./Middlewares/Third_Party/FreeRTOS/Source/tasks.o
                0x0000000008009b70                vTaskSwitchContext
 .text.vTaskPlaceOnEventList
                0x0000000008009c3c       0x4c ./Middlewares/Third_Party/FreeRTOS/Source/tasks.o
                0x0000000008009c3c                vTaskPlaceOnEventList
 .text.vTaskPlaceOnEventListRestricted
                0x0000000008009c88       0x5c ./Middlewares/Third_Party/FreeRTOS/Source/tasks.o
                0x0000000008009c88                vTaskPlaceOnEventListRestricted
 .text.xTaskRemoveFromEventList
                0x0000000008009ce4       0xcc ./Middlewares/Third_Party/FreeRTOS/Source/tasks.o
                0x0000000008009ce4                xTaskRemoveFromEventList
 .text.vTaskInternalSetTimeOutState
                0x0000000008009db0       0x2c ./Middlewares/Third_Party/FreeRTOS/Source/tasks.o
                0x0000000008009db0                vTaskInternalSetTimeOutState
 .text.xTaskCheckForTimeOut
                0x0000000008009ddc       0xcc ./Middlewares/Third_Party/FreeRTOS/Source/tasks.o
                0x0000000008009ddc                xTaskCheckForTimeOut
 .text.vTaskMissedYield
                0x0000000008009ea8       0x18 ./Middlewares/Third_Party/FreeRTOS/Source/tasks.o
                0x0000000008009ea8                vTaskMissedYield
 .text.prvIdleTask
                0x0000000008009ec0       0x30 ./Middlewares/Third_Party/FreeRTOS/Source/tasks.o
 .text.prvInitialiseTaskLists
                0x0000000008009ef0       0x80 ./Middlewares/Third_Party/FreeRTOS/Source/tasks.o
 .text.prvCheckTasksWaitingTermination
                0x0000000008009f70       0x5c ./Middlewares/Third_Party/FreeRTOS/Source/tasks.o
 .text.prvDeleteTCB
                0x0000000008009fcc       0x6c ./Middlewares/Third_Party/FreeRTOS/Source/tasks.o
 .text.prvResetNextTaskUnblockTime
                0x000000000800a038       0x40 ./Middlewares/Third_Party/FreeRTOS/Source/tasks.o
 .text.xTaskGetSchedulerState
                0x000000000800a078       0x3c ./Middlewares/Third_Party/FreeRTOS/Source/tasks.o
                0x000000000800a078                xTaskGetSchedulerState
 .text.xTaskPriorityDisinherit
                0x000000000800a0b4       0xe4 ./Middlewares/Third_Party/FreeRTOS/Source/tasks.o
                0x000000000800a0b4                xTaskPriorityDisinherit
 .text.prvAddCurrentTaskToDelayedList
                0x000000000800a198       0xa8 ./Middlewares/Third_Party/FreeRTOS/Source/tasks.o
 .text.xTimerCreateTimerTask
                0x000000000800a240       0x94 ./Middlewares/Third_Party/FreeRTOS/Source/timers.o
                0x000000000800a240                xTimerCreateTimerTask
 .text.xTimerGenericCommand
                0x000000000800a2d4       0xa0 ./Middlewares/Third_Party/FreeRTOS/Source/timers.o
                0x000000000800a2d4                xTimerGenericCommand
 .text.prvProcessExpiredTimer
                0x000000000800a374       0x9c ./Middlewares/Third_Party/FreeRTOS/Source/timers.o
 .text.prvTimerTask
                0x000000000800a410       0x24 ./Middlewares/Third_Party/FreeRTOS/Source/timers.o
 .text.prvProcessTimerOrBlockTask
                0x000000000800a434       0x9c ./Middlewares/Third_Party/FreeRTOS/Source/timers.o
 .text.prvGetNextExpireTime
                0x000000000800a4d0       0x48 ./Middlewares/Third_Party/FreeRTOS/Source/timers.o
 .text.prvSampleTimeNow
                0x000000000800a518       0x40 ./Middlewares/Third_Party/FreeRTOS/Source/timers.o
 .text.prvInsertTimerInActiveList
                0x000000000800a558       0x84 ./Middlewares/Third_Party/FreeRTOS/Source/timers.o
 .text.prvProcessReceivedCommands
                0x000000000800a5dc      0x1d0 ./Middlewares/Third_Party/FreeRTOS/Source/timers.o
 .text.prvSwitchTimerLists
                0x000000000800a7ac       0xcc ./Middlewares/Third_Party/FreeRTOS/Source/timers.o
 .text.prvCheckForValidListAndQueue
                0x000000000800a878       0x80 ./Middlewares/Third_Party/FreeRTOS/Source/timers.o
 .text.pxPortInitialiseStack
                0x000000000800a8f8       0x68 ./Middlewares/Third_Party/FreeRTOS/Source/portable/GCC/ARM_CM7/r0p1/port.o
                0x000000000800a8f8                pxPortInitialiseStack
 .text.prvTaskExitError
                0x000000000800a960       0x60 ./Middlewares/Third_Party/FreeRTOS/Source/portable/GCC/ARM_CM7/r0p1/port.o
 .text.SVC_Handler
                0x000000000800a9c0       0x28 ./Middlewares/Third_Party/FreeRTOS/Source/portable/GCC/ARM_CM7/r0p1/port.o
                0x000000000800a9c0                SVC_Handler
 .text.prvPortStartFirstTask
                0x000000000800a9e8       0x28 ./Middlewares/Third_Party/FreeRTOS/Source/portable/GCC/ARM_CM7/r0p1/port.o
 .text.xPortStartScheduler
                0x000000000800aa10       0xfc ./Middlewares/Third_Party/FreeRTOS/Source/portable/GCC/ARM_CM7/r0p1/port.o
                0x000000000800aa10                xPortStartScheduler
 .text.vPortEnterCritical
                0x000000000800ab0c       0x68 ./Middlewares/Third_Party/FreeRTOS/Source/portable/GCC/ARM_CM7/r0p1/port.o
                0x000000000800ab0c                vPortEnterCritical
 .text.vPortExitCritical
                0x000000000800ab74       0x58 ./Middlewares/Third_Party/FreeRTOS/Source/portable/GCC/ARM_CM7/r0p1/port.o
                0x000000000800ab74                vPortExitCritical
 *fill*         0x000000000800abcc        0x4 
 .text.PendSV_Handler
                0x000000000800abd0       0x68 ./Middlewares/Third_Party/FreeRTOS/Source/portable/GCC/ARM_CM7/r0p1/port.o
                0x000000000800abd0                PendSV_Handler
 .text.SysTick_Handler
                0x000000000800ac38       0x48 ./Middlewares/Third_Party/FreeRTOS/Source/portable/GCC/ARM_CM7/r0p1/port.o
                0x000000000800ac38                SysTick_Handler
 .text.vPortSetupTimerInterrupt
                0x000000000800ac80       0x48 ./Middlewares/Third_Party/FreeRTOS/Source/portable/GCC/ARM_CM7/r0p1/port.o
                0x000000000800ac80                vPortSetupTimerInterrupt
 .text.vPortEnableVFP
                0x000000000800acc8       0x14 ./Middlewares/Third_Party/FreeRTOS/Source/portable/GCC/ARM_CM7/r0p1/port.o
 .text.vPortValidateInterruptPriority
                0x000000000800acdc       0x88 ./Middlewares/Third_Party/FreeRTOS/Source/portable/GCC/ARM_CM7/r0p1/port.o
                0x000000000800acdc                vPortValidateInterruptPriority
 .text.pvPortMalloc
                0x000000000800ad64      0x194 ./Middlewares/Third_Party/FreeRTOS/Source/portable/MemMang/heap_4.o
                0x000000000800ad64                pvPortMalloc
 .text.vPortFree
                0x000000000800aef8       0xbc ./Middlewares/Third_Party/FreeRTOS/Source/portable/MemMang/heap_4.o
                0x000000000800aef8                vPortFree
 .text.prvHeapInit
                0x000000000800afb4       0xc4 ./Middlewares/Third_Party/FreeRTOS/Source/portable/MemMang/heap_4.o
 .text.prvInsertBlockIntoFreeList
                0x000000000800b078       0xb4 ./Middlewares/Third_Party/FreeRTOS/Source/portable/MemMang/heap_4.o
 .text.malloc   0x000000000800b12c       0x10 /Applications/STM32CubeIDE.app/Contents/Eclipse/plugins/com.st.stm32cube.ide.mcu.externaltools.gnu-tools-for-stm32.11.3.rel1.macos64_1.1.1.202309131626/tools/bin/../lib/gcc/arm-none-eabi/11.3.1/../../../../arm-none-eabi/lib/thumb/v7e-m+dp/hard/libc_nano.a(libc_a-malloc.o)
                0x000000000800b12c                malloc
 .text.sbrk_aligned
                0x000000000800b13c       0x40 /Applications/STM32CubeIDE.app/Contents/Eclipse/plugins/com.st.stm32cube.ide.mcu.externaltools.gnu-tools-for-stm32.11.3.rel1.macos64_1.1.1.202309131626/tools/bin/../lib/gcc/arm-none-eabi/11.3.1/../../../../arm-none-eabi/lib/thumb/v7e-m+dp/hard/libc_nano.a(libc_a-mallocr.o)
 .text._malloc_r
                0x000000000800b17c      0x100 /Applications/STM32CubeIDE.app/Contents/Eclipse/plugins/com.st.stm32cube.ide.mcu.externaltools.gnu-tools-for-stm32.11.3.rel1.macos64_1.1.1.202309131626/tools/bin/../lib/gcc/arm-none-eabi/11.3.1/../../../../arm-none-eabi/lib/thumb/v7e-m+dp/hard/libc_nano.a(libc_a-mallocr.o)
                0x000000000800b17c                _malloc_r
 .text.__malloc_lock
                0x000000000800b27c        0xc /Applications/STM32CubeIDE.app/Contents/Eclipse/plugins/com.st.stm32cube.ide.mcu.externaltools.gnu-tools-for-stm32.11.3.rel1.macos64_1.1.1.202309131626/tools/bin/../lib/gcc/arm-none-eabi/11.3.1/../../../../arm-none-eabi/lib/thumb/v7e-m+dp/hard/libc_nano.a(libc_a-mlock.o)
                0x000000000800b27c                __malloc_lock
 .text.__malloc_unlock
                0x000000000800b288        0xc /Applications/STM32CubeIDE.app/Contents/Eclipse/plugins/com.st.stm32cube.ide.mcu.externaltools.gnu-tools-for-stm32.11.3.rel1.macos64_1.1.1.202309131626/tools/bin/../lib/gcc/arm-none-eabi/11.3.1/../../../../arm-none-eabi/lib/thumb/v7e-m+dp/hard/libc_nano.a(libc_a-mlock.o)
                0x000000000800b288                __malloc_unlock
 .text.rand     0x000000000800b294       0x7c /Applications/STM32CubeIDE.app/Contents/Eclipse/plugins/com.st.stm32cube.ide.mcu.externaltools.gnu-tools-for-stm32.11.3.rel1.macos64_1.1.1.202309131626/tools/bin/../lib/gcc/arm-none-eabi/11.3.1/../../../../arm-none-eabi/lib/thumb/v7e-m+dp/hard/libc_nano.a(libc_a-rand.o)
                0x000000000800b294                rand
 .text.std      0x000000000800b310       0x6c /Applications/STM32CubeIDE.app/Contents/Eclipse/plugins/com.st.stm32cube.ide.mcu.externaltools.gnu-tools-for-stm32.11.3.rel1.macos64_1.1.1.202309131626/tools/bin/../lib/gcc/arm-none-eabi/11.3.1/../../../../arm-none-eabi/lib/thumb/v7e-m+dp/hard/libc_nano.a(libc_a-findfp.o)
 .text.stdio_exit_handler
                0x000000000800b37c       0x18 /Applications/STM32CubeIDE.app/Contents/Eclipse/plugins/com.st.stm32cube.ide.mcu.externaltools.gnu-tools-for-stm32.11.3.rel1.macos64_1.1.1.202309131626/tools/bin/../lib/gcc/arm-none-eabi/11.3.1/../../../../arm-none-eabi/lib/thumb/v7e-m+dp/hard/libc_nano.a(libc_a-findfp.o)
 .text.cleanup_stdio
                0x000000000800b394       0x40 /Applications/STM32CubeIDE.app/Contents/Eclipse/plugins/com.st.stm32cube.ide.mcu.externaltools.gnu-tools-for-stm32.11.3.rel1.macos64_1.1.1.202309131626/tools/bin/../lib/gcc/arm-none-eabi/11.3.1/../../../../arm-none-eabi/lib/thumb/v7e-m+dp/hard/libc_nano.a(libc_a-findfp.o)
 .text.global_stdio_init.part.0
                0x000000000800b3d4       0x3c /Applications/STM32CubeIDE.app/Contents/Eclipse/plugins/com.st.stm32cube.ide.mcu.externaltools.gnu-tools-for-stm32.11.3.rel1.macos64_1.1.1.202309131626/tools/bin/../lib/gcc/arm-none-eabi/11.3.1/../../../../arm-none-eabi/lib/thumb/v7e-m+dp/hard/libc_nano.a(libc_a-findfp.o)
 .text.__sfp_lock_acquire
                0x000000000800b410        0xc /Applications/STM32CubeIDE.app/Contents/Eclipse/plugins/com.st.stm32cube.ide.mcu.externaltools.gnu-tools-for-stm32.11.3.rel1.macos64_1.1.1.202309131626/tools/bin/../lib/gcc/arm-none-eabi/11.3.1/../../../../arm-none-eabi/lib/thumb/v7e-m+dp/hard/libc_nano.a(libc_a-findfp.o)
                0x000000000800b410                __sfp_lock_acquire
 .text.__sfp_lock_release
                0x000000000800b41c        0xc /Applications/STM32CubeIDE.app/Contents/Eclipse/plugins/com.st.stm32cube.ide.mcu.externaltools.gnu-tools-for-stm32.11.3.rel1.macos64_1.1.1.202309131626/tools/bin/../lib/gcc/arm-none-eabi/11.3.1/../../../../arm-none-eabi/lib/thumb/v7e-m+dp/hard/libc_nano.a(libc_a-findfp.o)
                0x000000000800b41c                __sfp_lock_release
 .text.__sinit  0x000000000800b428       0x30 /Applications/STM32CubeIDE.app/Contents/Eclipse/plugins/com.st.stm32cube.ide.mcu.externaltools.gnu-tools-for-stm32.11.3.rel1.macos64_1.1.1.202309131626/tools/bin/../lib/gcc/arm-none-eabi/11.3.1/../../../../arm-none-eabi/lib/thumb/v7e-m+dp/hard/libc_nano.a(libc_a-findfp.o)
                0x000000000800b428                __sinit
 .text._fwalk_sglue
                0x000000000800b458       0x3c /Applications/STM32CubeIDE.app/Contents/Eclipse/plugins/com.st.stm32cube.ide.mcu.externaltools.gnu-tools-for-stm32.11.3.rel1.macos64_1.1.1.202309131626/tools/bin/../lib/gcc/arm-none-eabi/11.3.1/../../../../arm-none-eabi/lib/thumb/v7e-m+dp/hard/libc_nano.a(libc_a-fwalk.o)
                0x000000000800b458                _fwalk_sglue
 .text.memset   0x000000000800b494       0x10 /Applications/STM32CubeIDE.app/Contents/Eclipse/plugins/com.st.stm32cube.ide.mcu.externaltools.gnu-tools-for-stm32.11.3.rel1.macos64_1.1.1.202309131626/tools/bin/../lib/gcc/arm-none-eabi/11.3.1/../../../../arm-none-eabi/lib/thumb/v7e-m+dp/hard/libc_nano.a(libc_a-memset.o)
                0x000000000800b494                memset
 .text._reclaim_reent
                0x000000000800b4a4       0xac /Applications/STM32CubeIDE.app/Contents/Eclipse/plugins/com.st.stm32cube.ide.mcu.externaltools.gnu-tools-for-stm32.11.3.rel1.macos64_1.1.1.202309131626/tools/bin/../lib/gcc/arm-none-eabi/11.3.1/../../../../arm-none-eabi/lib/thumb/v7e-m+dp/hard/libc_nano.a(libc_a-reent.o)
                0x000000000800b4a4                _reclaim_reent
 .text._sbrk_r  0x000000000800b550       0x20 /Applications/STM32CubeIDE.app/Contents/Eclipse/plugins/com.st.stm32cube.ide.mcu.externaltools.gnu-tools-for-stm32.11.3.rel1.macos64_1.1.1.202309131626/tools/bin/../lib/gcc/arm-none-eabi/11.3.1/../../../../arm-none-eabi/lib/thumb/v7e-m+dp/hard/libc_nano.a(libc_a-sbrkr.o)
                0x000000000800b550                _sbrk_r
 .text.__errno  0x000000000800b570        0xc /Applications/STM32CubeIDE.app/Contents/Eclipse/plugins/com.st.stm32cube.ide.mcu.externaltools.gnu-tools-for-stm32.11.3.rel1.macos64_1.1.1.202309131626/tools/bin/../lib/gcc/arm-none-eabi/11.3.1/../../../../arm-none-eabi/lib/thumb/v7e-m+dp/hard/libc_nano.a(libc_a-errno.o)
                0x000000000800b570                __errno
 .text.__libc_init_array
                0x000000000800b57c       0x48 /Applications/STM32CubeIDE.app/Contents/Eclipse/plugins/com.st.stm32cube.ide.mcu.externaltools.gnu-tools-for-stm32.11.3.rel1.macos64_1.1.1.202309131626/tools/bin/../lib/gcc/arm-none-eabi/11.3.1/../../../../arm-none-eabi/lib/thumb/v7e-m+dp/hard/libc_nano.a(libc_a-init.o)
                0x000000000800b57c                __libc_init_array
 .text.__retarget_lock_init_recursive
                0x000000000800b5c4        0x2 /Applications/STM32CubeIDE.app/Contents/Eclipse/plugins/com.st.stm32cube.ide.mcu.externaltools.gnu-tools-for-stm32.11.3.rel1.macos64_1.1.1.202309131626/tools/bin/../lib/gcc/arm-none-eabi/11.3.1/../../../../arm-none-eabi/lib/thumb/v7e-m+dp/hard/libc_nano.a(libc_a-lock.o)
                0x000000000800b5c4                __retarget_lock_init_recursive
 .text.__retarget_lock_acquire_recursive
                0x000000000800b5c6        0x2 /Applications/STM32CubeIDE.app/Contents/Eclipse/plugins/com.st.stm32cube.ide.mcu.externaltools.gnu-tools-for-stm32.11.3.rel1.macos64_1.1.1.202309131626/tools/bin/../lib/gcc/arm-none-eabi/11.3.1/../../../../arm-none-eabi/lib/thumb/v7e-m+dp/hard/libc_nano.a(libc_a-lock.o)
                0x000000000800b5c6                __retarget_lock_acquire_recursive
 .text.__retarget_lock_release_recursive
                0x000000000800b5c8        0x2 /Applications/STM32CubeIDE.app/Contents/Eclipse/plugins/com.st.stm32cube.ide.mcu.externaltools.gnu-tools-for-stm32.11.3.rel1.macos64_1.1.1.202309131626/tools/bin/../lib/gcc/arm-none-eabi/11.3.1/../../../../arm-none-eabi/lib/thumb/v7e-m+dp/hard/libc_nano.a(libc_a-lock.o)
                0x000000000800b5c8                __retarget_lock_release_recursive
 .text.memcpy   0x000000000800b5ca       0x1c /Applications/STM32CubeIDE.app/Contents/Eclipse/plugins/com.st.stm32cube.ide.mcu.externaltools.gnu-tools-for-stm32.11.3.rel1.macos64_1.1.1.202309131626/tools/bin/../lib/gcc/arm-none-eabi/11.3.1/../../../../arm-none-eabi/lib/thumb/v7e-m+dp/hard/libc_nano.a(libc_a-memcpy-stub.o)
                0x000000000800b5ca                memcpy
 *fill*         0x000000000800b5e6        0x2 
 .text.__assert_func
                0x000000000800b5e8       0x3c /Applications/STM32CubeIDE.app/Contents/Eclipse/plugins/com.st.stm32cube.ide.mcu.externaltools.gnu-tools-for-stm32.11.3.rel1.macos64_1.1.1.202309131626/tools/bin/../lib/gcc/arm-none-eabi/11.3.1/../../../../arm-none-eabi/lib/thumb/v7e-m+dp/hard/libc_nano.a(libc_a-assert.o)
                0x000000000800b5e8                __assert_func
 .text._free_r  0x000000000800b624       0x98 /Applications/STM32CubeIDE.app/Contents/Eclipse/plugins/com.st.stm32cube.ide.mcu.externaltools.gnu-tools-for-stm32.11.3.rel1.macos64_1.1.1.202309131626/tools/bin/../lib/gcc/arm-none-eabi/11.3.1/../../../../arm-none-eabi/lib/thumb/v7e-m+dp/hard/libc_nano.a(libc_a-freer.o)
                0x000000000800b624                _free_r
 .text.__sflush_r
                0x000000000800b6bc      0x10c /Applications/STM32CubeIDE.app/Contents/Eclipse/plugins/com.st.stm32cube.ide.mcu.externaltools.gnu-tools-for-stm32.11.3.rel1.macos64_1.1.1.202309131626/tools/bin/../lib/gcc/arm-none-eabi/11.3.1/../../../../arm-none-eabi/lib/thumb/v7e-m+dp/hard/libc_nano.a(libc_a-fflush.o)
                0x000000000800b6bc                __sflush_r
 .text._fflush_r
                0x000000000800b7c8       0x50 /Applications/STM32CubeIDE.app/Contents/Eclipse/plugins/com.st.stm32cube.ide.mcu.externaltools.gnu-tools-for-stm32.11.3.rel1.macos64_1.1.1.202309131626/tools/bin/../lib/gcc/arm-none-eabi/11.3.1/../../../../arm-none-eabi/lib/thumb/v7e-m+dp/hard/libc_nano.a(libc_a-fflush.o)
                0x000000000800b7c8                _fflush_r
 .text.__sread  0x000000000800b818       0x22 /Applications/STM32CubeIDE.app/Contents/Eclipse/plugins/com.st.stm32cube.ide.mcu.externaltools.gnu-tools-for-stm32.11.3.rel1.macos64_1.1.1.202309131626/tools/bin/../lib/gcc/arm-none-eabi/11.3.1/../../../../arm-none-eabi/lib/thumb/v7e-m+dp/hard/libc_nano.a(libc_a-stdio.o)
                0x000000000800b818                __sread
 .text.__swrite
                0x000000000800b83a       0x38 /Applications/STM32CubeIDE.app/Contents/Eclipse/plugins/com.st.stm32cube.ide.mcu.externaltools.gnu-tools-for-stm32.11.3.rel1.macos64_1.1.1.202309131626/tools/bin/../lib/gcc/arm-none-eabi/11.3.1/../../../../arm-none-eabi/lib/thumb/v7e-m+dp/hard/libc_nano.a(libc_a-stdio.o)
                0x000000000800b83a                __swrite
 .text.__sseek  0x000000000800b872       0x24 /Applications/STM32CubeIDE.app/Contents/Eclipse/plugins/com.st.stm32cube.ide.mcu.externaltools.gnu-tools-for-stm32.11.3.rel1.macos64_1.1.1.202309131626/tools/bin/../lib/gcc/arm-none-eabi/11.3.1/../../../../arm-none-eabi/lib/thumb/v7e-m+dp/hard/libc_nano.a(libc_a-stdio.o)
                0x000000000800b872                __sseek
 .text.__sclose
                0x000000000800b896        0x8 /Applications/STM32CubeIDE.app/Contents/Eclipse/plugins/com.st.stm32cube.ide.mcu.externaltools.gnu-tools-for-stm32.11.3.rel1.macos64_1.1.1.202309131626/tools/bin/../lib/gcc/arm-none-eabi/11.3.1/../../../../arm-none-eabi/lib/thumb/v7e-m+dp/hard/libc_nano.a(libc_a-stdio.o)
                0x000000000800b896                __sclose
 *fill*         0x000000000800b89e        0x2 
 .text.fprintf  0x000000000800b8a0       0x24 /Applications/STM32CubeIDE.app/Contents/Eclipse/plugins/com.st.stm32cube.ide.mcu.externaltools.gnu-tools-for-stm32.11.3.rel1.macos64_1.1.1.202309131626/tools/bin/../lib/gcc/arm-none-eabi/11.3.1/../../../../arm-none-eabi/lib/thumb/v7e-m+dp/hard/libc_nano.a(libc_a-fprintf.o)
                0x000000000800b8a0                fprintf
                0x000000000800b8a0                fiprintf
 .text._close_r
                0x000000000800b8c4       0x20 /Applications/STM32CubeIDE.app/Contents/Eclipse/plugins/com.st.stm32cube.ide.mcu.externaltools.gnu-tools-for-stm32.11.3.rel1.macos64_1.1.1.202309131626/tools/bin/../lib/gcc/arm-none-eabi/11.3.1/../../../../arm-none-eabi/lib/thumb/v7e-m+dp/hard/libc_nano.a(libc_a-closer.o)
                0x000000000800b8c4                _close_r
 .text._lseek_r
                0x000000000800b8e4       0x24 /Applications/STM32CubeIDE.app/Contents/Eclipse/plugins/com.st.stm32cube.ide.mcu.externaltools.gnu-tools-for-stm32.11.3.rel1.macos64_1.1.1.202309131626/tools/bin/../lib/gcc/arm-none-eabi/11.3.1/../../../../arm-none-eabi/lib/thumb/v7e-m+dp/hard/libc_nano.a(libc_a-lseekr.o)
                0x000000000800b8e4                _lseek_r
 .text._read_r  0x000000000800b908       0x24 /Applications/STM32CubeIDE.app/Contents/Eclipse/plugins/com.st.stm32cube.ide.mcu.externaltools.gnu-tools-for-stm32.11.3.rel1.macos64_1.1.1.202309131626/tools/bin/../lib/gcc/arm-none-eabi/11.3.1/../../../../arm-none-eabi/lib/thumb/v7e-m+dp/hard/libc_nano.a(libc_a-readr.o)
                0x000000000800b908                _read_r
 .text._write_r
                0x000000000800b92c       0x24 /Applications/STM32CubeIDE.app/Contents/Eclipse/plugins/com.st.stm32cube.ide.mcu.externaltools.gnu-tools-for-stm32.11.3.rel1.macos64_1.1.1.202309131626/tools/bin/../lib/gcc/arm-none-eabi/11.3.1/../../../../arm-none-eabi/lib/thumb/v7e-m+dp/hard/libc_nano.a(libc_a-writer.o)
                0x000000000800b92c                _write_r
 .text.abort    0x000000000800b950        0xe /Applications/STM32CubeIDE.app/Contents/Eclipse/plugins/com.st.stm32cube.ide.mcu.externaltools.gnu-tools-for-stm32.11.3.rel1.macos64_1.1.1.202309131626/tools/bin/../lib/gcc/arm-none-eabi/11.3.1/../../../../arm-none-eabi/lib/thumb/v7e-m+dp/hard/libc_nano.a(libc_a-abort.o)
                0x000000000800b950                abort
 .text.__sfputc_r
                0x000000000800b95e       0x2e /Applications/STM32CubeIDE.app/Contents/Eclipse/plugins/com.st.stm32cube.ide.mcu.externaltools.gnu-tools-for-stm32.11.3.rel1.macos64_1.1.1.202309131626/tools/bin/../lib/gcc/arm-none-eabi/11.3.1/../../../../arm-none-eabi/lib/thumb/v7e-m+dp/hard/libc_nano.a(libc_a-nano-vfprintf.o)
 .text.__sfputs_r
                0x000000000800b98c       0x24 /Applications/STM32CubeIDE.app/Contents/Eclipse/plugins/com.st.stm32cube.ide.mcu.externaltools.gnu-tools-for-stm32.11.3.rel1.macos64_1.1.1.202309131626/tools/bin/../lib/gcc/arm-none-eabi/11.3.1/../../../../arm-none-eabi/lib/thumb/v7e-m+dp/hard/libc_nano.a(libc_a-nano-vfprintf.o)
                0x000000000800b98c                __sfputs_r
 .text._vfprintf_r
                0x000000000800b9b0      0x234 /Applications/STM32CubeIDE.app/Contents/Eclipse/plugins/com.st.stm32cube.ide.mcu.externaltools.gnu-tools-for-stm32.11.3.rel1.macos64_1.1.1.202309131626/tools/bin/../lib/gcc/arm-none-eabi/11.3.1/../../../../arm-none-eabi/lib/thumb/v7e-m+dp/hard/libc_nano.a(libc_a-nano-vfprintf.o)
                0x000000000800b9b0                _vfiprintf_r
                0x000000000800b9b0                _vfprintf_r
 .text._printf_common
                0x000000000800bbe4       0xda /Applications/STM32CubeIDE.app/Contents/Eclipse/plugins/com.st.stm32cube.ide.mcu.externaltools.gnu-tools-for-stm32.11.3.rel1.macos64_1.1.1.202309131626/tools/bin/../lib/gcc/arm-none-eabi/11.3.1/../../../../arm-none-eabi/lib/thumb/v7e-m+dp/hard/libc_nano.a(libc_a-nano-vfprintf_i.o)
                0x000000000800bbe4                _printf_common
 *fill*         0x000000000800bcbe        0x2 
 .text._printf_i
                0x000000000800bcc0      0x244 /Applications/STM32CubeIDE.app/Contents/Eclipse/plugins/com.st.stm32cube.ide.mcu.externaltools.gnu-tools-for-stm32.11.3.rel1.macos64_1.1.1.202309131626/tools/bin/../lib/gcc/arm-none-eabi/11.3.1/../../../../arm-none-eabi/lib/thumb/v7e-m+dp/hard/libc_nano.a(libc_a-nano-vfprintf_i.o)
                0x000000000800bcc0                _printf_i
 .text.__swbuf_r
                0x000000000800bf04       0x7a /Applications/STM32CubeIDE.app/Contents/Eclipse/plugins/com.st.stm32cube.ide.mcu.externaltools.gnu-tools-for-stm32.11.3.rel1.macos64_1.1.1.202309131626/tools/bin/../lib/gcc/arm-none-eabi/11.3.1/../../../../arm-none-eabi/lib/thumb/v7e-m+dp/hard/libc_nano.a(libc_a-wbuf.o)
                0x000000000800bf04                __swbuf_r
 *fill*         0x000000000800bf7e        0x2 
 .text.__swsetup_r
                0x000000000800bf80       0xb0 /Applications/STM32CubeIDE.app/Contents/Eclipse/plugins/com.st.stm32cube.ide.mcu.externaltools.gnu-tools-for-stm32.11.3.rel1.macos64_1.1.1.202309131626/tools/bin/../lib/gcc/arm-none-eabi/11.3.1/../../../../arm-none-eabi/lib/thumb/v7e-m+dp/hard/libc_nano.a(libc_a-wsetup.o)
                0x000000000800bf80                __swsetup_r
 .text.__swhatbuf_r
                0x000000000800c030       0x4c /Applications/STM32CubeIDE.app/Contents/Eclipse/plugins/com.st.stm32cube.ide.mcu.externaltools.gnu-tools-for-stm32.11.3.rel1.macos64_1.1.1.202309131626/tools/bin/../lib/gcc/arm-none-eabi/11.3.1/../../../../arm-none-eabi/lib/thumb/v7e-m+dp/hard/libc_nano.a(libc_a-makebuf.o)
                0x000000000800c030                __swhatbuf_r
 .text.__smakebuf_r
                0x000000000800c07c       0x78 /Applications/STM32CubeIDE.app/Contents/Eclipse/plugins/com.st.stm32cube.ide.mcu.externaltools.gnu-tools-for-stm32.11.3.rel1.macos64_1.1.1.202309131626/tools/bin/../lib/gcc/arm-none-eabi/11.3.1/../../../../arm-none-eabi/lib/thumb/v7e-m+dp/hard/libc_nano.a(libc_a-makebuf.o)
                0x000000000800c07c                __smakebuf_r
 .text._fstat_r
                0x000000000800c0f4       0x24 /Applications/STM32CubeIDE.app/Contents/Eclipse/plugins/com.st.stm32cube.ide.mcu.externaltools.gnu-tools-for-stm32.11.3.rel1.macos64_1.1.1.202309131626/tools/bin/../lib/gcc/arm-none-eabi/11.3.1/../../../../arm-none-eabi/lib/thumb/v7e-m+dp/hard/libc_nano.a(libc_a-fstatr.o)
                0x000000000800c0f4                _fstat_r
 .text._isatty_r
                0x000000000800c118       0x20 /Applications/STM32CubeIDE.app/Contents/Eclipse/plugins/com.st.stm32cube.ide.mcu.externaltools.gnu-tools-for-stm32.11.3.rel1.macos64_1.1.1.202309131626/tools/bin/../lib/gcc/arm-none-eabi/11.3.1/../../../../arm-none-eabi/lib/thumb/v7e-m+dp/hard/libc_nano.a(libc_a-isattyr.o)
                0x000000000800c118                _isatty_r
 .text._raise_r
                0x000000000800c138       0x50 /Applications/STM32CubeIDE.app/Contents/Eclipse/plugins/com.st.stm32cube.ide.mcu.externaltools.gnu-tools-for-stm32.11.3.rel1.macos64_1.1.1.202309131626/tools/bin/../lib/gcc/arm-none-eabi/11.3.1/../../../../arm-none-eabi/lib/thumb/v7e-m+dp/hard/libc_nano.a(libc_a-signal.o)
                0x000000000800c138                _raise_r
 .text.raise    0x000000000800c188       0x10 /Applications/STM32CubeIDE.app/Contents/Eclipse/plugins/com.st.stm32cube.ide.mcu.externaltools.gnu-tools-for-stm32.11.3.rel1.macos64_1.1.1.202309131626/tools/bin/../lib/gcc/arm-none-eabi/11.3.1/../../../../arm-none-eabi/lib/thumb/v7e-m+dp/hard/libc_nano.a(libc_a-signal.o)
                0x000000000800c188                raise
 .text._kill_r  0x000000000800c198       0x24 /Applications/STM32CubeIDE.app/Contents/Eclipse/plugins/com.st.stm32cube.ide.mcu.externaltools.gnu-tools-for-stm32.11.3.rel1.macos64_1.1.1.202309131626/tools/bin/../lib/gcc/arm-none-eabi/11.3.1/../../../../arm-none-eabi/lib/thumb/v7e-m+dp/hard/libc_nano.a(libc_a-signalr.o)
                0x000000000800c198                _kill_r
 .text._getpid_r
                0x000000000800c1bc        0x4 /Applications/STM32CubeIDE.app/Contents/Eclipse/plugins/com.st.stm32cube.ide.mcu.externaltools.gnu-tools-for-stm32.11.3.rel1.macos64_1.1.1.202309131626/tools/bin/../lib/gcc/arm-none-eabi/11.3.1/../../../../arm-none-eabi/lib/thumb/v7e-m+dp/hard/libc_nano.a(libc_a-signalr.o)
                0x000000000800c1bc                _getpid_r
 *(.glue_7)
 .glue_7        0x000000000800c1c0        0x0 linker stubs
 *(.glue_7t)
 .glue_7t       0x000000000800c1c0        0x0 linker stubs
 *(.eh_frame)
 .eh_frame      0x000000000800c1c0        0x0 /Applications/STM32CubeIDE.app/Contents/Eclipse/plugins/com.st.stm32cube.ide.mcu.externaltools.gnu-tools-for-stm32.11.3.rel1.macos64_1.1.1.202309131626/tools/bin/../lib/gcc/arm-none-eabi/11.3.1/thumb/v7e-m+dp/hard/crtbegin.o
 *(.init)
 .init          0x000000000800c1c0        0x4 /Applications/STM32CubeIDE.app/Contents/Eclipse/plugins/com.st.stm32cube.ide.mcu.externaltools.gnu-tools-for-stm32.11.3.rel1.macos64_1.1.1.202309131626/tools/bin/../lib/gcc/arm-none-eabi/11.3.1/thumb/v7e-m+dp/hard/crti.o
                0x000000000800c1c0                _init
 .init          0x000000000800c1c4        0x8 /Applications/STM32CubeIDE.app/Contents/Eclipse/plugins/com.st.stm32cube.ide.mcu.externaltools.gnu-tools-for-stm32.11.3.rel1.macos64_1.1.1.202309131626/tools/bin/../lib/gcc/arm-none-eabi/11.3.1/thumb/v7e-m+dp/hard/crtn.o
 *(.fini)
 .fini          0x000000000800c1cc        0x4 /Applications/STM32CubeIDE.app/Contents/Eclipse/plugins/com.st.stm32cube.ide.mcu.externaltools.gnu-tools-for-stm32.11.3.rel1.macos64_1.1.1.202309131626/tools/bin/../lib/gcc/arm-none-eabi/11.3.1/thumb/v7e-m+dp/hard/crti.o
                0x000000000800c1cc                _fini
 .fini          0x000000000800c1d0        0x8 /Applications/STM32CubeIDE.app/Contents/Eclipse/plugins/com.st.stm32cube.ide.mcu.externaltools.gnu-tools-for-stm32.11.3.rel1.macos64_1.1.1.202309131626/tools/bin/../lib/gcc/arm-none-eabi/11.3.1/thumb/v7e-m+dp/hard/crtn.o
                0x000000000800c1d8                . = ALIGN (0x4)
                0x000000000800c1d8                _etext = .

.vfp11_veneer   0x000000000800c1d8        0x0
 .vfp11_veneer  0x000000000800c1d8        0x0 linker stubs

.v4_bx          0x000000000800c1d8        0x0
 .v4_bx         0x000000000800c1d8        0x0 linker stubs

.iplt           0x000000000800c1d8        0x0
 .iplt          0x000000000800c1d8        0x0 /Applications/STM32CubeIDE.app/Contents/Eclipse/plugins/com.st.stm32cube.ide.mcu.externaltools.gnu-tools-for-stm32.11.3.rel1.macos64_1.1.1.202309131626/tools/bin/../lib/gcc/arm-none-eabi/11.3.1/thumb/v7e-m+dp/hard/crtbegin.o

.rodata         0x000000000800c1d8     0x2d48
                0x000000000800c1d8                . = ALIGN (0x4)
 *(.rodata)
 .rodata        0x000000000800c1d8        0xc ./Core/Src/freertos.o
 .rodata        0x000000000800c1e4       0x64 ./Core/Src/main_user.o
 .rodata        0x000000000800c248        0x5 ./Middlewares/Third_Party/FreeRTOS/Source/tasks.o
 *fill*         0x000000000800c24d        0x3 
 .rodata        0x000000000800c250        0xd ./Middlewares/Third_Party/FreeRTOS/Source/timers.o
 *(.rodata*)
 *fill*         0x000000000800c25d        0x3 
 .rodata.lcdRegData1
                0x000000000800c260        0x4 ./Core/Src/Components/otm8009a/otm8009a.o
                0x000000000800c260                lcdRegData1
 .rodata.lcdRegData2
                0x000000000800c264        0x3 ./Core/Src/Components/otm8009a/otm8009a.o
                0x000000000800c264                lcdRegData2
 *fill*         0x000000000800c267        0x1 
 .rodata.lcdRegData3
                0x000000000800c268       0x11 ./Core/Src/Components/otm8009a/otm8009a.o
                0x000000000800c268                lcdRegData3
 *fill*         0x000000000800c279        0x3 
 .rodata.lcdRegData4
                0x000000000800c27c       0x11 ./Core/Src/Components/otm8009a/otm8009a.o
                0x000000000800c27c                lcdRegData4
 *fill*         0x000000000800c28d        0x3 
 .rodata.lcdRegData5
                0x000000000800c290        0x3 ./Core/Src/Components/otm8009a/otm8009a.o
                0x000000000800c290                lcdRegData5
 *fill*         0x000000000800c293        0x1 
 .rodata.lcdRegData6
                0x000000000800c294        0x3 ./Core/Src/Components/otm8009a/otm8009a.o
                0x000000000800c294                lcdRegData6
 *fill*         0x000000000800c297        0x1 
 .rodata.lcdRegData7
                0x000000000800c298        0x7 ./Core/Src/Components/otm8009a/otm8009a.o
                0x000000000800c298                lcdRegData7
 *fill*         0x000000000800c29f        0x1 
 .rodata.lcdRegData8
                0x000000000800c2a0        0xf ./Core/Src/Components/otm8009a/otm8009a.o
                0x000000000800c2a0                lcdRegData8
 *fill*         0x000000000800c2af        0x1 
 .rodata.lcdRegData9
                0x000000000800c2b0        0xf ./Core/Src/Components/otm8009a/otm8009a.o
                0x000000000800c2b0                lcdRegData9
 *fill*         0x000000000800c2bf        0x1 
 .rodata.lcdRegData10
                0x000000000800c2c0        0xb ./Core/Src/Components/otm8009a/otm8009a.o
                0x000000000800c2c0                lcdRegData10
 *fill*         0x000000000800c2cb        0x1 
 .rodata.lcdRegData11
                0x000000000800c2cc        0xb ./Core/Src/Components/otm8009a/otm8009a.o
                0x000000000800c2cc                lcdRegData11
 *fill*         0x000000000800c2d7        0x1 
 .rodata.lcdRegData12
                0x000000000800c2d8       0x10 ./Core/Src/Components/otm8009a/otm8009a.o
                0x000000000800c2d8                lcdRegData12
 .rodata.lcdRegData13
                0x000000000800c2e8       0x10 ./Core/Src/Components/otm8009a/otm8009a.o
                0x000000000800c2e8                lcdRegData13
 .rodata.lcdRegData14
                0x000000000800c2f8        0xb ./Core/Src/Components/otm8009a/otm8009a.o
                0x000000000800c2f8                lcdRegData14
 *fill*         0x000000000800c303        0x1 
 .rodata.lcdRegData15
                0x000000000800c304       0x10 ./Core/Src/Components/otm8009a/otm8009a.o
                0x000000000800c304                lcdRegData15
 .rodata.lcdRegData16
                0x000000000800c314       0x10 ./Core/Src/Components/otm8009a/otm8009a.o
                0x000000000800c314                lcdRegData16
 .rodata.lcdRegData17
                0x000000000800c324        0xb ./Core/Src/Components/otm8009a/otm8009a.o
                0x000000000800c324                lcdRegData17
 *fill*         0x000000000800c32f        0x1 
 .rodata.lcdRegData18
                0x000000000800c330        0xb ./Core/Src/Components/otm8009a/otm8009a.o
                0x000000000800c330                lcdRegData18
 *fill*         0x000000000800c33b        0x1 
 .rodata.lcdRegData19
                0x000000000800c33c        0xb ./Core/Src/Components/otm8009a/otm8009a.o
                0x000000000800c33c                lcdRegData19
 *fill*         0x000000000800c347        0x1 
 .rodata.lcdRegData20
                0x000000000800c348       0x10 ./Core/Src/Components/otm8009a/otm8009a.o
                0x000000000800c348                lcdRegData20
 .rodata.lcdRegData21
                0x000000000800c358       0x10 ./Core/Src/Components/otm8009a/otm8009a.o
                0x000000000800c358                lcdRegData21
 .rodata.lcdRegData22
                0x000000000800c368        0xb ./Core/Src/Components/otm8009a/otm8009a.o
                0x000000000800c368                lcdRegData22
 *fill*         0x000000000800c373        0x1 
 .rodata.lcdRegData23
                0x000000000800c374       0x10 ./Core/Src/Components/otm8009a/otm8009a.o
                0x000000000800c374                lcdRegData23
 .rodata.lcdRegData24
                0x000000000800c384       0x10 ./Core/Src/Components/otm8009a/otm8009a.o
                0x000000000800c384                lcdRegData24
 .rodata.lcdRegData25
                0x000000000800c394        0x4 ./Core/Src/Components/otm8009a/otm8009a.o
                0x000000000800c394                lcdRegData25
 .rodata.lcdRegData27
                0x000000000800c398        0x5 ./Core/Src/Components/otm8009a/otm8009a.o
                0x000000000800c398                lcdRegData27
 *fill*         0x000000000800c39d        0x3 
 .rodata.lcdRegData28
                0x000000000800c3a0        0x5 ./Core/Src/Components/otm8009a/otm8009a.o
                0x000000000800c3a0                lcdRegData28
 *fill*         0x000000000800c3a5        0x3 
 .rodata.ShortRegData1
                0x000000000800c3a8        0x2 ./Core/Src/Components/otm8009a/otm8009a.o
                0x000000000800c3a8                ShortRegData1
 *fill*         0x000000000800c3aa        0x2 
 .rodata.ShortRegData2
                0x000000000800c3ac        0x2 ./Core/Src/Components/otm8009a/otm8009a.o
                0x000000000800c3ac                ShortRegData2
 *fill*         0x000000000800c3ae        0x2 
 .rodata.ShortRegData3
                0x000000000800c3b0        0x2 ./Core/Src/Components/otm8009a/otm8009a.o
                0x000000000800c3b0                ShortRegData3
 *fill*         0x000000000800c3b2        0x2 
 .rodata.ShortRegData4
                0x000000000800c3b4        0x2 ./Core/Src/Components/otm8009a/otm8009a.o
                0x000000000800c3b4                ShortRegData4
 *fill*         0x000000000800c3b6        0x2 
 .rodata.ShortRegData5
                0x000000000800c3b8        0x2 ./Core/Src/Components/otm8009a/otm8009a.o
                0x000000000800c3b8                ShortRegData5
 *fill*         0x000000000800c3ba        0x2 
 .rodata.ShortRegData6
                0x000000000800c3bc        0x2 ./Core/Src/Components/otm8009a/otm8009a.o
                0x000000000800c3bc                ShortRegData6
 *fill*         0x000000000800c3be        0x2 
 .rodata.ShortRegData7
                0x000000000800c3c0        0x2 ./Core/Src/Components/otm8009a/otm8009a.o
                0x000000000800c3c0                ShortRegData7
 *fill*         0x000000000800c3c2        0x2 
 .rodata.ShortRegData8
                0x000000000800c3c4        0x2 ./Core/Src/Components/otm8009a/otm8009a.o
                0x000000000800c3c4                ShortRegData8
 *fill*         0x000000000800c3c6        0x2 
 .rodata.ShortRegData9
                0x000000000800c3c8        0x2 ./Core/Src/Components/otm8009a/otm8009a.o
                0x000000000800c3c8                ShortRegData9
 *fill*         0x000000000800c3ca        0x2 
 .rodata.ShortRegData10
                0x000000000800c3cc        0x2 ./Core/Src/Components/otm8009a/otm8009a.o
                0x000000000800c3cc                ShortRegData10
 *fill*         0x000000000800c3ce        0x2 
 .rodata.ShortRegData11
                0x000000000800c3d0        0x2 ./Core/Src/Components/otm8009a/otm8009a.o
                0x000000000800c3d0                ShortRegData11
 *fill*         0x000000000800c3d2        0x2 
 .rodata.ShortRegData12
                0x000000000800c3d4        0x2 ./Core/Src/Components/otm8009a/otm8009a.o
                0x000000000800c3d4                ShortRegData12
 *fill*         0x000000000800c3d6        0x2 
 .rodata.ShortRegData13
                0x000000000800c3d8        0x2 ./Core/Src/Components/otm8009a/otm8009a.o
                0x000000000800c3d8                ShortRegData13
 *fill*         0x000000000800c3da        0x2 
 .rodata.ShortRegData14
                0x000000000800c3dc        0x2 ./Core/Src/Components/otm8009a/otm8009a.o
                0x000000000800c3dc                ShortRegData14
 *fill*         0x000000000800c3de        0x2 
 .rodata.ShortRegData15
                0x000000000800c3e0        0x2 ./Core/Src/Components/otm8009a/otm8009a.o
                0x000000000800c3e0                ShortRegData15
 *fill*         0x000000000800c3e2        0x2 
 .rodata.ShortRegData16
                0x000000000800c3e4        0x2 ./Core/Src/Components/otm8009a/otm8009a.o
                0x000000000800c3e4                ShortRegData16
 *fill*         0x000000000800c3e6        0x2 
 .rodata.ShortRegData17
                0x000000000800c3e8        0x2 ./Core/Src/Components/otm8009a/otm8009a.o
                0x000000000800c3e8                ShortRegData17
 *fill*         0x000000000800c3ea        0x2 
 .rodata.ShortRegData18
                0x000000000800c3ec        0x2 ./Core/Src/Components/otm8009a/otm8009a.o
                0x000000000800c3ec                ShortRegData18
 *fill*         0x000000000800c3ee        0x2 
 .rodata.ShortRegData19
                0x000000000800c3f0        0x2 ./Core/Src/Components/otm8009a/otm8009a.o
                0x000000000800c3f0                ShortRegData19
 *fill*         0x000000000800c3f2        0x2 
 .rodata.ShortRegData20
                0x000000000800c3f4        0x2 ./Core/Src/Components/otm8009a/otm8009a.o
                0x000000000800c3f4                ShortRegData20
 *fill*         0x000000000800c3f6        0x2 
 .rodata.ShortRegData21
                0x000000000800c3f8        0x2 ./Core/Src/Components/otm8009a/otm8009a.o
                0x000000000800c3f8                ShortRegData21
 *fill*         0x000000000800c3fa        0x2 
 .rodata.ShortRegData22
                0x000000000800c3fc        0x2 ./Core/Src/Components/otm8009a/otm8009a.o
                0x000000000800c3fc                ShortRegData22
 *fill*         0x000000000800c3fe        0x2 
 .rodata.ShortRegData23
                0x000000000800c400        0x2 ./Core/Src/Components/otm8009a/otm8009a.o
                0x000000000800c400                ShortRegData23
 *fill*         0x000000000800c402        0x2 
 .rodata.ShortRegData24
                0x000000000800c404        0x2 ./Core/Src/Components/otm8009a/otm8009a.o
                0x000000000800c404                ShortRegData24
 *fill*         0x000000000800c406        0x2 
 .rodata.ShortRegData25
                0x000000000800c408        0x2 ./Core/Src/Components/otm8009a/otm8009a.o
                0x000000000800c408                ShortRegData25
 *fill*         0x000000000800c40a        0x2 
 .rodata.ShortRegData26
                0x000000000800c40c        0x2 ./Core/Src/Components/otm8009a/otm8009a.o
                0x000000000800c40c                ShortRegData26
 *fill*         0x000000000800c40e        0x2 
 .rodata.ShortRegData27
                0x000000000800c410        0x2 ./Core/Src/Components/otm8009a/otm8009a.o
                0x000000000800c410                ShortRegData27
 *fill*         0x000000000800c412        0x2 
 .rodata.ShortRegData28
                0x000000000800c414        0x2 ./Core/Src/Components/otm8009a/otm8009a.o