Archive member included to satisfy reference by file (symbol)

/Applications/STM32CubeIDE.app/Contents/Eclipse/plugins/com.st.stm32cube.ide.mcu.externaltools.gnu-tools-for-stm32.11.3.rel1.macos64_1.1.1.202309131626/tools/bin/../lib/gcc/arm-none-eabi/11.3.1/../../../../arm-none-eabi/lib/thumb/v7e-m+dp/hard/libc_nano.a(libc_a-exit.o)
                              /Applications/STM32CubeIDE.app/Contents/Eclipse/plugins/com.st.stm32cube.ide.mcu.externaltools.gnu-tools-for-stm32.11.3.rel1.macos64_1.1.1.202309131626/tools/bin/../lib/gcc/arm-none-eabi/11.3.1/../../../../arm-none-eabi/lib/thumb/v7e-m+dp/hard/crt0.o (exit)
/Applications/STM32CubeIDE.app/Contents/Eclipse/plugins/com.st.stm32cube.ide.mcu.externaltools.gnu-tools-for-stm32.11.3.rel1.macos64_1.1.1.202309131626/tools/bin/../lib/gcc/arm-none-eabi/11.3.1/../../../../arm-none-eabi/lib/thumb/v7e-m+dp/hard/libc_nano.a(libc_a-findfp.o)
                              ./Middlewares/Third_Party/FreeRTOS/Source/tasks.o (__sf)
/Applications/STM32CubeIDE.app/Contents/Eclipse/plugins/com.st.stm32cube.ide.mcu.externaltools.gnu-tools-for-stm32.11.3.rel1.macos64_1.1.1.202309131626/tools/bin/../lib/gcc/arm-none-eabi/11.3.1/../../../../arm-none-eabi/lib/thumb/v7e-m+dp/hard/libc_nano.a(libc_a-fwalk.o)
                              /Applications/STM32CubeIDE.app/Contents/Eclipse/plugins/com.st.stm32cube.ide.mcu.externaltools.gnu-tools-for-stm32.11.3.rel1.macos64_1.1.1.202309131626/tools/bin/../lib/gcc/arm-none-eabi/11.3.1/../../../../arm-none-eabi/lib/thumb/v7e-m+dp/hard/libc_nano.a(libc_a-findfp.o) (_fwalk_sglue)
/Applications/STM32CubeIDE.app/Contents/Eclipse/plugins/com.st.stm32cube.ide.mcu.externaltools.gnu-tools-for-stm32.11.3.rel1.macos64_1.1.1.202309131626/tools/bin/../lib/gcc/arm-none-eabi/11.3.1/../../../../arm-none-eabi/lib/thumb/v7e-m+dp/hard/libc_nano.a(libc_a-memset.o)
                              /Applications/STM32CubeIDE.app/Contents/Eclipse/plugins/com.st.stm32cube.ide.mcu.externaltools.gnu-tools-for-stm32.11.3.rel1.macos64_1.1.1.202309131626/tools/bin/../lib/gcc/arm-none-eabi/11.3.1/../../../../arm-none-eabi/lib/thumb/v7e-m+dp/hard/crt0.o (memset)
/Applications/STM32CubeIDE.app/Contents/Eclipse/plugins/com.st.stm32cube.ide.mcu.externaltools.gnu-tools-for-stm32.11.3.rel1.macos64_1.1.1.202309131626/tools/bin/../lib/gcc/arm-none-eabi/11.3.1/../../../../arm-none-eabi/lib/thumb/v7e-m+dp/hard/libc_nano.a(libc_a-reent.o)
                              ./Middlewares/Third_Party/FreeRTOS/Source/tasks.o (_reclaim_reent)
/Applications/STM32CubeIDE.app/Contents/Eclipse/plugins/com.st.stm32cube.ide.mcu.externaltools.gnu-tools-for-stm32.11.3.rel1.macos64_1.1.1.202309131626/tools/bin/../lib/gcc/arm-none-eabi/11.3.1/../../../../arm-none-eabi/lib/thumb/v7e-m+dp/hard/libc_nano.a(libc_a-impure.o)
                              ./Middlewares/Third_Party/FreeRTOS/Source/tasks.o (_impure_ptr)
/Applications/STM32CubeIDE.app/Contents/Eclipse/plugins/com.st.stm32cube.ide.mcu.externaltools.gnu-tools-for-stm32.11.3.rel1.macos64_1.1.1.202309131626/tools/bin/../lib/gcc/arm-none-eabi/11.3.1/../../../../arm-none-eabi/lib/thumb/v7e-m+dp/hard/libc_nano.a(libc_a-errno.o)
                              ./Core/Src/syscalls.o (__errno)
/Applications/STM32CubeIDE.app/Contents/Eclipse/plugins/com.st.stm32cube.ide.mcu.externaltools.gnu-tools-for-stm32.11.3.rel1.macos64_1.1.1.202309131626/tools/bin/../lib/gcc/arm-none-eabi/11.3.1/../../../../arm-none-eabi/lib/thumb/v7e-m+dp/hard/libc_nano.a(libc_a-init.o)
                              /Applications/STM32CubeIDE.app/Contents/Eclipse/plugins/com.st.stm32cube.ide.mcu.externaltools.gnu-tools-for-stm32.11.3.rel1.macos64_1.1.1.202309131626/tools/bin/../lib/gcc/arm-none-eabi/11.3.1/../../../../arm-none-eabi/lib/thumb/v7e-m+dp/hard/crt0.o (__libc_init_array)
/Applications/STM32CubeIDE.app/Contents/Eclipse/plugins/com.st.stm32cube.ide.mcu.externaltools.gnu-tools-for-stm32.11.3.rel1.macos64_1.1.1.202309131626/tools/bin/../lib/gcc/arm-none-eabi/11.3.1/../../../../arm-none-eabi/lib/thumb/v7e-m+dp/hard/libc_nano.a(libc_a-lock.o)
                              /Applications/STM32CubeIDE.app/Contents/Eclipse/plugins/com.st.stm32cube.ide.mcu.externaltools.gnu-tools-for-stm32.11.3.rel1.macos64_1.1.1.202309131626/tools/bin/../lib/gcc/arm-none-eabi/11.3.1/../../../../arm-none-eabi/lib/thumb/v7e-m+dp/hard/libc_nano.a(libc_a-findfp.o) (__retarget_lock_init_recursive)
/Applications/STM32CubeIDE.app/Contents/Eclipse/plugins/com.st.stm32cube.ide.mcu.externaltools.gnu-tools-for-stm32.11.3.rel1.macos64_1.1.1.202309131626/tools/bin/../lib/gcc/arm-none-eabi/11.3.1/../../../../arm-none-eabi/lib/thumb/v7e-m+dp/hard/libc_nano.a(libc_a-memcpy-stub.o)
                              ./Middlewares/Third_Party/FreeRTOS/Source/CMSIS_RTOS_V2/cmsis_os2.o (memcpy)
[...]
Memory Configuration

Name             Origin             Length             Attributes
RAM              0x0000000020000000 0x0000000000080000 xrw
FLASH            0x0000000008000000 0x0000000000200000 xr
*default*        0x0000000000000000 0xffffffffffffffff

Linker script and memory map

LOAD /Applications/STM32CubeIDE.app/Contents/Eclipse/plugins/com.st.stm32cube.ide.mcu.externaltools.gnu-tools-for-stm32.11.3.rel1.macos64_1.1.1.202309131626/tools/bin/../lib/gcc/arm-none-eabi/11.3.1/thumb/v7e-m+dp/hard/crti.o
LOAD /Applications/STM32CubeIDE.app/Contents/Eclipse/plugins/com.st.stm32cube.ide.mcu.externaltools.gnu-tools-for-stm32.11.3.rel1.macos64_1.1.1.202309131626/tools/bin/../lib/gcc/arm-none-eabi/11.3.1/thumb/v7e-m+dp/hard/crtbegin.o
LOAD /Applications/STM32CubeIDE.app/Contents/Eclipse/plugins/com.st.stm32cube.ide.mcu.externaltools.gnu-tools-for-stm32.11.3.rel1.macos64_1.1.1.202309131626/tools/bin/../lib/gcc/arm-none-eabi/11.3.1/../../../../arm-none-eabi/lib/thumb/v7e-m+dp/hard/crt0.o
LOAD ./Core/Src/BSP/stm32f769i_discovery_lcd.o
LOAD ./Core/Src/Components/adv7533/adv7533.o
LOAD ./Core/Src/Components/ft6x06/ft6x06.o
LOAD ./Core/Src/Components/otm8009a/otm8009a.o
LOAD ./Core/Src/Fonts/font12.o
LOAD ./Core/Src/Fonts/font16.o
LOAD ./Core/Src/Fonts/font20.o
LOAD ./Core/Src/Fonts/font24.o
LOAD ./Core/Src/Fonts/font8.o
LOAD ./Core/Src/dma2d.o
LOAD ./Core/Src/dsihost.o
LOAD ./Core/Src/fmc.o
LOAD ./Core/Src/freertos.o
LOAD ./Core/Src/gpio.o
LOAD ./Core/Src/i2c.o
LOAD ./Core/Src/ltdc.o
LOAD ./Core/Src/main.o
LOAD ./Core/Src/main_user.o
LOAD ./Core/Src/stm32f7xx_hal_msp.o
LOAD ./Core/Src/stm32f7xx_hal_timebase_tim.o
LOAD ./Core/Src/stm32f7xx_it.o
LOAD ./Core/Src/syscalls.o
LOAD ./Core/Src/sysmem.o
LOAD ./Core/Src/system_stm32f7xx.o
LOAD ./Core/Src/tim.o
LOAD ./Core/Startup/startup_stm32f769nihx.o
LOAD ./Drivers/STM32F7xx_HAL_Driver/Src/stm32f7xx_hal.o
LOAD ./Drivers/STM32F7xx_HAL_Driver/Src/stm32f7xx_hal_cortex.o
LOAD ./Drivers/STM32F7xx_HAL_Driver/Src/stm32f7xx_hal_dma.o
LOAD ./Drivers/STM32F7xx_HAL_Driver/Src/stm32f7xx_hal_dma2d.o
LOAD ./Drivers/STM32F7xx_HAL_Driver/Src/stm32f7xx_hal_dma_ex.o
LOAD ./Drivers/STM32F7xx_HAL_Driver/Src/stm32f7xx_hal_dsi.o
LOAD ./Drivers/STM32F7xx_HAL_Driver/Src/stm32f7xx_hal_exti.o
LOAD ./Drivers/STM32F7xx_HAL_Driver/Src/stm32f7xx_hal_flash.o
LOAD ./Drivers/STM32F7xx_HAL_Driver/Src/stm32f7xx_hal_flash_ex.o
LOAD ./Drivers/STM32F7xx_HAL_Driver/Src/stm32f7xx_hal_gpio.o
LOAD ./Drivers/STM32F7xx_HAL_Driver/Src/stm32f7xx_hal_i2c.o
LOAD ./Drivers/STM32F7xx_HAL_Driver/Src/stm32f7xx_hal_i2c_ex.o
LOAD ./Drivers/STM32F7xx_HAL_Driver/Src/stm32f7xx_hal_ltdc.o
LOAD ./Drivers/STM32F7xx_HAL_Driver/Src/stm32f7xx_hal_ltdc_ex.o
LOAD ./Drivers/STM32F7xx_HAL_Driver/Src/stm32f7xx_hal_pwr.o
LOAD ./Drivers/STM32F7xx_HAL_Driver/Src/stm32f7xx_hal_pwr_ex.o
LOAD ./Drivers/STM32F7xx_HAL_Driver/Src/stm32f7xx_hal_rcc.o
LOAD ./Drivers/STM32F7xx_HAL_Driver/Src/stm32f7xx_hal_rcc_ex.o
LOAD ./Drivers/STM32F7xx_HAL_Driver/Src/stm32f7xx_hal_sdram.o
LOAD ./Drivers/STM32F7xx_HAL_Driver/Src/stm32f7xx_hal_tim.o
LOAD ./Drivers/STM32F7xx_HAL_Driver/Src/stm32f7xx_hal_tim_ex.o
LOAD ./Drivers/STM32F7xx_HAL_Driver/Src/stm32f7xx_ll_fmc.o
LOAD ./Middlewares/Third_Party/FreeRTOS/Source/CMSIS_RTOS_V2/cmsis_os2.o
LOAD ./Middlewares/Third_Party/FreeRTOS/Source/croutine.o
LOAD ./Middlewares/Third_Party/FreeRTOS/Source/event_groups.o
LOAD ./Middlewares/Third_Party/FreeRTOS/Source/list.o
LOAD ./Middlewares/Third_Party/FreeRTOS/Source/queue.o
LOAD ./Middlewares/Third_Party/FreeRTOS/Source/stream_buffer.o
LOAD ./Middlewares/Third_Party/FreeRTOS/Source/tasks.o
LOAD ./Middlewares/Third_Party/FreeRTOS/Source/timers.o
LOAD ./Middlewares/Third_Party/FreeRTOS/Source/portable/GCC/ARM_CM7/r0p1/port.o
LOAD ./Middlewares/Third_Party/FreeRTOS/Source/portable/MemMang/heap_4.o
START GROUP
LOAD /Applications/STM32CubeIDE.app/Contents/Eclipse/plugins/com.st.stm32cube.ide.mcu.externaltools.gnu-tools-for-stm32.11.3.rel1.macos64_1.1.1.202309131626/tools/bin/../lib/gcc/arm-none-eabi/11.3.1/../../../../arm-none-eabi/lib/thumb/v7e-m+dp/hard/libc_nano.a
LOAD /Applications/STM32CubeIDE.app/Contents/Eclipse/plugins/com.st.stm32cube.ide.mcu.externaltools.gnu-tools-for-stm32.11.3.rel1.macos64_1.1.1.202309131626/tools/bin/../lib/gcc/arm-none-eabi/11.3.1/../../../../arm-none-eabi/lib/thumb/v7e-m+dp/hard/libm.a
END GROUP
START GROUP
LOAD /Applications/STM32CubeIDE.app/Contents/Eclipse/plugins/com.st.stm32cube.ide.mcu.externaltools.gnu-tools-for-stm32.11.3.rel1.macos64_1.1.1.202309131626/tools/bin/../lib/gcc/arm-none-eabi/11.3.1/thumb/v7e-m+dp/hard/libgcc.a
LOAD /Applications/STM32CubeIDE.app/Contents/Eclipse/plugins/com.st.stm32cube.ide.mcu.externaltools.gnu-tools-for-stm32.11.3.rel1.macos64_1.1.1.202309131626/tools/bin/../lib/gcc/arm-none-eabi/11.3.1/../../../../arm-none-eabi/lib/thumb/v7e-m+dp/hard/libc_nano.a
END GROUP
START GROUP
LOAD /Applications/STM32CubeIDE.app/Contents/Eclipse/plugins/com.st.stm32cube.ide.mcu.externaltools.gnu-tools-for-stm32.11.3.rel1.macos64_1.1.1.202309131626/tools/bin/../lib/gcc/arm-none-eabi/11.3.1/thumb/v7e-m+dp/hard/libgcc.a
LOAD /Applications/STM32CubeIDE.app/Contents/Eclipse/plugins/com.st.stm32cube.ide.mcu.externaltools.gnu-tools-for-stm32.11.3.rel1.macos64_1.1.1.202309131626/tools/bin/../lib/gcc/arm-none-eabi/11.3.1/../../../../arm-none-eabi/lib/thumb/v7e-m+dp/hard/libc_nano.a
LOAD /Applications/STM32CubeIDE.app/Contents/Eclipse/plugins/com.st.stm32cube.ide.mcu.externaltools.gnu-tools-for-stm32.11.3.rel1.macos64_1.1.1.202309131626/tools/bin/../lib/gcc/arm-none-eabi/11.3.1/../../../../arm-none-eabi/lib/thumb/v7e-m+dp/hard/libnosys.a
END GROUP
START GROUP
LOAD /Applications/STM32CubeIDE.app/Contents/Eclipse/plugins/com.st.stm32cube.ide.mcu.externaltools.gnu-tools-for-stm32.11.3.rel1.macos64_1.1.1.202309131626/tools/bin/../lib/gcc/arm-none-eabi/11.3.1/thumb/v7e-m+dp/hard/libgcc.a
LOAD /Applications/STM32CubeIDE.app/Contents/Eclipse/plugins/com.st.stm32cube.ide.mcu.externaltools.gnu-tools-for-stm32.11.3.rel1.macos64_1.1.1.202309131626/tools/bin/../lib/gcc/arm-none-eabi/11.3.1/../../../../arm-none-eabi/lib/thumb/v7e-m+dp/hard/libc_nano.a
LOAD /Applications/STM32CubeIDE.app/Contents/Eclipse/plugins/com.st.stm32cube.ide.mcu.externaltools.gnu-tools-for-stm32.11.3.rel1.macos64_1.1.1.202309131626/tools/bin/../lib/gcc/arm-none-eabi/11.3.1/../../../../arm-none-eabi/lib/thumb/v7e-m+dp/hard/libnosys.a
END GROUP
LOAD /Applications/STM32CubeIDE.app/Contents/Eclipse/plugins/com.st.stm32cube.ide.mcu.externaltools.gnu-tools-for-stm32.11.3.rel1.macos64_1.1.1.202309131626/tools/bin/../lib/gcc/arm-none-eabi/11.3.1/thumb/v7e-m+dp/hard/crtend.o
LOAD /Applications/STM32CubeIDE.app/Contents/Eclipse/plugins/com.st.stm32cube.ide.mcu.externaltools.gnu-tools-for-stm32.11.3.rel1.macos64_1.1.1.202309131626/tools/bin/../lib/gcc/arm-none-eabi/11.3.1/thumb/v7e-m+dp/hard/crtn.o
                0x0000000020080000                _estack = (ORIGIN (RAM) + LENGTH (RAM))
                0x0000000000000200                _Min_Heap_Size = 0x200
                0x0000000000000400                _Min_Stack_Size = 0x400

.isr_vector     0x0000000008000000      0x1f8
                0x0000000008000000                . = ALIGN (0x4)
 *(.isr_vector)
 .isr_vector    0x0000000008000000      0x1f8 ./Core/Startup/startup_stm32f769nihx.o
                0x0000000008000000                g_pfnVectors
                0x00000000080001f8                . = ALIGN (0x4)

.text           0x0000000008000200     0x9aa8
                0x0000000008000200                . = ALIGN (0x4)
 *(.text)
 .text          0x0000000008000200       0x40 /Applications/STM32CubeIDE.app/Contents/Eclipse/plugins/com.st.stm32cube.ide.mcu.externaltools.gnu-tools-for-stm32.11.3.rel1.macos64_1.1.1.202309131626/tools/bin/../lib/gcc/arm-none-eabi/11.3.1/thumb/v7e-m+dp/hard/crtbegin.o
 .text          0x0000000008000240       0x30 /Applications/STM32CubeIDE.app/Contents/Eclipse/plugins/com.st.stm32cube.ide.mcu.externaltools.gnu-tools-for-stm32.11.3.rel1.macos64_1.1.1.202309131626/tools/bin/../lib/gcc/arm-none-eabi/11.3.1/thumb/v7e-m+dp/hard/libgcc.a(_aeabi_uldivmod.o)
                0x0000000008000240                __aeabi_uldivmod
 .text          0x0000000008000270      0x2c8 /Applications/STM32CubeIDE.app/Contents/Eclipse/plugins/com.st.stm32cube.ide.mcu.externaltools.gnu-tools-for-stm32.11.3.rel1.macos64_1.1.1.202309131626/tools/bin/../lib/gcc/arm-none-eabi/11.3.1/thumb/v7e-m+dp/hard/libgcc.a(_udivmoddi4.o)
                0x0000000008000270                __udivmoddi4
 .text          0x0000000008000538        0x4 /Applications/STM32CubeIDE.app/Contents/Eclipse/plugins/com.st.stm32cube.ide.mcu.externaltools.gnu-tools-for-stm32.11.3.rel1.macos64_1.1.1.202309131626/tools/bin/../lib/gcc/arm-none-eabi/11.3.1/thumb/v7e-m+dp/hard/libgcc.a(_dvmd_tls.o)
                0x0000000008000538                __aeabi_ldiv0
                0x0000000008000538                __aeabi_idiv0
 *(.text*)
 .text.BSP_LCD_Init
                0x000000000800053c       0x10 ./Core/Src/BSP/stm32f769i_discovery_lcd.o
                0x000000000800053c                BSP_LCD_Init
 .text.BSP_LCD_InitEx
                0x000000000800054c      0x284 ./Core/Src/BSP/stm32f769i_discovery_lcd.o
                0x000000000800054c                BSP_LCD_InitEx
 .text.BSP_LCD_Reset
                0x00000000080007d0       0x70 ./Core/Src/BSP/stm32f769i_discovery_lcd.o
                0x00000000080007d0                BSP_LCD_Reset
 .text.BSP_LCD_GetXSize
                0x0000000008000840       0x18 ./Core/Src/BSP/stm32f769i_discovery_lcd.o
                0x0000000008000840                BSP_LCD_GetXSize
 .text.BSP_LCD_GetYSize
                0x0000000008000858       0x18 ./Core/Src/BSP/stm32f769i_discovery_lcd.o
                0x0000000008000858                BSP_LCD_GetYSize
 .text.BSP_LCD_LayerDefaultInit
                0x0000000008000870       0xc0 ./Core/Src/BSP/stm32f769i_discovery_lcd.o
                0x0000000008000870                BSP_LCD_LayerDefaultInit
 .text.BSP_LCD_SelectLayer
                0x0000000008000930       0x20 ./Core/Src/BSP/stm32f769i_discovery_lcd.o
                0x0000000008000930                BSP_LCD_SelectLayer
 .text.BSP_LCD_SetTextColor
                0x0000000008000950       0x30 ./Core/Src/BSP/stm32f769i_discovery_lcd.o
                0x0000000008000950                BSP_LCD_SetTextColor
 .text.BSP_LCD_SetBackColor
                0x0000000008000980       0x34 ./Core/Src/BSP/stm32f769i_discovery_lcd.o
                0x0000000008000980                BSP_LCD_SetBackColor
 .text.BSP_LCD_SetFont
                0x00000000080009b4       0x34 ./Core/Src/BSP/stm32f769i_discovery_lcd.o
                0x00000000080009b4                BSP_LCD_SetFont
 .text.BSP_LCD_Clear
                0x00000000080009e8       0x50 ./Core/Src/BSP/stm32f769i_discovery_lcd.o
                0x00000000080009e8                BSP_LCD_Clear
 .text.BSP_LCD_FillRect
                0x0000000008000a38       0xb4 ./Core/Src/BSP/stm32f769i_discovery_lcd.o
                0x0000000008000a38                BSP_LCD_FillRect
 .text.DSI_IO_WriteCmd
                0x0000000008000aec       0x54 ./Core/Src/BSP/stm32f769i_discovery_lcd.o
                0x0000000008000aec                DSI_IO_WriteCmd
 .text.LCD_IO_GetID
                0x0000000008000b40       0x10 ./Core/Src/BSP/stm32f769i_discovery_lcd.o
 .text.BSP_LCD_MspInit
                0x0000000008000b50       0xd4 ./Core/Src/BSP/stm32f769i_discovery_lcd.o
                0x0000000008000b50                BSP_LCD_MspInit
 .text.LL_FillBuffer
                0x0000000008000c24       0x70 ./Core/Src/BSP/stm32f769i_discovery_lcd.o
 .text.OTM8009A_Init
                0x0000000008000c94      0x4b0 ./Core/Src/Components/otm8009a/otm8009a.o
                0x0000000008000c94                OTM8009A_Init
 .text.MX_DMA2D_Init
                0x0000000008001144       0x3c ./Core/Src/dma2d.o
                0x0000000008001144                MX_DMA2D_Init
 .text.HAL_DMA2D_MspInit
                0x0000000008001180       0x40 ./Core/Src/dma2d.o
                0x0000000008001180                HAL_DMA2D_MspInit
 .text.MX_DSIHOST_DSI_Init
                0x00000000080011c0      0x1dc ./Core/Src/dsihost.o
                0x00000000080011c0                MX_DSIHOST_DSI_Init
 .text.HAL_DSI_MspInit
                0x000000000800139c       0x40 ./Core/Src/dsihost.o
                0x000000000800139c                HAL_DSI_MspInit
 .text.HAL_DSI_MspDeInit
                0x00000000080013dc       0x34 ./Core/Src/dsihost.o
                0x00000000080013dc                HAL_DSI_MspDeInit
 .text.MX_FMC_Init
                0x0000000008001410       0xa0 ./Core/Src/fmc.o
                0x0000000008001410                MX_FMC_Init
 .text.HAL_FMC_MspInit
                0x00000000080014b0      0x124 ./Core/Src/fmc.o
 .text.HAL_SDRAM_MspInit
                0x00000000080015d4       0x14 ./Core/Src/fmc.o
                0x00000000080015d4                HAL_SDRAM_MspInit
 .text.MX_FREERTOS_Init
                0x00000000080015e8       0x24 ./Core/Src/freertos.o
                0x00000000080015e8                MX_FREERTOS_Init
 .text.StartDefaultTask
                0x000000000800160c       0x10 ./Core/Src/freertos.o
                0x000000000800160c                StartDefaultTask
 .text.MX_GPIO_Init
                0x000000000800161c      0x6d8 ./Core/Src/gpio.o
                0x000000000800161c                MX_GPIO_Init
 .text.MX_I2C4_Init
                0x0000000008001cf4       0x80 ./Core/Src/i2c.o
                0x0000000008001cf4                MX_I2C4_Init
 .text.HAL_I2C_MspInit
                0x0000000008001d74      0x108 ./Core/Src/i2c.o
                0x0000000008001d74                HAL_I2C_MspInit
 .text.MX_LTDC_Init
                0x0000000008001e7c      0x164 ./Core/Src/ltdc.o
                0x0000000008001e7c                MX_LTDC_Init
 .text.HAL_LTDC_MspInit
                0x0000000008001fe0       0x7c ./Core/Src/ltdc.o
                0x0000000008001fe0                HAL_LTDC_MspInit
 .text.SCB_EnableICache
                0x000000000800205c       0x4c ./Core/Src/main.o
 .text.SCB_EnableDCache
                0x00000000080020a8       0x88 ./Core/Src/main.o
 .text.main     0x0000000008002130       0x80 ./Core/Src/main.o
                0x0000000008002130                main
 .text.SystemClock_Config
                0x00000000080021b0       0xe4 ./Core/Src/main.o
                0x00000000080021b0                SystemClock_Config
 .text.BSP_SDRAM_Initialization_sequence
                0x0000000008002294       0xc0 ./Core/Src/main.o
                0x0000000008002294                BSP_SDRAM_Initialization_sequence
 .text.HAL_TIM_PeriodElapsedCallback
                0x0000000008002354       0x24 ./Core/Src/main.o
                0x0000000008002354                HAL_TIM_PeriodElapsedCallback
 .text.Error_Handler
                0x0000000008002378        0xa ./Core/Src/main.o
                0x0000000008002378                Error_Handler
 *fill*         0x0000000008002382        0x2 
 .text.freeRTOS_user_init
                0x0000000008002384       0x60 ./Core/Src/main_user.o
                0x0000000008002384                freeRTOS_user_init
 .text.task_draw_fct
                0x00000000080023e4       0x54 ./Core/Src/main_user.o
 .text.draw_filled_square
                0x0000000008002438       0x3a ./Core/Src/main_user.o
 *fill*         0x0000000008002472        0x2 
 .text.HAL_MspInit
                0x0000000008002474       0x50 ./Core/Src/stm32f7xx_hal_msp.o
                0x0000000008002474                HAL_MspInit
 .text.HAL_InitTick
                0x00000000080024c4       0xf4 ./Core/Src/stm32f7xx_hal_timebase_tim.o
                0x00000000080024c4                HAL_InitTick
 .text.NMI_Handler
                0x00000000080025b8        0x6 ./Core/Src/stm32f7xx_it.o
                0x00000000080025b8                NMI_Handler
 .text.HardFault_Handler
                0x00000000080025be        0x6 ./Core/Src/stm32f7xx_it.o
                0x00000000080025be                HardFault_Handler
 .text.MemManage_Handler
                0x00000000080025c4        0x6 ./Core/Src/stm32f7xx_it.o
                0x00000000080025c4                MemManage_Handler
 .text.BusFault_Handler
                0x00000000080025ca        0x6 ./Core/Src/stm32f7xx_it.o
                0x00000000080025ca                BusFault_Handler
 .text.UsageFault_Handler
                0x00000000080025d0        0x6 ./Core/Src/stm32f7xx_it.o
                0x00000000080025d0                UsageFault_Handler
 .text.DebugMon_Handler
                0x00000000080025d6        0xe ./Core/Src/stm32f7xx_it.o
                0x00000000080025d6                DebugMon_Handler
 .text.TIM6_DAC_IRQHandler
                0x00000000080025e4       0x14 ./Core/Src/stm32f7xx_it.o
                0x00000000080025e4                TIM6_DAC_IRQHandler
 .text.SystemInit
                0x00000000080025f8       0x24 ./Core/Src/system_stm32f7xx.o
                0x00000000080025f8                SystemInit
 .text.MX_TIM3_Init
                0x000000000800261c       0xb4 ./Core/Src/tim.o
                0x000000000800261c                MX_TIM3_Init
 .text.HAL_TIM_PWM_MspInit
                0x00000000080026d0       0x40 ./Core/Src/tim.o
                0x00000000080026d0                HAL_TIM_PWM_MspInit
 .text.HAL_TIM_MspPostInit
                0x0000000008002710       0x70 ./Core/Src/tim.o
                0x0000000008002710                HAL_TIM_MspPostInit
 .text.Reset_Handler
                0x0000000008002780       0x50 ./Core/Startup/startup_stm32f769nihx.o
                0x0000000008002780                Reset_Handler
 .text.Default_Handler
                0x00000000080027d0        0x2 ./Core/Startup/startup_stm32f769nihx.o
                0x00000000080027d0                DMA1_Stream3_IRQHandler
                0x00000000080027d0                EXTI2_IRQHandler
                0x00000000080027d0                TIM8_CC_IRQHandler
                0x00000000080027d0                UART8_IRQHandler
                0x00000000080027d0                SPI4_IRQHandler
                0x00000000080027d0                TIM1_CC_IRQHandler
                0x00000000080027d0                DMA2_Stream5_IRQHandler
                0x00000000080027d0                JPEG_IRQHandler
                0x00000000080027d0                DMA1_Stream5_IRQHandler
                0x00000000080027d0                CAN3_RX1_IRQHandler
                0x00000000080027d0                PVD_IRQHandler
                0x00000000080027d0                TAMP_STAMP_IRQHandler
                0x00000000080027d0                CAN2_RX1_IRQHandler
                0x00000000080027d0                EXTI3_IRQHandler
                0x00000000080027d0                TIM8_TRG_COM_TIM14_IRQHandler
                0x00000000080027d0                DFSDM1_FLT1_IRQHandler
                0x00000000080027d0                TIM1_UP_TIM10_IRQHandler
                0x00000000080027d0                TIM8_UP_TIM13_IRQHandler
                0x00000000080027d0                I2C3_ER_IRQHandler
                0x00000000080027d0                DFSDM1_FLT2_IRQHandler
                0x00000000080027d0                EXTI0_IRQHandler
                0x00000000080027d0                I2C2_EV_IRQHandler
                0x00000000080027d0                DMA1_Stream2_IRQHandler
                0x00000000080027d0                CAN1_RX0_IRQHandler
                0x00000000080027d0                FPU_IRQHandler
                0x00000000080027d0                OTG_HS_WKUP_IRQHandler
                0x00000000080027d0                CAN3_SCE_IRQHandler
                0x00000000080027d0                LTDC_ER_IRQHandler
                0x00000000080027d0                CAN2_SCE_IRQHandler
                0x00000000080027d0                DMA2_Stream2_IRQHandler
                0x00000000080027d0                SPI1_IRQHandler
                0x00000000080027d0                TIM1_BRK_TIM9_IRQHandler
                0x00000000080027d0                DCMI_IRQHandler
                0x00000000080027d0                CAN2_RX0_IRQHandler
                0x00000000080027d0                DMA2_Stream3_IRQHandler
                0x00000000080027d0                SAI2_IRQHandler
                0x00000000080027d0                DFSDM1_FLT3_IRQHandler
                0x00000000080027d0                USART6_IRQHandler
                0x00000000080027d0                CAN3_RX0_IRQHandler
                0x00000000080027d0                USART3_IRQHandler
                0x00000000080027d0                CAN1_RX1_IRQHandler
                0x00000000080027d0                UART5_IRQHandler
                0x00000000080027d0                DMA2_Stream0_IRQHandler
                0x00000000080027d0                TIM4_IRQHandler
                0x00000000080027d0                QUADSPI_IRQHandler
                0x00000000080027d0                I2C1_EV_IRQHandler
                0x00000000080027d0                DMA1_Stream6_IRQHandler
                0x00000000080027d0                DMA1_Stream1_IRQHandler
                0x00000000080027d0                UART4_IRQHandler
                0x00000000080027d0                TIM3_IRQHandler
                0x00000000080027d0                RCC_IRQHandler
                0x00000000080027d0                TIM8_BRK_TIM12_IRQHandler
                0x00000000080027d0                Default_Handler
                0x00000000080027d0                CEC_IRQHandler
                0x00000000080027d0                EXTI15_10_IRQHandler
                0x00000000080027d0                ADC_IRQHandler
                0x00000000080027d0                DMA1_Stream7_IRQHandler
                0x00000000080027d0                SPI5_IRQHandler
                0x00000000080027d0                TIM7_IRQHandler
                0x00000000080027d0                SDMMC1_IRQHandler
                0x00000000080027d0                CAN2_TX_IRQHandler
                0x00000000080027d0                TIM5_IRQHandler
                0x00000000080027d0                DMA2_Stream7_IRQHandler
                0x00000000080027d0                I2C3_EV_IRQHandler
                0x00000000080027d0                EXTI9_5_IRQHandler
                0x00000000080027d0                RTC_WKUP_IRQHandler
                0x00000000080027d0                LTDC_IRQHandler
                0x00000000080027d0                ETH_WKUP_IRQHandler
                0x00000000080027d0                SPDIF_RX_IRQHandler
                0x00000000080027d0                SPI2_IRQHandler
                0x00000000080027d0                OTG_HS_EP1_IN_IRQHandler
                0x00000000080027d0                DMA1_Stream0_IRQHandler
                0x00000000080027d0                CAN1_TX_IRQHandler
                0x00000000080027d0                EXTI4_IRQHandler
                0x00000000080027d0                RNG_IRQHandler
                0x00000000080027d0                DSI_IRQHandler
                0x00000000080027d0                ETH_IRQHandler
                0x00000000080027d0                OTG_HS_EP1_OUT_IRQHandler
                0x00000000080027d0                WWDG_IRQHandler
                0x00000000080027d0                SPI6_IRQHandler
                0x00000000080027d0                MDIOS_IRQHandler
                0x00000000080027d0                I2C4_EV_IRQHandler
                0x00000000080027d0                CAN3_TX_IRQHandler
                0x00000000080027d0                TIM2_IRQHandler
                0x00000000080027d0                OTG_FS_WKUP_IRQHandler
                0x00000000080027d0                TIM1_TRG_COM_TIM11_IRQHandler
                0x00000000080027d0                OTG_HS_IRQHandler
                0x00000000080027d0                DMA2D_IRQHandler
                0x00000000080027d0                EXTI1_IRQHandler
                0x00000000080027d0                SDMMC2_IRQHandler
                0x00000000080027d0                UART7_IRQHandler
                0x00000000080027d0                USART2_IRQHandler
                0x00000000080027d0                DFSDM1_FLT0_IRQHandler
                0x00000000080027d0                I2C2_ER_IRQHandler
                0x00000000080027d0                DMA2_Stream1_IRQHandler
                0x00000000080027d0                CAN1_SCE_IRQHandler
                0x00000000080027d0                FLASH_IRQHandler
                0x00000000080027d0                DMA2_Stream4_IRQHandler
                0x00000000080027d0                USART1_IRQHandler
                0x00000000080027d0                OTG_FS_IRQHandler
                0x00000000080027d0                SPI3_IRQHandler
                0x00000000080027d0                DMA1_Stream4_IRQHandler
                0x00000000080027d0                I2C1_ER_IRQHandler
                0x00000000080027d0                FMC_IRQHandler
                0x00000000080027d0                LPTIM1_IRQHandler
                0x00000000080027d0                I2C4_ER_IRQHandler
                0x00000000080027d0                DMA2_Stream6_IRQHandler
                0x00000000080027d0                SAI1_IRQHandler
                0x00000000080027d0                RTC_Alarm_IRQHandler
 *fill*         0x00000000080027d2        0x2 
 .text.HAL_Init
                0x00000000080027d4       0x2c ./Drivers/STM32F7xx_HAL_Driver/Src/stm32f7xx_hal.o
                0x00000000080027d4                HAL_Init
 .text.HAL_IncTick
                0x0000000008002800       0x28 ./Drivers/STM32F7xx_HAL_Driver/Src/stm32f7xx_hal.o
                0x0000000008002800                HAL_IncTick
 .text.HAL_GetTick
                0x0000000008002828       0x18 ./Drivers/STM32F7xx_HAL_Driver/Src/stm32f7xx_hal.o
                0x0000000008002828                HAL_GetTick
 .text.HAL_Delay
                0x0000000008002840       0x48 ./Drivers/STM32F7xx_HAL_Driver/Src/stm32f7xx_hal.o
                0x0000000008002840                HAL_Delay
 .text.__NVIC_SetPriorityGrouping
                0x0000000008002888       0x48 ./Drivers/STM32F7xx_HAL_Driver/Src/stm32f7xx_hal_cortex.o
 .text.__NVIC_GetPriorityGrouping
                0x00000000080028d0       0x1c ./Drivers/STM32F7xx_HAL_Driver/Src/stm32f7xx_hal_cortex.o
 .text.__NVIC_EnableIRQ
                0x00000000080028ec       0x3c ./Drivers/STM32F7xx_HAL_Driver/Src/stm32f7xx_hal_cortex.o
 .text.__NVIC_SetPriority
                0x0000000008002928       0x54 ./Drivers/STM32F7xx_HAL_Driver/Src/stm32f7xx_hal_cortex.o
 .text.NVIC_EncodePriority
                0x000000000800297c       0x66 ./Drivers/STM32F7xx_HAL_Driver/Src/stm32f7xx_hal_cortex.o
 .text.HAL_NVIC_SetPriorityGrouping
                0x00000000080029e2       0x16 ./Drivers/STM32F7xx_HAL_Driver/Src/stm32f7xx_hal_cortex.o
                0x00000000080029e2                HAL_NVIC_SetPriorityGrouping
 .text.HAL_NVIC_SetPriority
                0x00000000080029f8       0x38 ./Drivers/STM32F7xx_HAL_Driver/Src/stm32f7xx_hal_cortex.o
                0x00000000080029f8                HAL_NVIC_SetPriority
 .text.HAL_NVIC_EnableIRQ
                0x0000000008002a30       0x1c ./Drivers/STM32F7xx_HAL_Driver/Src/stm32f7xx_hal_cortex.o
                0x0000000008002a30                HAL_NVIC_EnableIRQ
 .text.HAL_DMA2D_Init
                0x0000000008002a4c       0xb4 ./Drivers/STM32F7xx_HAL_Driver/Src/stm32f7xx_hal_dma2d.o
                0x0000000008002a4c                HAL_DMA2D_Init
 .text.HAL_DMA2D_Start
                0x0000000008002b00       0x56 ./Drivers/STM32F7xx_HAL_Driver/Src/stm32f7xx_hal_dma2d.o
                0x0000000008002b00                HAL_DMA2D_Start
 .text.HAL_DMA2D_PollForTransfer
                0x0000000008002b56      0x1d2 ./Drivers/STM32F7xx_HAL_Driver/Src/stm32f7xx_hal_dma2d.o
                0x0000000008002b56                HAL_DMA2D_PollForTransfer
 .text.HAL_DMA2D_ConfigLayer
                0x0000000008002d28      0x13c ./Drivers/STM32F7xx_HAL_Driver/Src/stm32f7xx_hal_dma2d.o
                0x0000000008002d28                HAL_DMA2D_ConfigLayer
 .text.DMA2D_SetConfig
                0x0000000008002e64      0x138 ./Drivers/STM32F7xx_HAL_Driver/Src/stm32f7xx_hal_dma2d.o
 .text.DSI_ConfigPacketHeader
                0x0000000008002f9c       0x32 ./Drivers/STM32F7xx_HAL_Driver/Src/stm32f7xx_hal_dsi.o
 .text.DSI_ShortWrite
                0x0000000008002fce       0x5e ./Drivers/STM32F7xx_HAL_Driver/Src/stm32f7xx_hal_dsi.o
 .text.HAL_DSI_Init
                0x000000000800302c      0x238 ./Drivers/STM32F7xx_HAL_Driver/Src/stm32f7xx_hal_dsi.o
                0x000000000800302c                HAL_DSI_Init
 .text.HAL_DSI_DeInit
                0x0000000008003264       0xe8 ./Drivers/STM32F7xx_HAL_Driver/Src/stm32f7xx_hal_dsi.o
                0x0000000008003264                HAL_DSI_DeInit
 .text.HAL_DSI_ConfigErrorMonitor
                0x000000000800334c      0x178 ./Drivers/STM32F7xx_HAL_Driver/Src/stm32f7xx_hal_dsi.o
                0x000000000800334c                HAL_DSI_ConfigErrorMonitor
 .text.HAL_DSI_SetGenericVCID
                0x00000000080034c4       0x50 ./Drivers/STM32F7xx_HAL_Driver/Src/stm32f7xx_hal_dsi.o
                0x00000000080034c4                HAL_DSI_SetGenericVCID
 .text.HAL_DSI_ConfigVideoMode
                0x0000000008003514      0x400 ./Drivers/STM32F7xx_HAL_Driver/Src/stm32f7xx_hal_dsi.o
                0x0000000008003514                HAL_DSI_ConfigVideoMode
 .text.HAL_DSI_ConfigFlowControl
                0x0000000008003914       0x50 ./Drivers/STM32F7xx_HAL_Driver/Src/stm32f7xx_hal_dsi.o
                0x0000000008003914                HAL_DSI_ConfigFlowControl
 .text.HAL_DSI_ConfigPhyTimer
                0x0000000008003964       0xd4 ./Drivers/STM32F7xx_HAL_Driver/Src/stm32f7xx_hal_dsi.o
                0x0000000008003964                HAL_DSI_ConfigPhyTimer
 .text.HAL_DSI_ConfigHostTimeouts
                0x0000000008003a38      0x190 ./Drivers/STM32F7xx_HAL_Driver/Src/stm32f7xx_hal_dsi.o
                0x0000000008003a38                HAL_DSI_ConfigHostTimeouts
 .text.HAL_DSI_Start
                0x0000000008003bc8       0x78 ./Drivers/STM32F7xx_HAL_Driver/Src/stm32f7xx_hal_dsi.o
                0x0000000008003bc8                HAL_DSI_Start
 .text.HAL_DSI_ShortWrite
                0x0000000008003c40       0x44 ./Drivers/STM32F7xx_HAL_Driver/Src/stm32f7xx_hal_dsi.o
                0x0000000008003c40                HAL_DSI_ShortWrite
 .text.HAL_DSI_LongWrite
                0x0000000008003c84      0x130 ./Drivers/STM32F7xx_HAL_Driver/Src/stm32f7xx_hal_dsi.o
                0x0000000008003c84                HAL_DSI_LongWrite
 .text.HAL_DSI_SetLowPowerRXFilter
                0x0000000008003db4       0x5a ./Drivers/STM32F7xx_HAL_Driver/Src/stm32f7xx_hal_dsi.o
                0x0000000008003db4                HAL_DSI_SetLowPowerRXFilter
 *fill*         0x0000000008003e0e        0x2 
 .text.HAL_GPIO_Init
                0x0000000008003e10      0x358 ./Drivers/STM32F7xx_HAL_Driver/Src/stm32f7xx_hal_gpio.o
                0x0000000008003e10                HAL_GPIO_Init
 .text.HAL_GPIO_WritePin
                0x0000000008004168       0x32 ./Drivers/STM32F7xx_HAL_Driver/Src/stm32f7xx_hal_gpio.o
                0x0000000008004168                HAL_GPIO_WritePin
 *fill*         0x000000000800419a        0x2 
 .text.HAL_I2C_Init
                0x000000000800419c      0x120 ./Drivers/STM32F7xx_HAL_Driver/Src/stm32f7xx_hal_i2c.o
                0x000000000800419c                HAL_I2C_Init
 .text.HAL_I2CEx_ConfigAnalogFilter
                0x00000000080042bc       0x96 ./Drivers/STM32F7xx_HAL_Driver/Src/stm32f7xx_hal_i2c_ex.o
                0x00000000080042bc                HAL_I2CEx_ConfigAnalogFilter
 .text.HAL_I2CEx_ConfigDigitalFilter
                0x0000000008004352       0x98 ./Drivers/STM32F7xx_HAL_Driver/Src/stm32f7xx_hal_i2c_ex.o
                0x0000000008004352                HAL_I2CEx_ConfigDigitalFilter
 *fill*         0x00000000080043ea        0x2 
 .text.HAL_LTDC_Init
                0x00000000080043ec      0x1a0 ./Drivers/STM32F7xx_HAL_Driver/Src/stm32f7xx_hal_ltdc.o
                0x00000000080043ec                HAL_LTDC_Init
 .text.HAL_LTDC_ConfigLayer
                0x000000000800458c       0x7c ./Drivers/STM32F7xx_HAL_Driver/Src/stm32f7xx_hal_ltdc.o
                0x000000000800458c                HAL_LTDC_ConfigLayer
 .text.LTDC_SetConfig
                0x0000000008004608      0x334 ./Drivers/STM32F7xx_HAL_Driver/Src/stm32f7xx_hal_ltdc.o
 .text.HAL_LTDCEx_StructInitFromVideoConfig
                0x000000000800493c       0xa0 ./Drivers/STM32F7xx_HAL_Driver/Src/stm32f7xx_hal_ltdc_ex.o
                0x000000000800493c                HAL_LTDCEx_StructInitFromVideoConfig
 .text.HAL_PWR_EnableBkUpAccess
                0x00000000080049dc       0x20 ./Drivers/STM32F7xx_HAL_Driver/Src/stm32f7xx_hal_pwr.o
                0x00000000080049dc                HAL_PWR_EnableBkUpAccess
 .text.HAL_PWREx_EnableOverDrive
                0x00000000080049fc       0xa0 ./Drivers/STM32F7xx_HAL_Driver/Src/stm32f7xx_hal_pwr_ex.o
                0x00000000080049fc                HAL_PWREx_EnableOverDrive
 .text.HAL_RCC_OscConfig
                0x0000000008004a9c      0x55c ./Drivers/STM32F7xx_HAL_Driver/Src/stm32f7xx_hal_rcc.o
                0x0000000008004a9c                HAL_RCC_OscConfig
 .text.HAL_RCC_ClockConfig
                0x0000000008004ff8      0x1d8 ./Drivers/STM32F7xx_HAL_Driver/Src/stm32f7xx_hal_rcc.o
                0x0000000008004ff8                HAL_RCC_ClockConfig
 .text.HAL_RCC_GetSysClockFreq
                0x00000000080051d0      0x18c ./Drivers/STM32F7xx_HAL_Driver/Src/stm32f7xx_hal_rcc.o
                0x00000000080051d0                HAL_RCC_GetSysClockFreq
 .text.HAL_RCC_GetHCLKFreq
                0x000000000800535c       0x18 ./Drivers/STM32F7xx_HAL_Driver/Src/stm32f7xx_hal_rcc.o
                0x000000000800535c                HAL_RCC_GetHCLKFreq
 .text.HAL_RCC_GetPCLK1Freq
                0x0000000008005374       0x28 ./Drivers/STM32F7xx_HAL_Driver/Src/stm32f7xx_hal_rcc.o
                0x0000000008005374                HAL_RCC_GetPCLK1Freq
 .text.HAL_RCC_GetClockConfig
                0x000000000800539c       0x64 ./Drivers/STM32F7xx_HAL_Driver/Src/stm32f7xx_hal_rcc.o
                0x000000000800539c                HAL_RCC_GetClockConfig
 .text.HAL_RCCEx_PeriphCLKConfig
                0x0000000008005400      0x850 ./Drivers/STM32F7xx_HAL_Driver/Src/stm32f7xx_hal_rcc_ex.o
                0x0000000008005400                HAL_RCCEx_PeriphCLKConfig
 .text.HAL_SDRAM_Init
                0x0000000008005c50       0x68 ./Drivers/STM32F7xx_HAL_Driver/Src/stm32f7xx_hal_sdram.o
                0x0000000008005c50                HAL_SDRAM_Init
 .text.HAL_SDRAM_SendCommand
                0x0000000008005cb8       0x6a ./Drivers/STM32F7xx_HAL_Driver/Src/stm32f7xx_hal_sdram.o
                0x0000000008005cb8                HAL_SDRAM_SendCommand
 .text.HAL_SDRAM_ProgramRefreshRate
                0x0000000008005d22       0x50 ./Drivers/STM32F7xx_HAL_Driver/Src/stm32f7xx_hal_sdram.o
                0x0000000008005d22                HAL_SDRAM_ProgramRefreshRate
 .text.HAL_TIM_Base_Init
                0x0000000008005d72       0xae ./Drivers/STM32F7xx_HAL_Driver/Src/stm32f7xx_hal_tim.o
                0x0000000008005d72                HAL_TIM_Base_Init
 .text.HAL_TIM_Base_MspInit
                0x0000000008005e20       0x14 ./Drivers/STM32F7xx_HAL_Driver/Src/stm32f7xx_hal_tim.o
                0x0000000008005e20                HAL_TIM_Base_MspInit
 .text.HAL_TIM_Base_Start_IT
                0x0000000008005e34       0xf0 ./Drivers/STM32F7xx_HAL_Driver/Src/stm32f7xx_hal_tim.o
                0x0000000008005e34                HAL_TIM_Base_Start_IT
 .text.HAL_TIM_PWM_Init
                0x0000000008005f24       0xae ./Drivers/STM32F7xx_HAL_Driver/Src/stm32f7xx_hal_tim.o
                0x0000000008005f24                HAL_TIM_PWM_Init
 .text.HAL_TIM_IRQHandler
                0x0000000008005fd2      0x23e ./Drivers/STM32F7xx_HAL_Driver/Src/stm32f7xx_hal_tim.o
                0x0000000008005fd2                HAL_TIM_IRQHandler
 .text.HAL_TIM_PWM_ConfigChannel
                0x0000000008006210      0x228 ./Drivers/STM32F7xx_HAL_Driver/Src/stm32f7xx_hal_tim.o
                0x0000000008006210                HAL_TIM_PWM_ConfigChannel
 .text.HAL_TIM_OC_DelayElapsedCallback
                0x0000000008006438       0x14 ./Drivers/STM32F7xx_HAL_Driver/Src/stm32f7xx_hal_tim.o
                0x0000000008006438                HAL_TIM_OC_DelayElapsedCallback
 .text.HAL_TIM_IC_CaptureCallback
                0x000000000800644c       0x14 ./Drivers/STM32F7xx_HAL_Driver/Src/stm32f7xx_hal_tim.o
                0x000000000800644c                HAL_TIM_IC_CaptureCallback
 .text.HAL_TIM_PWM_PulseFinishedCallback
                0x0000000008006460       0x14 ./Drivers/STM32F7xx_HAL_Driver/Src/stm32f7xx_hal_tim.o
                0x0000000008006460                HAL_TIM_PWM_PulseFinishedCallback
 .text.HAL_TIM_TriggerCallback
                0x0000000008006474       0x14 ./Drivers/STM32F7xx_HAL_Driver/Src/stm32f7xx_hal_tim.o
                0x0000000008006474                HAL_TIM_TriggerCallback
 .text.TIM_Base_SetConfig
                0x0000000008006488      0x140 ./Drivers/STM32F7xx_HAL_Driver/Src/stm32f7xx_hal_tim.o
                0x0000000008006488                TIM_Base_SetConfig
 .text.TIM_OC1_SetConfig
                0x00000000080065c8       0xe4 ./Drivers/STM32F7xx_HAL_Driver/Src/stm32f7xx_hal_tim.o
 .text.TIM_OC2_SetConfig
                0x00000000080066ac       0xf0 ./Drivers/STM32F7xx_HAL_Driver/Src/stm32f7xx_hal_tim.o
                0x00000000080066ac                TIM_OC2_SetConfig
 .text.TIM_OC3_SetConfig
                0x000000000800679c       0xec ./Drivers/STM32F7xx_HAL_Driver/Src/stm32f7xx_hal_tim.o
 .text.TIM_OC4_SetConfig
                0x0000000008006888       0xb0 ./Drivers/STM32F7xx_HAL_Driver/Src/stm32f7xx_hal_tim.o
 .text.TIM_OC5_SetConfig
                0x0000000008006938       0xa4 ./Drivers/STM32F7xx_HAL_Driver/Src/stm32f7xx_hal_tim.o
 .text.TIM_OC6_SetConfig
                0x00000000080069dc       0xa8 ./Drivers/STM32F7xx_HAL_Driver/Src/stm32f7xx_hal_tim.o
 .text.HAL_TIMEx_MasterConfigSynchronization
                0x0000000008006a84      0x11c ./Drivers/STM32F7xx_HAL_Driver/Src/stm32f7xx_hal_tim_ex.o
                0x0000000008006a84                HAL_TIMEx_MasterConfigSynchronization
 .text.HAL_TIMEx_CommutCallback
                0x0000000008006ba0       0x14 ./Drivers/STM32F7xx_HAL_Driver/Src/stm32f7xx_hal_tim_ex.o
                0x0000000008006ba0                HAL_TIMEx_CommutCallback
 .text.HAL_TIMEx_BreakCallback
                0x0000000008006bb4       0x14 ./Drivers/STM32F7xx_HAL_Driver/Src/stm32f7xx_hal_tim_ex.o
                0x0000000008006bb4                HAL_TIMEx_BreakCallback
 .text.HAL_TIMEx_Break2Callback
                0x0000000008006bc8       0x14 ./Drivers/STM32F7xx_HAL_Driver/Src/stm32f7xx_hal_tim_ex.o
                0x0000000008006bc8                HAL_TIMEx_Break2Callback
 .text.FMC_SDRAM_Init
                0x0000000008006bdc       0xb8 ./Drivers/STM32F7xx_HAL_Driver/Src/stm32f7xx_ll_fmc.o
                0x0000000008006bdc                FMC_SDRAM_Init
 .text.FMC_SDRAM_Timing_Init
                0x0000000008006c94       0xd4 ./Drivers/STM32F7xx_HAL_Driver/Src/stm32f7xx_ll_fmc.o
                0x0000000008006c94                FMC_SDRAM_Timing_Init
 .text.FMC_SDRAM_SendCommand
                0x0000000008006d68       0x48 ./Drivers/STM32F7xx_HAL_Driver/Src/stm32f7xx_ll_fmc.o
                0x0000000008006d68                FMC_SDRAM_SendCommand
 .text.FMC_SDRAM_ProgramRefreshRate
                0x0000000008006db0       0x30 ./Drivers/STM32F7xx_HAL_Driver/Src/stm32f7xx_ll_fmc.o
                0x0000000008006db0                FMC_SDRAM_ProgramRefreshRate
 .text.SVC_Setup
                0x0000000008006de0        0xe ./Middlewares/Third_Party/FreeRTOS/Source/CMSIS_RTOS_V2/cmsis_os2.o
 *fill*         0x0000000008006dee        0x2 
 .text.osKernelInitialize
                0x0000000008006df0       0x68 ./Middlewares/Third_Party/FreeRTOS/Source/CMSIS_RTOS_V2/cmsis_os2.o
                0x0000000008006df0                osKernelInitialize
 .text.osKernelStart
                0x0000000008006e58       0x6c ./Middlewares/Third_Party/FreeRTOS/Source/CMSIS_RTOS_V2/cmsis_os2.o
                0x0000000008006e58                osKernelStart
 .text.osThreadNew
                0x0000000008006ec4      0x14c ./Middlewares/Third_Party/FreeRTOS/Source/CMSIS_RTOS_V2/cmsis_os2.o
                0x0000000008006ec4                osThreadNew
 .text.osDelay  0x0000000008007010       0x5c ./Middlewares/Third_Party/FreeRTOS/Source/CMSIS_RTOS_V2/cmsis_os2.o
                0x0000000008007010                osDelay
 .text.vApplicationGetIdleTaskMemory
                0x000000000800706c       0x34 ./Middlewares/Third_Party/FreeRTOS/Source/CMSIS_RTOS_V2/cmsis_os2.o
                0x000000000800706c                vApplicationGetIdleTaskMemory
 .text.vApplicationGetTimerTaskMemory
                0x00000000080070a0       0x34 ./Middlewares/Third_Party/FreeRTOS/Source/CMSIS_RTOS_V2/cmsis_os2.o
                0x00000000080070a0                vApplicationGetTimerTaskMemory
 .text.vListInitialise
                0x00000000080070d4       0x40 ./Middlewares/Third_Party/FreeRTOS/Source/list.o
                0x00000000080070d4                vListInitialise
 .text.vListInitialiseItem
                0x0000000008007114       0x1a ./Middlewares/Third_Party/FreeRTOS/Source/list.o
                0x0000000008007114                vListInitialiseItem
 .text.vListInsertEnd
                0x000000000800712e       0x48 ./Middlewares/Third_Party/FreeRTOS/Source/list.o
                0x000000000800712e                vListInsertEnd
 .text.vListInsert
                0x0000000008007176       0x72 ./Middlewares/Third_Party/FreeRTOS/Source/list.o
                0x0000000008007176                vListInsert
 .text.uxListRemove
                0x00000000080071e8       0x54 ./Middlewares/Third_Party/FreeRTOS/Source/list.o
                0x00000000080071e8                uxListRemove
 .text.xQueueGenericReset
                0x000000000800723c       0xd4 ./Middlewares/Third_Party/FreeRTOS/Source/queue.o
                0x000000000800723c                xQueueGenericReset
 .text.xQueueGenericCreateStatic
                0x0000000008007310      0x104 ./Middlewares/Third_Party/FreeRTOS/Source/queue.o
                0x0000000008007310                xQueueGenericCreateStatic
 .text.xQueueGenericCreate
                0x0000000008007414       0x84 ./Middlewares/Third_Party/FreeRTOS/Source/queue.o
                0x0000000008007414                xQueueGenericCreate
 .text.prvInitialiseNewQueue
                0x0000000008007498       0x46 ./Middlewares/Third_Party/FreeRTOS/Source/queue.o
 .text.prvInitialiseMutex
                0x00000000080074de       0x34 ./Middlewares/Third_Party/FreeRTOS/Source/queue.o
 .text.xQueueCreateMutex
                0x0000000008007512       0x30 ./Middlewares/Third_Party/FreeRTOS/Source/queue.o
                0x0000000008007512                xQueueCreateMutex
 *fill*         0x0000000008007542        0x2 
 .text.xQueueGenericSend
                0x0000000008007544      0x20c ./Middlewares/Third_Party/FreeRTOS/Source/queue.o
                0x0000000008007544                xQueueGenericSend
 .text.xQueueGenericSendFromISR
                0x0000000008007750      0x140 ./Middlewares/Third_Party/FreeRTOS/Source/queue.o
                0x0000000008007750                xQueueGenericSendFromISR
 .text.xQueueReceive
                0x0000000008007890      0x1cc ./Middlewares/Third_Party/FreeRTOS/Source/queue.o
                0x0000000008007890                xQueueReceive
 .text.prvCopyDataToQueue
                0x0000000008007a5c       0xd4 ./Middlewares/Third_Party/FreeRTOS/Source/queue.o
 .text.prvCopyDataFromQueue
                0x0000000008007b30       0x4c ./Middlewares/Third_Party/FreeRTOS/Source/queue.o
 .text.prvUnlockQueue
                0x0000000008007b7c       0xa4 ./Middlewares/Third_Party/FreeRTOS/Source/queue.o
 .text.prvIsQueueEmpty
                0x0000000008007c20       0x2c ./Middlewares/Third_Party/FreeRTOS/Source/queue.o
 .text.prvIsQueueFull
                0x0000000008007c4c       0x30 ./Middlewares/Third_Party/FreeRTOS/Source/queue.o
 .text.vQueueAddToRegistry
                0x0000000008007c7c       0x54 ./Middlewares/Third_Party/FreeRTOS/Source/queue.o
                0x0000000008007c7c                vQueueAddToRegistry
 .text.vQueueWaitForMessageRestricted
                0x0000000008007cd0       0x68 ./Middlewares/Third_Party/FreeRTOS/Source/queue.o
                0x0000000008007cd0                vQueueWaitForMessageRestricted
 .text.xTaskCreateStatic
                0x0000000008007d38       0xc6 ./Middlewares/Third_Party/FreeRTOS/Source/tasks.o
                0x0000000008007d38                xTaskCreateStatic
 .text.xTaskCreate
                0x0000000008007dfe       0x8a ./Middlewares/Third_Party/FreeRTOS/Source/tasks.o
                0x0000000008007dfe                xTaskCreate
 .text.prvInitialiseNewTask
                0x0000000008007e88      0x150 ./Middlewares/Third_Party/FreeRTOS/Source/tasks.o
 .text.prvAddNewTaskToReadyList
                0x0000000008007fd8       0xe0 ./Middlewares/Third_Party/FreeRTOS/Source/tasks.o
 .text.vTaskDelay
                0x00000000080080b8       0x6c ./Middlewares/Third_Party/FreeRTOS/Source/tasks.o
                0x00000000080080b8                vTaskDelay
 .text.vTaskStartScheduler
                0x0000000008008124       0xe8 ./Middlewares/Third_Party/FreeRTOS/Source/tasks.o
                0x0000000008008124                vTaskStartScheduler
 .text.vTaskSuspendAll
                0x000000000800820c       0x1c ./Middlewares/Third_Party/FreeRTOS/Source/tasks.o
                0x000000000800820c                vTaskSuspendAll
 .text.xTaskResumeAll
                0x0000000008008228      0x140 ./Middlewares/Third_Party/FreeRTOS/Source/tasks.o
                0x0000000008008228                xTaskResumeAll
 .text.xTaskGetTickCount
                0x0000000008008368       0x20 ./Middlewares/Third_Party/FreeRTOS/Source/tasks.o
                0x0000000008008368                xTaskGetTickCount
 .text.xTaskIncrementTick
                0x0000000008008388      0x178 ./Middlewares/Third_Party/FreeRTOS/Source/tasks.o
                0x0000000008008388                xTaskIncrementTick
 .text.vTaskSwitchContext
                0x0000000008008500       0xcc ./Middlewares/Third_Party/FreeRTOS/Source/tasks.o
                0x0000000008008500                vTaskSwitchContext
 .text.vTaskPlaceOnEventList
                0x00000000080085cc       0x4c ./Middlewares/Third_Party/FreeRTOS/Source/tasks.o
                0x00000000080085cc                vTaskPlaceOnEventList
 .text.vTaskPlaceOnEventListRestricted
                0x0000000008008618       0x5c ./Middlewares/Third_Party/FreeRTOS/Source/tasks.o
                0x0000000008008618                vTaskPlaceOnEventListRestricted
 .text.xTaskRemoveFromEventList
                0x0000000008008674       0xcc ./Middlewares/Third_Party/FreeRTOS/Source/tasks.o
                0x0000000008008674                xTaskRemoveFromEventList
 .text.vTaskInternalSetTimeOutState
                0x0000000008008740       0x2c ./Middlewares/Third_Party/FreeRTOS/Source/tasks.o
                0x0000000008008740                vTaskInternalSetTimeOutState
 .text.xTaskCheckForTimeOut
                0x000000000800876c       0xcc ./Middlewares/Third_Party/FreeRTOS/Source/tasks.o
                0x000000000800876c                xTaskCheckForTimeOut
 .text.vTaskMissedYield
                0x0000000008008838       0x18 ./Middlewares/Third_Party/FreeRTOS/Source/tasks.o
                0x0000000008008838                vTaskMissedYield
 .text.prvIdleTask
                0x0000000008008850       0x30 ./Middlewares/Third_Party/FreeRTOS/Source/tasks.o
 .text.prvInitialiseTaskLists
                0x0000000008008880       0x80 ./Middlewares/Third_Party/FreeRTOS/Source/tasks.o
 .text.prvCheckTasksWaitingTermination
                0x0000000008008900       0x5c ./Middlewares/Third_Party/FreeRTOS/Source/tasks.o
 .text.prvDeleteTCB
                0x000000000800895c       0x6c ./Middlewares/Third_Party/FreeRTOS/Source/tasks.o
 .text.prvResetNextTaskUnblockTime
                0x00000000080089c8       0x40 ./Middlewares/Third_Party/FreeRTOS/Source/tasks.o
 .text.xTaskGetSchedulerState
                0x0000000008008a08       0x3c ./Middlewares/Third_Party/FreeRTOS/Source/tasks.o
                0x0000000008008a08                xTaskGetSchedulerState
 .text.xTaskPriorityDisinherit
                0x0000000008008a44       0xe4 ./Middlewares/Third_Party/FreeRTOS/Source/tasks.o
                0x0000000008008a44                xTaskPriorityDisinherit
 .text.prvAddCurrentTaskToDelayedList
                0x0000000008008b28       0xa8 ./Middlewares/Third_Party/FreeRTOS/Source/tasks.o
 .text.xTimerCreateTimerTask
                0x0000000008008bd0       0x94 ./Middlewares/Third_Party/FreeRTOS/Source/timers.o
                0x0000000008008bd0                xTimerCreateTimerTask
 .text.xTimerGenericCommand
                0x0000000008008c64       0xa0 ./Middlewares/Third_Party/FreeRTOS/Source/timers.o
                0x0000000008008c64                xTimerGenericCommand
 .text.prvProcessExpiredTimer
                0x0000000008008d04       0x9c ./Middlewares/Third_Party/FreeRTOS/Source/timers.o
 .text.prvTimerTask
                0x0000000008008da0       0x24 ./Middlewares/Third_Party/FreeRTOS/Source/timers.o
 .text.prvProcessTimerOrBlockTask
                0x0000000008008dc4       0x9c ./Middlewares/Third_Party/FreeRTOS/Source/timers.o
 .text.prvGetNextExpireTime
                0x0000000008008e60       0x48 ./Middlewares/Third_Party/FreeRTOS/Source/timers.o
 .text.prvSampleTimeNow
                0x0000000008008ea8       0x40 ./Middlewares/Third_Party/FreeRTOS/Source/timers.o
 .text.prvInsertTimerInActiveList
                0x0000000008008ee8       0x84 ./Middlewares/Third_Party/FreeRTOS/Source/timers.o
 .text.prvProcessReceivedCommands
                0x0000000008008f6c      0x1d0 ./Middlewares/Third_Party/FreeRTOS/Source/timers.o
 .text.prvSwitchTimerLists
                0x000000000800913c       0xcc ./Middlewares/Third_Party/FreeRTOS/Source/timers.o
 .text.prvCheckForValidListAndQueue
                0x0000000008009208       0x80 ./Middlewares/Third_Party/FreeRTOS/Source/timers.o
 .text.pxPortInitialiseStack
                0x0000000008009288       0x68 ./Middlewares/Third_Party/FreeRTOS/Source/portable/GCC/ARM_CM7/r0p1/port.o
                0x0000000008009288                pxPortInitialiseStack
 .text.prvTaskExitError
                0x00000000080092f0       0x60 ./Middlewares/Third_Party/FreeRTOS/Source/portable/GCC/ARM_CM7/r0p1/port.o
 .text.SVC_Handler
                0x0000000008009350       0x28 ./Middlewares/Third_Party/FreeRTOS/Source/portable/GCC/ARM_CM7/r0p1/port.o
                0x0000000008009350                SVC_Handler
 .text.prvPortStartFirstTask
                0x0000000008009378       0x28 ./Middlewares/Third_Party/FreeRTOS/Source/portable/GCC/ARM_CM7/r0p1/port.o
 .text.xPortStartScheduler
                0x00000000080093a0       0xfc ./Middlewares/Third_Party/FreeRTOS/Source/portable/GCC/ARM_CM7/r0p1/port.o
                0x00000000080093a0                xPortStartScheduler
 .text.vPortEnterCritical
                0x000000000800949c       0x68 ./Middlewares/Third_Party/FreeRTOS/Source/portable/GCC/ARM_CM7/r0p1/port.o
                0x000000000800949c                vPortEnterCritical
 .text.vPortExitCritical
                0x0000000008009504       0x58 ./Middlewares/Third_Party/FreeRTOS/Source/portable/GCC/ARM_CM7/r0p1/port.o
                0x0000000008009504                vPortExitCritical
 *fill*         0x000000000800955c        0x4 
 .text.PendSV_Handler
                0x0000000008009560       0x68 ./Middlewares/Third_Party/FreeRTOS/Source/portable/GCC/ARM_CM7/r0p1/port.o
                0x0000000008009560                PendSV_Handler
 .text.SysTick_Handler
                0x00000000080095c8       0x48 ./Middlewares/Third_Party/FreeRTOS/Source/portable/GCC/ARM_CM7/r0p1/port.o
                0x00000000080095c8                SysTick_Handler
 .text.vPortSetupTimerInterrupt
                0x0000000008009610       0x48 ./Middlewares/Third_Party/FreeRTOS/Source/portable/GCC/ARM_CM7/r0p1/port.o
                0x0000000008009610                vPortSetupTimerInterrupt
 .text.vPortEnableVFP
                0x0000000008009658       0x14 ./Middlewares/Third_Party/FreeRTOS/Source/portable/GCC/ARM_CM7/r0p1/port.o
 .text.vPortValidateInterruptPriority
                0x000000000800966c       0x88 ./Middlewares/Third_Party/FreeRTOS/Source/portable/GCC/ARM_CM7/r0p1/port.o
                0x000000000800966c                vPortValidateInterruptPriority
 .text.pvPortMalloc
                0x00000000080096f4      0x194 ./Middlewares/Third_Party/FreeRTOS/Source/portable/MemMang/heap_4.o
                0x00000000080096f4                pvPortMalloc
 .text.vPortFree
                0x0000000008009888       0xbc ./Middlewares/Third_Party/FreeRTOS/Source/portable/MemMang/heap_4.o
                0x0000000008009888                vPortFree
 .text.prvHeapInit
                0x0000000008009944       0xc4 ./Middlewares/Third_Party/FreeRTOS/Source/portable/MemMang/heap_4.o
 .text.prvInsertBlockIntoFreeList
                0x0000000008009a08       0xb4 ./Middlewares/Third_Party/FreeRTOS/Source/portable/MemMang/heap_4.o
 .text.memset   0x0000000008009abc       0x10 /Applications/STM32CubeIDE.app/Contents/Eclipse/plugins/com.st.stm32cube.ide.mcu.externaltools.gnu-tools-for-stm32.11.3.rel1.macos64_1.1.1.202309131626/tools/bin/../lib/gcc/arm-none-eabi/11.3.1/../../../../arm-none-eabi/lib/thumb/v7e-m+dp/hard/libc_nano.a(libc_a-memset.o)
                0x0000000008009abc                memset
 .text._reclaim_reent
                0x0000000008009acc       0xac /Applications/STM32CubeIDE.app/Contents/Eclipse/plugins/com.st.stm32cube.ide.mcu.externaltools.gnu-tools-for-stm32.11.3.rel1.macos64_1.1.1.202309131626/tools/bin/../lib/gcc/arm-none-eabi/11.3.1/../../../../arm-none-eabi/lib/thumb/v7e-m+dp/hard/libc_nano.a(libc_a-reent.o)
                0x0000000008009acc                _reclaim_reent
 .text.__libc_init_array
                0x0000000008009b78       0x48 /Applications/STM32CubeIDE.app/Contents/Eclipse/plugins/com.st.stm32cube.ide.mcu.externaltools.gnu-tools-for-stm32.11.3.rel1.macos64_1.1.1.202309131626/tools/bin/../lib/gcc/arm-none-eabi/11.3.1/../../../../arm-none-eabi/lib/thumb/v7e-m+dp/hard/libc_nano.a(libc_a-init.o)
                0x0000000008009b78                __libc_init_array
 .text.__retarget_lock_acquire_recursive
                0x0000000008009bc0        0x2 /Applications/STM32CubeIDE.app/Contents/Eclipse/plugins/com.st.stm32cube.ide.mcu.externaltools.gnu-tools-for-stm32.11.3.rel1.macos64_1.1.1.202309131626/tools/bin/../lib/gcc/arm-none-eabi/11.3.1/../../../../arm-none-eabi/lib/thumb/v7e-m+dp/hard/libc_nano.a(libc_a-lock.o)
                0x0000000008009bc0                __retarget_lock_acquire_recursive
 .text.__retarget_lock_release_recursive
                0x0000000008009bc2        0x2 /Applications/STM32CubeIDE.app/Contents/Eclipse/plugins/com.st.stm32cube.ide.mcu.externaltools.gnu-tools-for-stm32.11.3.rel1.macos64_1.1.1.202309131626/tools/bin/../lib/gcc/arm-none-eabi/11.3.1/../../../../arm-none-eabi/lib/thumb/v7e-m+dp/hard/libc_nano.a(libc_a-lock.o)
                0x0000000008009bc2                __retarget_lock_release_recursive
 .text.memcpy   0x0000000008009bc4       0x1c /Applications/STM32CubeIDE.app/Contents/Eclipse/plugins/com.st.stm32cube.ide.mcu.externaltools.gnu-tools-for-stm32.11.3.rel1.macos64_1.1.1.202309131626/tools/bin/../lib/gcc/arm-none-eabi/11.3.1/../../../../arm-none-eabi/lib/thumb/v7e-m+dp/hard/libc_nano.a(libc_a-memcpy-stub.o)
                0x0000000008009bc4                memcpy
 .text._free_r  0x0000000008009be0       0x98 /Applications/STM32CubeIDE.app/Contents/Eclipse/plugins/com.st.stm32cube.ide.mcu.externaltools.gnu-tools-for-stm32.11.3.rel1.macos64_1.1.1.202309131626/tools/bin/../lib/gcc/arm-none-eabi/11.3.1/../../../../arm-none-eabi/lib/thumb/v7e-m+dp/hard/libc_nano.a(libc_a-freer.o)
                0x0000000008009be0                _free_r
 .text.__malloc_lock
                0x0000000008009c78        0xc /Applications/STM32CubeIDE.app/Contents/Eclipse/plugins/com.st.stm32cube.ide.mcu.externaltools.gnu-tools-for-stm32.11.3.rel1.macos64_1.1.1.202309131626/tools/bin/../lib/gcc/arm-none-eabi/11.3.1/../../../../arm-none-eabi/lib/thumb/v7e-m+dp/hard/libc_nano.a(libc_a-mlock.o)
                0x0000000008009c78                __malloc_lock
 .text.__malloc_unlock
                0x0000000008009c84        0xc /Applications/STM32CubeIDE.app/Contents/Eclipse/plugins/com.st.stm32cube.ide.mcu.externaltools.gnu-tools-for-stm32.11.3.rel1.macos64_1.1.1.202309131626/tools/bin/../lib/gcc/arm-none-eabi/11.3.1/../../../../arm-none-eabi/lib/thumb/v7e-m+dp/hard/libc_nano.a(libc_a-mlock.o)
                0x0000000008009c84                __malloc_unlock
 *(.glue_7)
 .glue_7        0x0000000008009c90        0x0 linker stubs
 *(.glue_7t)
 .glue_7t       0x0000000008009c90        0x0 linker stubs
 *(.eh_frame)
 .eh_frame      0x0000000008009c90        0x0 /Applications/STM32CubeIDE.app/Contents/Eclipse/plugins/com.st.stm32cube.ide.mcu.externaltools.gnu-tools-for-stm32.11.3.rel1.macos64_1.1.1.202309131626/tools/bin/../lib/gcc/arm-none-eabi/11.3.1/thumb/v7e-m+dp/hard/crtbegin.o
 *(.init)
 .init          0x0000000008009c90        0x4 /Applications/STM32CubeIDE.app/Contents/Eclipse/plugins/com.st.stm32cube.ide.mcu.externaltools.gnu-tools-for-stm32.11.3.rel1.macos64_1.1.1.202309131626/tools/bin/../lib/gcc/arm-none-eabi/11.3.1/thumb/v7e-m+dp/hard/crti.o
                0x0000000008009c90                _init
 .init          0x0000000008009c94        0x8 /Applications/STM32CubeIDE.app/Contents/Eclipse/plugins/com.st.stm32cube.ide.mcu.externaltools.gnu-tools-for-stm32.11.3.rel1.macos64_1.1.1.202309131626/tools/bin/../lib/gcc/arm-none-eabi/11.3.1/thumb/v7e-m+dp/hard/crtn.o
 *(.fini)
 .fini          0x0000000008009c9c        0x4 /Applications/STM32CubeIDE.app/Contents/Eclipse/plugins/com.st.stm32cube.ide.mcu.externaltools.gnu-tools-for-stm32.11.3.rel1.macos64_1.1.1.202309131626/tools/bin/../lib/gcc/arm-none-eabi/11.3.1/thumb/v7e-m+dp/hard/crti.o
                0x0000000008009c9c                _fini
 .fini          0x0000000008009ca0        0x8 /Applications/STM32CubeIDE.app/Contents/Eclipse/plugins/com.st.stm32cube.ide.mcu.externaltools.gnu-tools-for-stm32.11.3.rel1.macos64_1.1.1.202309131626/tools/bin/../lib/gcc/arm-none-eabi/11.3.1/thumb/v7e-m+dp/hard/crtn.o
                0x0000000008009ca8                . = ALIGN (0x4)
                0x0000000008009ca8                _etext = .

.vfp11_veneer   0x0000000008009ca8        0x0
 .vfp11_veneer  0x0000000008009ca8        0x0 linker stubs

.v4_bx          0x0000000008009ca8        0x0
 .v4_bx         0x0000000008009ca8        0x0 linker stubs

.iplt           0x0000000008009ca8        0x0
 .iplt          0x0000000008009ca8        0x0 /Applications/STM32CubeIDE.app/Contents/Eclipse/plugins/com.st.stm32cube.ide.mcu.externaltools.gnu-tools-for-stm32.11.3.rel1.macos64_1.1.1.202309131626/tools/bin/../lib/gcc/arm-none-eabi/11.3.1/thumb/v7e-m+dp/hard/crtbegin.o

.rodata         0x0000000008009ca8     0x1d38
                0x0000000008009ca8                . = ALIGN (0x4)
 *(.rodata)
 .rodata        0x0000000008009ca8        0xc ./Core/Src/freertos.o
 .rodata        0x0000000008009cb4        0xa ./Core/Src/main_user.o
 *fill*         0x0000000008009cbe        0x2 
 .rodata        0x0000000008009cc0        0x5 ./Middlewares/Third_Party/FreeRTOS/Source/tasks.o
 *fill*         0x0000000008009cc5        0x3 
 .rodata        0x0000000008009cc8        0xd ./Middlewares/Third_Party/FreeRTOS/Source/timers.o
 *(.rodata*)
 *fill*         0x0000000008009cd5        0x3 
 .rodata.lcdRegData1
                0x0000000008009cd8        0x4 ./Core/Src/Components/otm8009a/otm8009a.o
                0x0000000008009cd8                lcdRegData1
 .rodata.lcdRegData2
                0x0000000008009cdc        0x3 ./Core/Src/Components/otm8009a/otm8009a.o
                0x0000000008009cdc                lcdRegData2
 *fill*         0x0000000008009cdf        0x1 
 .rodata.lcdRegData3
                0x0000000008009ce0       0x11 ./Core/Src/Components/otm8009a/otm8009a.o
                0x0000000008009ce0                lcdRegData3
 *fill*         0x0000000008009cf1        0x3 
 .rodata.lcdRegData4
                0x0000000008009cf4       0x11 ./Core/Src/Components/otm8009a/otm8009a.o
                0x0000000008009cf4                lcdRegData4
 *fill*         0x0000000008009d05        0x3 
 .rodata.lcdRegData5
                0x0000000008009d08        0x3 ./Core/Src/Components/otm8009a/otm8009a.o
                0x0000000008009d08                lcdRegData5
 *fill*         0x0000000008009d0b        0x1 
 .rodata.lcdRegData6
                0x0000000008009d0c        0x3 ./Core/Src/Components/otm8009a/otm8009a.o
                0x0000000008009d0c                lcdRegData6
 *fill*         0x0000000008009d0f        0x1 
 .rodata.lcdRegData7
                0x0000000008009d10        0x7 ./Core/Src/Components/otm8009a/otm8009a.o
                0x0000000008009d10                lcdRegData7
 *fill*         0x0000000008009d17        0x1 
 .rodata.lcdRegData8
                0x0000000008009d18        0xf ./Core/Src/Components/otm8009a/otm8009a.o
                0x0000000008009d18                lcdRegData8
 *fill*         0x0000000008009d27        0x1 
 .rodata.lcdRegData9
                0x0000000008009d28        0xf ./Core/Src/Components/otm8009a/otm8009a.o
                0x0000000008009d28                lcdRegData9
 *fill*         0x0000000008009d37        0x1 
 .rodata.lcdRegData10
                0x0000000008009d38        0xb ./Core/Src/Components/otm8009a/otm8009a.o
                0x0000000008009d38                lcdRegData10
 *fill*         0x0000000008009d43        0x1 
 .rodata.lcdRegData11
                0x0000000008009d44        0xb ./Core/Src/Components/otm8009a/otm8009a.o
                0x0000000008009d44                lcdRegData11
 *fill*         0x0000000008009d4f        0x1 
 .rodata.lcdRegData12
                0x0000000008009d50       0x10 ./Core/Src/Components/otm8009a/otm8009a.o
                0x0000000008009d50                lcdRegData12
 .rodata.lcdRegData13
                0x0000000008009d60       0x10 ./Core/Src/Components/otm8009a/otm8009a.o
                0x0000000008009d60                lcdRegData13
 .rodata.lcdRegData14
                0x0000000008009d70        0xb ./Core/Src/Components/otm8009a/otm8009a.o
                0x0000000008009d70                lcdRegData14
 *fill*         0x0000000008009d7b        0x1 
 .rodata.lcdRegData15
                0x0000000008009d7c       0x10 ./Core/Src/Components/otm8009a/otm8009a.o
                0x0000000008009d7c                lcdRegData15
 .rodata.lcdRegData16
                0x0000000008009d8c       0x10 ./Core/Src/Components/otm8009a/otm8009a.o
                0x0000000008009d8c                lcdRegData16
 .rodata.lcdRegData17
                0x0000000008009d9c        0xb ./Core/Src/Components/otm8009a/otm8009a.o
                0x0000000008009d9c                lcdRegData17
 *fill*         0x0000000008009da7        0x1 
 .rodata.lcdRegData18
                0x0000000008009da8        0xb ./Core/Src/Components/otm8009a/otm8009a.o
                0x0000000008009da8                lcdRegData18
 *fill*         0x0000000008009db3        0x1 
 .rodata.lcdRegData19
                0x0000000008009db4        0xb ./Core/Src/Components/otm8009a/otm8009a.o
                0x0000000008009db4                lcdRegData19
 *fill*         0x0000000008009dbf        0x1 
 .rodata.lcdRegData20
                0x0000000008009dc0       0x10 ./Core/Src/Components/otm8009a/otm8009a.o
                0x0000000008009dc0                lcdRegData20
 .rodata.lcdRegData21
                0x0000000008009dd0       0x10 ./Core/Src/Components/otm8009a/otm8009a.o
                0x0000000008009dd0                lcdRegData21
 .rodata.lcdRegData22
                0x0000000008009de0        0xb ./Core/Src/Components/otm8009a/otm8009a.o
                0x0000000008009de0                lcdRegData22
 *fill*         0x0000000008009deb        0x1 
 .rodata.lcdRegData23
                0x0000000008009dec       0x10 ./Core/Src/Components/otm8009a/otm8009a.o
                0x0000000008009dec                lcdRegData23
 .rodata.lcdRegData24
                0x0000000008009dfc       0x10 ./Core/Src/Components/otm8009a/otm8009a.o
                0x0000000008009dfc                lcdRegData24
 .rodata.lcdRegData25
                0x0000000008009e0c        0x4 ./Core/Src/Components/otm8009a/otm8009a.o
                0x0000000008009e0c                lcdRegData25
 .rodata.lcdRegData27
                0x0000000008009e10        0x5 ./Core/Src/Components/otm8009a/otm8009a.o
                0x0000000008009e10                lcdRegData27
 *fill*         0x0000000008009e15        0x3 
 .rodata.lcdRegData28
                0x0000000008009e18        0x5 ./Core/Src/Components/otm8009a/otm8009a.o
                0x0000000008009e18                lcdRegData28
 *fill*         0x0000000008009e1d        0x3 
 .rodata.ShortRegData1
                0x0000000008009e20        0x2 ./Core/Src/Components/otm8009a/otm8009a.o
                0x0000000008009e20                ShortRegData1
 *fill*         0x0000000008009e22        0x2 
 .rodata.ShortRegData2
                0x0000000008009e24        0x2 ./Core/Src/Components/otm8009a/otm8009a.o
                0x0000000008009e24                ShortRegData2
 *fill*         0x0000000008009e26        0x2 
 .rodata.ShortRegData3
                0x0000000008009e28        0x2 ./Core/Src/Components/otm8009a/otm8009a.o
                0x0000000008009e28                ShortRegData3
 *fill*         0x0000000008009e2a        0x2 
 .rodata.ShortRegData4
                0x0000000008009e2c        0x2 ./Core/Src/Components/otm8009a/otm8009a.o
                0x0000000008009e2c                ShortRegData4
 *fill*         0x0000000008009e2e        0x2 
 .rodata.ShortRegData5
                0x0000000008009e30        0x2 ./Core/Src/Components/otm8009a/otm8009a.o
                0x0000000008009e30                ShortRegData5
 *fill*         0x0000000008009e32        0x2 
 .rodata.ShortRegData6
                0x0000000008009e34        0x2 ./Core/Src/Components/otm8009a/otm8009a.o
                0x0000000008009e34                ShortRegData6
 *fill*         0x0000000008009e36        0x2 
 .rodata.ShortRegData7
                0x0000000008009e38        0x2 ./Core/Src/Components/otm8009a/otm8009a.o
                0x0000000008009e38                ShortRegData7
 *fill*         0x0000000008009e3a        0x2 
 .rodata.ShortRegData8
                0x0000000008009e3c        0x2 ./Core/Src/Components/otm8009a/otm8009a.o
                0x0000000008009e3c                ShortRegData8
 *fill*         0x0000000008009e3e        0x2 
 .rodata.ShortRegData9
                0x0000000008009e40        0x2 ./Core/Src/Components/otm8009a/otm8009a.o
                0x0000000008009e40                ShortRegData9
 *fill*         0x0000000008009e42        0x2 
 .rodata.ShortRegData10
                0x0000000008009e44        0x2 ./Core/Src/Components/otm8009a/otm8009a.o
                0x0000000008009e44                ShortRegData10
 *fill*         0x0000000008009e46        0x2 
 .rodata.ShortRegData11
                0x0000000008009e48        0x2 ./Core/Src/Components/otm8009a/otm8009a.o
                0x0000000008009e48                ShortRegData11
 *fill*         0x0000000008009e4a        0x2 
 .rodata.ShortRegData12
                0x0000000008009e4c        0x2 ./Core/Src/Components/otm8009a/otm8009a.o
                0x0000000008009e4c                ShortRegData12
 *fill*         0x0000000008009e4e        0x2 
 .rodata.ShortRegData13
                0x0000000008009e50        0x2 ./Core/Src/Components/otm8009a/otm8009a.o
                0x0000000008009e50                ShortRegData13
 *fill*         0x0000000008009e52        0x2 
 .rodata.ShortRegData14
                0x0000000008009e54        0x2 ./Core/Src/Components/otm8009a/otm8009a.o
                0x0000000008009e54                ShortRegData14
 *fill*         0x0000000008009e56        0x2 
 .rodata.ShortRegData15
                0x0000000008009e58        0x2 ./Core/Src/Components/otm8009a/otm8009a.o
                0x0000000008009e58                ShortRegData15
 *fill*         0x0000000008009e5a        0x2 
 .rodata.ShortRegData16
                0x0000000008009e5c        0x2 ./Core/Src/Components/otm8009a/otm8009a.o
                0x0000000008009e5c                ShortRegData16
 *fill*         0x0000000008009e5e        0x2 
 .rodata.ShortRegData17
                0x0000000008009e60        0x2 ./Core/Src/Components/otm8009a/otm8009a.o
                0x0000000008009e60                ShortRegData17
 *fill*         0x0000000008009e62        0x2 
 .rodata.ShortRegData18
                0x0000000008009e64        0x2 ./Core/Src/Components/otm8009a/otm8009a.o
                0x0000000008009e64                ShortRegData18
 *fill*         0x0000000008009e66        0x2 
 .rodata.ShortRegData19
                0x0000000008009e68        0x2 ./Core/Src/Components/otm8009a/otm8009a.o
                0x0000000008009e68                ShortRegData19
 *fill*         0x0000000008009e6a        0x2 
 .rodata.ShortRegData20
                0x0000000008009e6c        0x2 ./Core/Src/Components/otm8009a/otm8009a.o
                0x0000000008009e6c                ShortRegData20
 *fill*         0x0000000008009e6e        0x2 
 .rodata.ShortRegData21
                0x0000000008009e70        0x2 ./Core/Src/Components/otm8009a/otm8009a.o
                0x0000000008009e70                ShortRegData21
 *fill*         0x0000000008009e72        0x2 
 .rodata.ShortRegData22
                0x0000000008009e74        0x2 ./Core/Src/Components/otm8009a/otm8009a.o
                0x0000000008009e74                ShortRegData22
 *fill*         0x0000000008009e76        0x2 
 .rodata.ShortRegData23
                0x0000000008009e78        0x2 ./Core/Src/Components/otm8009a/otm8009a.o
                0x0000000008009e78                ShortRegData23
 *fill*         0x0000000008009e7a        0x2 
 .rodata.ShortRegData24
                0x0000000008009e7c        0x2 ./Core/Src/Components/otm8009a/otm8009a.o
                0x0000000008009e7c                ShortRegData24
 *fill*         0x0000000008009e7e        0x2 
 .rodata.ShortRegData25
                0x0000000008009e80        0x2 ./Core/Src/Components/otm8009a/otm8009a.o
                0x0000000008009e80                ShortRegData25
 *fill*         0x0000000008009e82        0x2 
 .rodata.ShortRegData26
                0x0000000008009e84        0x2 ./Core/Src/Components/otm8009a/otm8009a.o
                0x0000000008009e84                ShortRegData26
 *fill*         0x0000000008009e86        0x2 
 .rodata.ShortRegData27
                0x0000000008009e88        0x2 ./Core/Src/Components/otm8009a/otm8009a.o
                0x0000000008009e88                ShortRegData27
 *fill*         0x0000000008009e8a        0x2 
 .rodata.ShortRegData28
                0x0000000008009e8c        0x2 ./Core/Src/Components/otm8009a/otm8009a.o
                0x0000000008009e8c                ShortRegData28
 *fill*         0x0000000008009e8e        0x2 
 .rodata.ShortRegData29
                0x0000000008009e90        0x2 ./Core/Src/Components/otm8009a/otm8009a.o
                0x0000000008009e90                ShortRegData29
 *fill*         0x0000000008009e92        0x2 
 .rodata.ShortRegData30
                0x0000000008009e94        0x2 ./Core/Src/Components/otm8009a/otm8009a.o
                0x0000000008009e94                ShortRegData30
 *fill*         0x0000000008009e96        0x2 
 .rodata.ShortRegData31
                0x0000000008009e98        0x2 ./Core/Src/Components/otm8009a/otm8009a.o
                0x0000000008009e98                ShortRegData31
 *fill*         0x0000000008009e9a        0x2 
 .rodata.ShortRegData32
                0x0000000008009e9c        0x2 ./Core/Src/Components/otm8009a/otm8009a.o
                0x0000000008009e9c                ShortRegData32
 *fill*         0x0000000008009e9e        0x2 
 .rodata.ShortRegData33
                0x0000000008009ea0        0x2 ./Core/Src/Components/otm8009a/otm8009a.o
                0x0000000008009ea0                ShortRegData33
 *fill*         0x0000000008009ea2        0x2 
 .rodata.ShortRegData34
                0x0000000008009ea4        0x2 ./Core/Src/Components/otm8009a/otm8009a.o
                0x0000000008009ea4                ShortRegData34
 *fill*         0x0000000008009ea6        0x2 
 .rodata.ShortRegData35
                0x0000000008009ea8        0x2 ./Core/Src/Components/otm8009a/otm8009a.o
                0x0000000008009ea8                ShortRegData35
 *fill*         0x0000000008009eaa        0x2 
 .rodata.ShortRegData36
                0x0000000008009eac        0x2 ./Core/Src/Components/otm8009a/otm8009a.o
                0x0000000008009eac                ShortRegData36
 *fill*         0x0000000008009eae        0x2 
 .rodata.ShortRegData37
                0x0000000008009eb0        0x2 ./Core/Src/Components/otm8009a/otm8009a.o
                0x0000000008009eb0                ShortRegData37
 *fill*         0x0000000008009eb2        0x2 
 .rodata.ShortRegData38
                0x0000000008009eb4        0x2 ./Core/Src/Components/otm8009a/otm8009a.o
                0x0000000008009eb4                ShortRegData38
 *fill*         0x0000000008009eb6        0x2 
 .rodata.ShortRegData39
                0x0000000008009eb8        0x2 ./Core/Src/Components/otm8009a/otm8009a.o
                0x0000000008009eb8                ShortRegData39
 *fill*         0x0000000008009eba        0x2 
 .rodata.ShortRegData40
                0x0000000008009ebc        0x2 ./Core/Src/Components/otm8009a/otm8009a.o
                0x0000000008009ebc                ShortRegData40
 *fill*         0x0000000008009ebe        0x2 
 .rodata.ShortRegData41
                0x0000000008009ec0        0x2 ./Core/Src/Components/otm8009a/otm8009a.o
                0x0000000008009ec0                ShortRegData41
 *fill*         0x0000000008009ec2        0x2 
 .rodata.ShortRegData42
                0x0000000008009ec4        0x2 ./Core/Src/Components/otm8009a/otm8009a.o
                0x0000000008009ec4                ShortRegData42
 *fill*         0x0000000008009ec6        0x2 
 .rodata.ShortRegData43
                0x0000000008009ec8        0x2 ./Core/Src/Components/otm8009a/otm8009a.o
                0x0000000008009ec8                ShortRegData43
 *fill*         0x0000000008009eca        0x2 
 .rodata.ShortRegData44
                0x0000000008009ecc        0x2 ./Core/Src/Components/otm8009a/otm8009a.o
                0x0000000008009ecc                ShortRegData44
 *fill*         0x0000000008009ece        0x2 
 .rodata.ShortRegData45
                0x0000000008009ed0        0x2 ./Core/Src/Components/otm8009a/otm8009a.o
                0x0000000008009ed0                ShortRegData45
 *fill*         0x0000000008009ed2        0x2 
 .rodata.ShortRegData46
                0x0000000008009ed4        0x2 ./Core/Src/Components/otm8009a/otm8009a.o
                0x0000000008009ed4                ShortRegData46
 *fill*         0x0000000008009ed6        0x2 
 .rodata.ShortRegData47
                0x0000000008009ed8        0x2 ./Core/Src/Components/otm8009a/otm8009a.o
                0x0000000008009ed8                ShortRegData47
 *fill*         0x0000000008009eda        0x2 
 .rodata.ShortRegData48
                0x0000000008009edc        0x2 ./Core/Src/Components/otm8009a/otm8009a.o
                0x0000000008009edc                ShortRegData48
 *fill*         0x0000000008009ede        0x2 
 .rodata.ShortRegData49
                0x0000000008009ee0        0x2 ./Core/Src/Components/otm8009a/otm8009a.o
                0x0000000008009ee0                ShortRegData49
 *fill*         0x0000000008009ee2        0x2 
 .rodata.ShortRegData50
                0x0000000008009ee4        0x2 ./Core/Src/Components/otm8009a/otm8009a.o
                0x0000000008009ee4                ShortRegData50
 *fill*         0x0000000008009ee6        0x2 
 .rodata.ShortRegData51
                0x0000000008009ee8        0x2 ./Core/Src/Components/otm8009a/otm8009a.o
                0x0000000008009ee8                ShortRegData51
 *fill*         0x0000000008009eea        0x2 
 .rodata.Font24_Table
                0x0000000008009eec     0x1ab8 ./Core/Src/Fonts/font24.o
                0x0000000008009eec                Font24_Table
 .rodata.defaultTask_attributes
                0x000000000800b9a4       0x24 ./Core/Src/freertos.o
                0x000000000800b9a4                defaultTask_attributes
 .rodata.AHBPrescTable
                0x000000000800b9c8       0x10 ./Core/Src/system_stm32f7xx.o
                0x000000000800b9c8                AHBPrescTable
 .rodata.APBPrescTable
                0x000000000800b9d8        0x8 ./Core/Src/system_stm32f7xx.o
                0x000000000800b9d8                APBPrescTable
                0x000000000800b9e0                . = ALIGN (0x4)

.ARM.extab      0x000000000800b9e0        0x0
                0x000000000800b9e0                . = ALIGN (0x4)
 *(.ARM.extab* .gnu.linkonce.armextab.*)
                0x000000000800b9e0                . = ALIGN (0x4)

.ARM            0x000000000800b9e0        0x8
                0x000000000800b9e0                . = ALIGN (0x4)
                0x000000000800b9e0                __exidx_start = .
 *(.ARM.exidx*)
 .ARM.exidx     0x000000000800b9e0        0x8 /Applications/STM32CubeIDE.app/Contents/Eclipse/plugins/com.st.stm32cube.ide.mcu.externaltools.gnu-tools-for-stm32.11.3.rel1.macos64_1.1.1.202309131626/tools/bin/../lib/gcc/arm-none-eabi/11.3.1/thumb/v7e-m+dp/hard/libgcc.a(_udivmoddi4.o)
                0x000000000800b9e8                __exidx_end = .
                0x000000000800b9e8                . = ALIGN (0x4)

.rel.dyn        0x000000000800b9e8        0x0
 .rel.iplt      0x000000000800b9e8        0x0 /Applications/STM32CubeIDE.app/Contents/Eclipse/plugins/com.st.stm32cube.ide.mcu.externaltools.gnu-tools-for-stm32.11.3.rel1.macos64_1.1.1.202309131626/tools/bin/../lib/gcc/arm-none-eabi/11.3.1/thumb/v7e-m+dp/hard/crtbegin.o

.preinit_array  0x000000000800b9e8        0x0
                0x000000000800b9e8                . = ALIGN (0x4)
                0x000000000800b9e8                PROVIDE (__preinit_array_start = .)
 *(.preinit_array*)
                0x000000000800b9e8                PROVIDE (__preinit_array_end = .)
                0x000000000800b9e8                . = ALIGN (0x4)

.init_array     0x000000000800b9e8        0x4
                0x000000000800b9e8                . = ALIGN (0x4)
                0x000000000800b9e8                PROVIDE (__init_array_start = .)
 *(SORT_BY_NAME(.init_array.*))
 *(.init_array*)
 .init_array    0x000000000800b9e8        0x4 /Applications/STM32CubeIDE.app/Contents/Eclipse/plugins/com.st.stm32cube.ide.mcu.externaltools.gnu-tools-for-stm32.11.3.rel1.macos64_1.1.1.202309131626/tools/bin/../lib/gcc/arm-none-eabi/11.3.1/thumb/v7e-m+dp/hard/crtbegin.o
                0x000000000800b9ec                PROVIDE (__init_array_end = .)
                0x000000000800b9ec                . = ALIGN (0x4)

.fini_array     0x000000000800b9ec        0x4
                0x000000000800b9ec                . = ALIGN (0x4)
                [!provide]                        PROVIDE (__fini_array_start = .)
 *(SORT_BY_NAME(.fini_array.*))
 *(.fini_array*)
 .fini_array    0x000000000800b9ec        0x4 /Applications/STM32CubeIDE.app/Contents/Eclipse/plugins/com.st.stm32cube.ide.mcu.externaltools.gnu-tools-for-stm32.11.3.rel1.macos64_1.1.1.202309131626/tools/bin/../lib/gcc/arm-none-eabi/11.3.1/thumb/v7e-m+dp/hard/crtbegin.o
                [!provide]                        PROVIDE (__fini_array_end = .)
                0x000000000800b9f0                . = ALIGN (0x4)
                0x000000000800b9f0                _sidata = LOADADDR (.data)

.data           0x0000000020000000       0x70 load address 0x000000000800b9f0
                0x0000000020000000                . = ALIGN (0x4)
                0x0000000020000000                _sdata = .
 *(.data)
 *(.data*)
 .data.lcd_x_size
                0x0000000020000000        0x4 ./Core/Src/BSP/stm32f769i_discovery_lcd.o
                0x0000000020000000                lcd_x_size
 .data.lcd_y_size
                0x0000000020000004        0x4 ./Core/Src/BSP/stm32f769i_discovery_lcd.o
                0x0000000020000004                lcd_y_size
 .data.Font24   0x0000000020000008        0x8 ./Core/Src/Fonts/font24.o
                0x0000000020000008                Font24
 .data.SystemCoreClock
                0x0000000020000010        0x4 ./Core/Src/system_stm32f7xx.o
                0x0000000020000010                SystemCoreClock
 .data.uwTickPrio
                0x0000000020000014        0x4 ./Drivers/STM32F7xx_HAL_Driver/Src/stm32f7xx_hal.o
                0x0000000020000014                uwTickPrio
 .data.uwTickFreq
                0x0000000020000018        0x1 ./Drivers/STM32F7xx_HAL_Driver/Src/stm32f7xx_hal.o
                0x0000000020000018                uwTickFreq
 *fill*         0x0000000020000019        0x3 
 .data.uxCriticalNesting
                0x000000002000001c        0x4 ./Middlewares/Third_Party/FreeRTOS/Source/portable/GCC/ARM_CM7/r0p1/port.o
 .data._impure_data
                0x0000000020000020       0x4c /Applications/STM32CubeIDE.app/Contents/Eclipse/plugins/com.st.stm32cube.ide.mcu.externaltools.gnu-tools-for-stm32.11.3.rel1.macos64_1.1.1.202309131626/tools/bin/../lib/gcc/arm-none-eabi/11.3.1/../../../../arm-none-eabi/lib/thumb/v7e-m+dp/hard/libc_nano.a(libc_a-impure.o)
                0x0000000020000020                _impure_data
 .data._impure_ptr
                0x000000002000006c        0x4 /Applications/STM32CubeIDE.app/Contents/Eclipse/plugins/com.st.stm32cube.ide.mcu.externaltools.gnu-tools-for-stm32.11.3.rel1.macos64_1.1.1.202309131626/tools/bin/../lib/gcc/arm-none-eabi/11.3.1/../../../../arm-none-eabi/lib/thumb/v7e-m+dp/hard/libc_nano.a(libc_a-impure.o)
                0x000000002000006c                _impure_ptr
 *(.RamFunc)
 *(.RamFunc*)
                0x0000000020000070                . = ALIGN (0x4)
                0x0000000020000070                _edata = .

.igot.plt       0x0000000020000070        0x0 load address 0x000000000800ba60
 .igot.plt      0x0000000020000070        0x0 /Applications/STM32CubeIDE.app/Contents/Eclipse/plugins/com.st.stm32cube.ide.mcu.externaltools.gnu-tools-for-stm32.11.3.rel1.macos64_1.1.1.202309131626/tools/bin/../lib/gcc/arm-none-eabi/11.3.1/thumb/v7e-m+dp/hard/crtbegin.o
                0x0000000020000070                . = ALIGN (0x4)

.bss            0x0000000020000070     0x4fd0 load address 0x000000000800ba60
                0x0000000020000070                _sbss = .
                0x0000000020000070                __bss_start__ = _sbss
 *(.bss)
 .bss           0x0000000020000070       0x1c /Applications/STM32CubeIDE.app/Contents/Eclipse/plugins/com.st.stm32cube.ide.mcu.externaltools.gnu-tools-for-stm32.11.3.rel1.macos64_1.1.1.202309131626/tools/bin/../lib/gcc/arm-none-eabi/11.3.1/thumb/v7e-m+dp/hard/crtbegin.o
 *(.bss*)
 .bss.hdsivideo_handle
                0x000000002000008c       0x6c ./Core/Src/BSP/stm32f769i_discovery_lcd.o
 .bss.hdma2d_discovery
                0x00000000200000f8       0x58 ./Core/Src/BSP/stm32f769i_discovery_lcd.o
                0x00000000200000f8                hdma2d_discovery
 .bss.hltdc_discovery
                0x0000000020000150       0xa8 ./Core/Src/BSP/stm32f769i_discovery_lcd.o
                0x0000000020000150                hltdc_discovery
 .bss.hdsi_discovery
                0x00000000200001f8       0x1c ./Core/Src/BSP/stm32f769i_discovery_lcd.o
                0x00000000200001f8                hdsi_discovery
 .bss.ActiveLayer
                0x0000000020000214        0x4 ./Core/Src/BSP/stm32f769i_discovery_lcd.o
 .bss.DrawProp  0x0000000020000218       0x18 ./Core/Src/BSP/stm32f769i_discovery_lcd.o
 .bss.PeriphClkInitStruct.0
                0x0000000020000230       0x90 ./Core/Src/BSP/stm32f769i_discovery_lcd.o
 .bss.hdma2d    0x00000000200002c0       0x58 ./Core/Src/dma2d.o
                0x00000000200002c0                hdma2d
 .bss.hdsi      0x0000000020000318       0x1c ./Core/Src/dsihost.o
                0x0000000020000318                hdsi
 .bss.hsdram1   0x0000000020000334       0x34 ./Core/Src/fmc.o
                0x0000000020000334                hsdram1
 .bss.FMC_Initialized
                0x0000000020000368        0x4 ./Core/Src/fmc.o
 .bss.defaultTaskHandle
                0x000000002000036c        0x4 ./Core/Src/freertos.o
                0x000000002000036c                defaultTaskHandle
 .bss.hi2c4     0x0000000020000370       0x54 ./Core/Src/i2c.o
                0x0000000020000370                hi2c4
 .bss.hltdc     0x00000000200003c4       0xa8 ./Core/Src/ltdc.o
                0x00000000200003c4                hltdc
 .bss.Command   0x000000002000046c       0x10 ./Core/Src/main.o
 .bss.task_draw_handle
                0x000000002000047c        0x4 ./Core/Src/main_user.o
 .bss.lcd_mut   0x0000000020000480        0x4 ./Core/Src/main_user.o
 .bss.htim6     0x0000000020000484       0x4c ./Core/Src/stm32f7xx_hal_timebase_tim.o
                0x0000000020000484                htim6
 .bss.htim3     0x00000000200004d0       0x4c ./Core/Src/tim.o
                0x00000000200004d0                htim3
 .bss.uwTick    0x000000002000051c        0x4 ./Drivers/STM32F7xx_HAL_Driver/Src/stm32f7xx_hal.o
                0x000000002000051c                uwTick
 .bss.KernelState
                0x0000000020000520        0x4 ./Middlewares/Third_Party/FreeRTOS/Source/CMSIS_RTOS_V2/cmsis_os2.o
 .bss.Idle_TCB  0x0000000020000524       0xa8 ./Middlewares/Third_Party/FreeRTOS/Source/CMSIS_RTOS_V2/cmsis_os2.o
 .bss.Idle_Stack
                0x00000000200005cc      0x200 ./Middlewares/Third_Party/FreeRTOS/Source/CMSIS_RTOS_V2/cmsis_os2.o
 .bss.Timer_TCB
                0x00000000200007cc       0xa8 ./Middlewares/Third_Party/FreeRTOS/Source/CMSIS_RTOS_V2/cmsis_os2.o
 .bss.Timer_Stack
                0x0000000020000874      0x400 ./Middlewares/Third_Party/FreeRTOS/Source/CMSIS_RTOS_V2/cmsis_os2.o
 .bss.xQueueRegistry
                0x0000000020000c74       0x40 ./Middlewares/Third_Party/FreeRTOS/Source/queue.o
                0x0000000020000c74                xQueueRegistry
 .bss.pxCurrentTCB
                0x0000000020000cb4        0x4 ./Middlewares/Third_Party/FreeRTOS/Source/tasks.o
                0x0000000020000cb4                pxCurrentTCB
 .bss.pxReadyTasksLists
                0x0000000020000cb8      0x460 ./Middlewares/Third_Party/FreeRTOS/Source/tasks.o
 .bss.xDelayedTaskList1
                0x0000000020001118       0x14 ./Middlewares/Third_Party/FreeRTOS/Source/tasks.o
 .bss.xDelayedTaskList2
                0x000000002000112c       0x14 ./Middlewares/Third_Party/FreeRTOS/Source/tasks.o
 .bss.pxDelayedTaskList
                0x0000000020001140        0x4 ./Middlewares/Third_Party/FreeRTOS/Source/tasks.o
 .bss.pxOverflowDelayedTaskList
                0x0000000020001144        0x4 ./Middlewares/Third_Party/FreeRTOS/Source/tasks.o
 .bss.xPendingReadyList
                0x0000000020001148       0x14 ./Middlewares/Third_Party/FreeRTOS/Source/tasks.o
 .bss.xTasksWaitingTermination
                0x000000002000115c       0x14 ./Middlewares/Third_Party/FreeRTOS/Source/tasks.o
 .bss.uxDeletedTasksWaitingCleanUp
                0x0000000020001170        0x4 ./Middlewares/Third_Party/FreeRTOS/Source/tasks.o
 .bss.xSuspendedTaskList
                0x0000000020001174       0x14 ./Middlewares/Third_Party/FreeRTOS/Source/tasks.o
 .bss.uxCurrentNumberOfTasks
                0x0000000020001188        0x4 ./Middlewares/Third_Party/FreeRTOS/Source/tasks.o
 .bss.xTickCount
                0x000000002000118c        0x4 ./Middlewares/Third_Party/FreeRTOS/Source/tasks.o
 .bss.uxTopReadyPriority
                0x0000000020001190        0x4 ./Middlewares/Third_Party/FreeRTOS/Source/tasks.o
 .bss.xSchedulerRunning
                0x0000000020001194        0x4 ./Middlewares/Third_Party/FreeRTOS/Source/tasks.o
 .bss.uxPendedTicks
                0x0000000020001198        0x4 ./Middlewares/Third_Party/FreeRTOS/Source/tasks.o
 .bss.xYieldPending
                0x000000002000119c        0x4 ./Middlewares/Third_Party/FreeRTOS/Source/tasks.o
 .bss.xNumOfOverflows
                0x00000000200011a0        0x4 ./Middlewares/Third_Party/FreeRTOS/Source/tasks.o
 .bss.uxTaskNumber
                0x00000000200011a4        0x4 ./Middlewares/Third_Party/FreeRTOS/Source/tasks.o
 .bss.xNextTaskUnblockTime
                0x00000000200011a8        0x4 ./Middlewares/Third_Party/FreeRTOS/Source/tasks.o
 .bss.xIdleTaskHandle
                0x00000000200011ac        0x4 ./Middlewares/Third_Party/FreeRTOS/Source/tasks.o
 .bss.uxSchedulerSuspended
                0x00000000200011b0        0x4 ./Middlewares/Third_Party/FreeRTOS/Source/tasks.o
 .bss.xActiveTimerList1
                0x00000000200011b4       0x14 ./Middlewares/Third_Party/FreeRTOS/Source/timers.o
 .bss.xActiveTimerList2
                0x00000000200011c8       0x14 ./Middlewares/Third_Party/FreeRTOS/Source/timers.o
 .bss.pxCurrentTimerList
                0x00000000200011dc        0x4 ./Middlewares/Third_Party/FreeRTOS/Source/timers.o
 .bss.pxOverflowTimerList
                0x00000000200011e0        0x4 ./Middlewares/Third_Party/FreeRTOS/Source/timers.o
 .bss.xTimerQueue
                0x00000000200011e4        0x4 ./Middlewares/Third_Party/FreeRTOS/Source/timers.o
 .bss.xTimerTaskHandle
                0x00000000200011e8        0x4 ./Middlewares/Third_Party/FreeRTOS/Source/timers.o
 .bss.xLastTime.2
                0x00000000200011ec        0x4 ./Middlewares/Third_Party/FreeRTOS/Source/timers.o
 .bss.ucStaticTimerQueueStorage.1
                0x00000000200011f0       0xa0 ./Middlewares/Third_Party/FreeRTOS/Source/timers.o
 .bss.xStaticTimerQueue.0
                0x0000000020001290       0x50 ./Middlewares/Third_Party/FreeRTOS/Source/timers.o
 .bss.ucMaxSysCallPriority
                0x00000000200012e0        0x1 ./Middlewares/Third_Party/FreeRTOS/Source/portable/GCC/ARM_CM7/r0p1/port.o
 *fill*         0x00000000200012e1        0x3 
 .bss.ulMaxPRIGROUPValue
                0x00000000200012e4        0x4 ./Middlewares/Third_Party/FreeRTOS/Source/portable/GCC/ARM_CM7/r0p1/port.o
 .bss.ucHeap    0x00000000200012e8     0x3c00 ./Middlewares/Third_Party/FreeRTOS/Source/portable/MemMang/heap_4.o
 .bss.xStart    0x0000000020004ee8        0x8 ./Middlewares/Third_Party/FreeRTOS/Source/portable/MemMang/heap_4.o
 .bss.pxEnd     0x0000000020004ef0        0x4 ./Middlewares/Third_Party/FreeRTOS/Source/portable/MemMang/heap_4.o
 .bss.xFreeBytesRemaining
                0x0000000020004ef4        0x4 ./Middlewares/Third_Party/FreeRTOS/Source/portable/MemMang/heap_4.o
 .bss.xMinimumEverFreeBytesRemaining
                0x0000000020004ef8        0x4 ./Middlewares/Third_Party/FreeRTOS/Source/portable/MemMang/heap_4.o
 .bss.xBlockAllocatedBit
                0x0000000020004efc        0x4 ./Middlewares/Third_Party/FreeRTOS/Source/portable/MemMang/heap_4.o
 .bss.__sf      0x0000000020004f00      0x138 /Applications/STM32CubeIDE.app/Contents/Eclipse/plugins/com.st.stm32cube.ide.mcu.externaltools.gnu-tools-for-stm32.11.3.rel1.macos64_1.1.1.202309131626/tools/bin/../lib/gcc/arm-none-eabi/11.3.1/../../../../arm-none-eabi/lib/thumb/v7e-m+dp/hard/libc_nano.a(libc_a-findfp.o)
                0x0000000020004f00                __sf
 .bss.__lock___malloc_recursive_mutex
                0x0000000020005038        0x1 /Applications/STM32CubeIDE.app/Contents/Eclipse/plugins/com.st.stm32cube.ide.mcu.externaltools.gnu-tools-for-stm32.11.3.rel1.macos64_1.1.1.202309131626/tools/bin/../lib/gcc/arm-none-eabi/11.3.1/../../../../arm-none-eabi/lib/thumb/v7e-m+dp/hard/libc_nano.a(libc_a-lock.o)
                0x0000000020005038                __lock___malloc_recursive_mutex
 *fill*         0x0000000020005039        0x3 
 .bss.__malloc_free_list
                0x000000002000503c        0x4 /Applications/STM32CubeIDE.app/Contents/Eclipse/plugins/com.st.stm32cube.ide.mcu.externaltools.gnu-tools-for-stm32.11.3.rel1.macos64_1.1.1.202309131626/tools/bin/../lib/gcc/arm-none-eabi/11.3.1/../../../../arm-none-eabi/lib/thumb/v7e-m+dp/hard/libc_nano.a(libc_a-mallocr.o)
                0x000000002000503c                __malloc_free_list
 *(COMMON)
                0x0000000020005040                . = ALIGN (0x4)
                0x0000000020005040                _ebss = .
                0x0000000020005040                __bss_end__ = _ebss

._user_heap_stack
                0x0000000020005040      0x600 load address 0x000000000800ba60
                0x0000000020005040                . = ALIGN (0x8)
                [!provide]                        PROVIDE (end = .)
                0x0000000020005040                PROVIDE (_end = .)
                0x0000000020005240                . = (. + _Min_Heap_Size)
 *fill*         0x0000000020005040      0x200 
                0x0000000020005640                . = (. + _Min_Stack_Size)
 *fill*         0x0000000020005240      0x400 
                0x0000000020005640                . = ALIGN (0x8)

/DISCARD/
 libc.a(*)
 libm.a(*)
 libgcc.a(*)

.ARM.attributes
                0x0000000000000000       0x2e
 *(.ARM.attributes)
 .ARM.attributes
                0x0000000000000000       0x1e /Applications/STM32CubeIDE.app/Contents/Eclipse/plugins/com.st.stm32cube.ide.mcu.externaltools.gnu-tools-for-stm32.11.3.rel1.macos64_1.1.1.202309131626/tools/bin/../lib/gcc/arm-none-eabi/11.3.1/thumb/v7e-m+dp/hard/crti.o
 .ARM.attributes