../Drivers/CMSIS/Include/core_cm7.h:2229:22:SCB_EnableICache	4	static,ignoring_inline_asm
../Drivers/CMSIS/Include/core_cm7.h:2281:22:SCB_EnableDCache	24	static,ignoring_inline_asm
../Core/Src/main.c:67:6:xSystemClock_Config	96	static
../Core/Src/main.c:124:5:main	8	static
../Core/Src/main.c:206:6:SystemClock_Config	88	static
../Core/Src/main.c:260:6:BSP_SDRAM_Initialization_sequence	24	static
../Core/Src/main.c:328:13:I2Cx_Init	16	static
../Core/Src/main.c:360:26:I2Cx_ReadMultiple	48	static
../Core/Src/main.c:386:26:I2Cx_WriteMultiple	48	static
../Core/Src/main.c:409:26:I2Cx_IsDeviceReady	24	static
../Core/Src/main.c:421:13:I2Cx_Error	16	static
../Core/Src/main.c:440:6:HAL_TIM_PeriodElapsedCallback	16	static
../Core/Src/main.c:457:6:Error_Handler	4	static,ignoring_inline_asm
