../Core/Src/main_user.c:59:6:freeRTOS_user_init	24	static
../Core/Src/main_user.c:92:6:task_readJoystick_fct	24	static
../Core/Src/main_user.c:115:6:move_and_compute_new_grid	64	static
../Core/Src/main_user.c:192:6:computeInitialGrid	16	static
../Core/Src/main_user.c:203:5:getRandomInt	16	static
../Core/Src/main_user.c:208:6:task_draw_fct	40	static
../Core/Src/main_user.c:254:6:draw_filled_square	24	static
../Core/Src/main_user.c:259:6:displayWelcomeMessage	8	static
../Core/Src/main_user.c:269:6:displayGameEndMessage	8	static
