../Core/Src/main_user.c:59:6:freeRTOS_user_init	24	static
../Core/Src/main_user.c:92:6:task_readJoystick_fct	24	static
../Core/Src/main_user.c:116:6:move_and_compute_new_grid	48	static
../Core/Src/main_user.c:277:6:computeInitialGrid	32	static
../Core/Src/main_user.c:299:5:getRandomInt	16	static
../Core/Src/main_user.c:304:6:task_draw_fct	48	static
../Core/Src/main_user.c:361:6:draw_filled_square	24	static
../Core/Src/main_user.c:366:6:displayWelcomeMessage	8	static
../Core/Src/main_user.c:376:6:displayGameEndMessage	48	static
