../Drivers/CMSIS/Include/core_cm7.h:2229:22:SCB_EnableICache	4	static,ignoring_inline_asm
../Drivers/CMSIS/Include/core_cm7.h:2281:22:SCB_EnableDCache	24	static,ignoring_inline_asm
../Core/Src/main.c:68:6:xSystemClock_Config	96	static
../Core/Src/main.c:125:5:main	8	static
../Core/Src/main.c:210:6:SystemClock_Config	88	static
../Core/Src/main.c:264:6:BSP_SDRAM_Initialization_sequence	24	static
../Core/Src/main.c:332:13:I2Cx_Init	16	static
../Core/Src/main.c:364:26:I2Cx_ReadMultiple	48	static
../Core/Src/main.c:390:26:I2Cx_WriteMultiple	48	static
../Core/Src/main.c:413:26:I2Cx_IsDeviceReady	24	static
../Core/Src/main.c:425:13:I2Cx_Error	16	static
../Core/Src/main.c:444:6:HAL_TIM_PeriodElapsedCallback	16	static
../Core/Src/main.c:461:6:Error_Handler	4	static,ignoring_inline_asm
